C:\dev\ros2_lyrical\Lib\site-packages\launch\logging\__init__.py:172: UserWarning: Cannot create a symlink to latest log directory: [WinError 1314] Il privilegio richiesto non appartiene al client: 'C:\\Users\\Andrea\\.ros\\log\\2026-08-11-17-05-15-784701-DESKTOP-CNGN003-10592' -> 'C:\\Users\\Andrea\\.ros\\log\\latest'

  warnings.warn(
[INFO] [launch]: All log files can be found below C:\Users\Andrea\.ros\log\2026-08-11-17-05-15-784701-DESKTOP-CNGN003-10592
[INFO] [launch]: Default logging verbosity is set to INFO
[INFO] [holoocean_bridge_node.EXE-1]: process started with pid [18948]
[INFO] [oracle_dropout_relay_node.EXE-2]: process started with pid [16484]
[INFO] [temporal_estimator_node.EXE-3]: process started with pid [26900]
[INFO] [commanded_odometry_node.EXE-4]: process started with pid [18660]
[INFO] [nominal_cmd_publisher_node.EXE-5]: process started with pid [19968]
[INFO] [local_avoidance_planner_node.EXE-6]: process started with pid [7376]
[INFO] [baseline0_validator_node.EXE-7]: process started with pid [32468]
[ERROR] [oracle_dropout_relay_node.EXE-2]: process has died [pid 16484, exit code 1, cmd 'C:\Users\Andrea\Desktop\HoloObstacleAvoidance\install\lib\rov_obstacle_sim_bridge\oracle_dropout_relay_node.EXE --ros-args -r __node:=oracle_dropout_relay --params-file C:\Users\Andrea\AppData\Local\Temp\launch_params_gmdgd2ap'].
[ERROR] [holoocean_bridge_node.EXE-1]: process has died [pid 18948, exit code 1, cmd 'C:\Users\Andrea\Desktop\HoloObstacleAvoidance\install\lib\rov_obstacle_sim_bridge\holoocean_bridge_node.EXE --ros-args -r __node:=holoocean_bridge --params-file C:\Users\Andrea\Desktop\HoloObstacleAvoidance\install\share\rov_obstacle_sim_bridge\config\holoocean_bridge.yaml --params-file C:\Users\Andrea\AppData\Local\Temp\launch_params_faffzqxe'].
[oracle_dropout_relay_node.EXE-2] [INFO] [1786460717.540046600] [oracle_dropout_relay]: oracle relay: dropout_enabled=False (trigger 'AVOIDING*' +3.0s for 2.0s)

[holoocean_bridge_node.EXE-1] [INFO] [1786460717.772380800] [holoocean_bridge]: HoloOcean bridge: will connect to sim server 127.0.0.1:47654. /perception/obstacles_oracle is SIMULATION-ONLY ground truth.

[ERROR] [commanded_odometry_node.EXE-4]: process has died [pid 18660, exit code 1, cmd 'C:\Users\Andrea\Desktop\HoloObstacleAvoidance\install\lib\rov_obstacle_sim_bridge\commanded_odometry_node.EXE --ros-args -r __node:=commanded_odometry'].
[ERROR] [temporal_estimator_node.EXE-3]: process has died [pid 26900, exit code 1, cmd 'C:\Users\Andrea\Desktop\HoloObstacleAvoidance\install\lib\rov_obstacle_tracking\temporal_estimator_node.EXE --ros-args -r __node:=temporal_estimator --params-file C:\Users\Andrea\AppData\Local\Temp\launch_params_tjvkzsq5'].
[commanded_odometry_node.EXE-4] [INFO] [1786460717.377222200] [commanded_odometry]: commanded odometry (no-DVL transferable dead reckoning): inputs ['/planner/cmd_vel_safe', '/rov/attitude_measured', '/rov/depth'] -> /rov/odom_estimated

[temporal_estimator_node.EXE-3] [INFO] [1786460717.057137800] [temporal_estimator]: temporal estimator method=t2_fixed_kf /perception/obstacles_raw -> /perception/obstacles

[ERROR] [nominal_cmd_publisher_node.EXE-5]: process has died [pid 19968, exit code 1, cmd 'C:\Users\Andrea\Desktop\HoloObstacleAvoidance\install\lib\rov_obstacle_bringup\nominal_cmd_publisher_node.EXE --ros-args -r __node:=nominal_cmd_publisher --params-file C:\Users\Andrea\Desktop\HoloObstacleAvoidance\install\share\rov_obstacle_bringup\config\demo.yaml'].
[nominal_cmd_publisher_node.EXE-5] [INFO] [1786460717.545251300] [nominal_cmd_publisher]: Nominal command publisher sending /cmd_vel_nominal.

