C:\dev\ros2_lyrical\Lib\site-packages\launch\logging\__init__.py:172: UserWarning: Cannot create a symlink to latest log directory: [WinError 1314] Il privilegio richiesto non appartiene al client: 'C:\\Users\\Andrea\\.ros\\log\\2026-08-16-21-48-20-239957-DESKTOP-CNGN003-11056' -> 'C:\\Users\\Andrea\\.ros\\log\\latest'

  warnings.warn(
[INFO] [launch]: All log files can be found below C:\Users\Andrea\.ros\log\2026-08-16-21-48-20-239957-DESKTOP-CNGN003-11056
[INFO] [launch]: Default logging verbosity is set to INFO
[INFO] [holoocean_bridge_node.EXE-1]: process started with pid [27344]
[INFO] [oracle_dropout_relay_node.EXE-2]: process started with pid [13356]
[INFO] [calibrated_observation_relay_node.EXE-3]: process started with pid [10908]
[INFO] [actuation_model_node.EXE-4]: process started with pid [4400]
[INFO] [temporal_estimator_node.EXE-5]: process started with pid [19920]
[INFO] [commanded_odometry_node.EXE-6]: process started with pid [31144]
[INFO] [nominal_cmd_publisher_node.EXE-7]: process started with pid [22784]
[INFO] [local_avoidance_planner_node.EXE-8]: process started with pid [20588]
[INFO] [baseline0_validator_node.EXE-9]: process started with pid [31140]
[ERROR] [baseline0_validator_node.EXE-9]: process has died [pid 31140, exit code 1, cmd 'C:\Users\Andrea\Desktop\HoloObstacleAvoidance\install\lib\rov_obstacle_sim_bridge\baseline0_validator_node.EXE --ros-args -r __node:=baseline0_validator --params-file C:\Users\Andrea\AppData\Local\Temp\launch_params_cvceoaak'].
[baseline0_validator_node.EXE-9] [INFO] [1786909705.126922400] [baseline0_validator]: baseline0 validator -> C:\Users\Andrea\Desktop\HoloObstacleAvoidance\experiments\simulation\diagnostic\ablation_A5_vfov\runs\K0_committed_5\validation.json

[ERROR] [oracle_dropout_relay_node.EXE-2]: process has died [pid 13356, exit code 1, cmd 'C:\Users\Andrea\Desktop\HoloObstacleAvoidance\install\lib\rov_obstacle_sim_bridge\oracle_dropout_relay_node.EXE --ros-args -r __node:=oracle_dropout_relay --params-file C:\Users\Andrea\AppData\Local\Temp\launch_params_0mp0xmmh'].
[ERROR] [holoocean_bridge_node.EXE-1]: process has died [pid 27344, exit code 1, cmd 'C:\Users\Andrea\Desktop\HoloObstacleAvoidance\install\lib\rov_obstacle_sim_bridge\holoocean_bridge_node.EXE --ros-args -r __node:=holoocean_bridge --params-file C:\Users\Andrea\Desktop\HoloObstacleAvoidance\install\share\rov_obstacle_sim_bridge\config\holoocean_bridge.yaml --params-file C:\Users\Andrea\AppData\Local\Temp\launch_params_skkg8nwa'].
[oracle_dropout_relay_node.EXE-2] [INFO] [1786909703.262234200] [oracle_dropout_relay]: oracle relay: dropout_enabled=False (trigger 'AVOIDING*' +3.0s for 2.0s)

[holoocean_bridge_node.EXE-1] [2m2026-08-16T19:48:22.967532Z[0m [33m WARN[0m ThreadId(09) [2mzenoh::net::runtime::orchestrator[0m[2m:[0m Scouting delay elapsed before start conditions are met.

[holoocean_bridge_node.EXE-1] [INFO] [1786909705.000021600] [holoocean_bridge]: HoloOcean bridge: will connect to sim server 127.0.0.1:47654. /perception/obstacles_oracle is SIMULATION-ONLY ground truth.

[ERROR] [calibrated_observation_relay_node.EXE-3]: process has died [pid 10908, exit code 1, cmd 'C:\Users\Andrea\Desktop\HoloObstacleAvoidance\install\lib\rov_obstacle_sim_bridge\calibrated_observation_relay_node.EXE --ros-args -r __node:=calibrated_observation_relay --params-file C:\Users\Andrea\AppData\Local\Temp\launch_params_mvxeuqtt'].
[calibrated_observation_relay_node.EXE-3] [2m2026-08-16T19:48:22.635680Z[0m [33m WARN[0m ThreadId(14) [2mzenoh::net::runtime::orchestrator[0m[2m:[0m Scouting delay elapsed before start conditions are met.

[calibrated_observation_relay_node.EXE-3] [INFO] [1786909704.147538900] [calibrated_observation_relay]: calibrated observation relay: level=S3 s1=True s2=True

[ERROR] [actuation_model_node.EXE-4]: process has died [pid 4400, exit code 1, cmd 'C:\Users\Andrea\Desktop\HoloObstacleAvoidance\install\lib\rov_obstacle_sim_bridge\actuation_model_node.EXE --ros-args -r __node:=actuation_model --params-file C:\Users\Andrea\AppData\Local\Temp\launch_params_o0dco3id'].
[actuation_model_node.EXE-4] [INFO] [1786909704.531814900] [actuation_model]: actuation model: level=S3 plant=True latency=0.000 s

[ERROR] [temporal_estimator_node.EXE-5]: process has died [pid 19920, exit code 1, cmd 'C:\Users\Andrea\Desktop\HoloObstacleAvoidance\install\lib\rov_obstacle_tracking\temporal_estimator_node.EXE --ros-args -r __node:=temporal_estimator --params-file C:\Users\Andrea\AppData\Local\Temp\launch_params_d4t4sptn'].
[temporal_estimator_node.EXE-5] [INFO] [1786909703.570318900] [temporal_estimator]: temporal estimator method=t2_fixed_kf /perception/obstacles_raw -> /perception/obstacles

[ERROR] [commanded_odometry_node.EXE-6]: process has died [pid 31144, exit code 1, cmd 'C:\Users\Andrea\Desktop\HoloObstacleAvoidance\install\lib\rov_obstacle_sim_bridge\commanded_odometry_node.EXE --ros-args -r __node:=commanded_odometry'].
[ERROR] [nominal_cmd_publisher_node.EXE-7]: process has died [pid 22784, exit code 1, cmd 'C:\Users\Andrea\Desktop\HoloObstacleAvoidance\install\lib\rov_obstacle_bringup\nominal_cmd_publisher_node.EXE --ros-args -r __node:=nominal_cmd_publisher --params-file C:\Users\Andrea\Desktop\HoloObstacleAvoidance\install\share\rov_obstacle_bringup\config\demo.yaml --params-file C:\Users\Andrea\AppData\Local\Temp\launch_params_s_esdxlf'].
[commanded_odometry_node.EXE-6] [2m2026-08-16T19:48:22.912758Z[0m [33m WARN[0m ThreadId(07) [2mzenoh::net::runtime::orchestrator[0m[2m:[0m Scouting delay elapsed before start conditions are met.

[commanded_odometry_node.EXE-6] [INFO] [1786909704.845168600] [commanded_odometry]: commanded odometry (no-DVL transferable dead reckoning): inputs ['/planner/cmd_vel_safe', '/rov/attitude_measured', '/rov/depth'] -> /rov/odom_estimated

[nominal_cmd_publisher_node.EXE-7] [INFO] [1786909704.045491000] [nominal_cmd_publisher]: Nominal command publisher sending /cmd_vel_nominal.

