C:\dev\ros2_lyrical\Lib\site-packages\launch\logging\__init__.py:172: UserWarning: Cannot create a symlink to latest log directory: [WinError 1314] Il privilegio richiesto non appartiene al client: 'C:\\Users\\Andrea\\.ros\\log\\2026-08-15-19-01-20-446335-DESKTOP-CNGN003-23700' -> 'C:\\Users\\Andrea\\.ros\\log\\latest'

  warnings.warn(
[INFO] [launch]: All log files can be found below C:\Users\Andrea\.ros\log\2026-08-15-19-01-20-446335-DESKTOP-CNGN003-23700
[INFO] [launch]: Default logging verbosity is set to INFO
[INFO] [holoocean_bridge_node.EXE-1]: process started with pid [8336]
[INFO] [oracle_dropout_relay_node.EXE-2]: process started with pid [20364]
[INFO] [calibrated_observation_relay_node.EXE-3]: process started with pid [6032]
[INFO] [actuation_model_node.EXE-4]: process started with pid [17948]
[INFO] [temporal_estimator_node.EXE-5]: process started with pid [23348]
[INFO] [commanded_odometry_node.EXE-6]: process started with pid [14492]
[INFO] [nominal_cmd_publisher_node.EXE-7]: process started with pid [24868]
[INFO] [dwa_planner_node.EXE-8]: process started with pid [4968]
[INFO] [baseline0_validator_node.EXE-9]: process started with pid [22488]
[ERROR] [holoocean_bridge_node.EXE-1]: process has died [pid 8336, exit code 1, cmd 'C:\Users\Andrea\Desktop\HoloObstacleAvoidance\install\lib\rov_obstacle_sim_bridge\holoocean_bridge_node.EXE --ros-args -r __node:=holoocean_bridge --params-file C:\Users\Andrea\Desktop\HoloObstacleAvoidance\install\share\rov_obstacle_sim_bridge\config\holoocean_bridge.yaml --params-file C:\Users\Andrea\AppData\Local\Temp\launch_params_4t_xmynn'].
[holoocean_bridge_node.EXE-1] [INFO] [1786813282.926110600] [holoocean_bridge]: HoloOcean bridge: will connect to sim server 127.0.0.1:47654. /perception/obstacles_oracle is SIMULATION-ONLY ground truth.

[ERROR] [oracle_dropout_relay_node.EXE-2]: process has died [pid 20364, exit code 1, cmd 'C:\Users\Andrea\Desktop\HoloObstacleAvoidance\install\lib\rov_obstacle_sim_bridge\oracle_dropout_relay_node.EXE --ros-args -r __node:=oracle_dropout_relay --params-file C:\Users\Andrea\AppData\Local\Temp\launch_params_uwexs3je'].
[oracle_dropout_relay_node.EXE-2] [2m2026-08-15T17:01:22.135655Z[0m [33m WARN[0m ThreadId(14) [2mzenoh::net::runtime::orchestrator[0m[2m:[0m Scouting delay elapsed before start conditions are met.

[oracle_dropout_relay_node.EXE-2] [INFO] [1786813283.403447100] [oracle_dropout_relay]: oracle relay: dropout_enabled=False (trigger 'AVOIDING*' +3.0s for 2.0s)

[ERROR] [calibrated_observation_relay_node.EXE-3]: process has died [pid 6032, exit code 1, cmd 'C:\Users\Andrea\Desktop\HoloObstacleAvoidance\install\lib\rov_obstacle_sim_bridge\calibrated_observation_relay_node.EXE --ros-args -r __node:=calibrated_observation_relay --params-file C:\Users\Andrea\AppData\Local\Temp\launch_params_w5u8j087'].
[calibrated_observation_relay_node.EXE-3] [INFO] [1786813282.635147000] [calibrated_observation_relay]: calibrated observation relay: level=S1 s1=True s2=False

