C:\dev\ros2_lyrical\Lib\site-packages\launch\logging\__init__.py:172: UserWarning: Cannot create a symlink to latest log directory: [WinError 1314] Il privilegio richiesto non appartiene al client: 'C:\\Users\\Andrea\\.ros\\log\\2026-08-16-20-37-46-950505-DESKTOP-CNGN003-21020' -> 'C:\\Users\\Andrea\\.ros\\log\\latest'

  warnings.warn(
[INFO] [launch]: All log files can be found below C:\Users\Andrea\.ros\log\2026-08-16-20-37-46-950505-DESKTOP-CNGN003-21020
[INFO] [launch]: Default logging verbosity is set to INFO
[INFO] [holoocean_bridge_node.EXE-1]: process started with pid [24292]
[INFO] [oracle_dropout_relay_node.EXE-2]: process started with pid [20748]
[INFO] [calibrated_observation_relay_node.EXE-3]: process started with pid [29568]
[INFO] [actuation_model_node.EXE-4]: process started with pid [22184]
[INFO] [temporal_estimator_node.EXE-5]: process started with pid [19736]
[INFO] [commanded_odometry_node.EXE-6]: process started with pid [33668]
[INFO] [nominal_cmd_publisher_node.EXE-7]: process started with pid [16504]
[INFO] [local_avoidance_planner_node.EXE-8]: process started with pid [14816]
[INFO] [baseline0_validator_node.EXE-9]: process started with pid [29900]
[ERROR] [baseline0_validator_node.EXE-9]: process has died [pid 29900, exit code 1, cmd 'C:\Users\Andrea\Desktop\HoloObstacleAvoidance\install\lib\rov_obstacle_sim_bridge\baseline0_validator_node.EXE --ros-args -r __node:=baseline0_validator --params-file C:\Users\Andrea\AppData\Local\Temp\launch_params_l4ikvb95'].
[baseline0_validator_node.EXE-9] [2m2026-08-16T18:37:49.482267Z[0m [33m WARN[0m ThreadId(09) [2mzenoh::net::runtime::orchestrator[0m[2m:[0m Scouting delay elapsed before start conditions are met.

[baseline0_validator_node.EXE-9] [INFO] [1786905471.823601500] [baseline0_validator]: baseline0 validator -> C:\Users\Andrea\Desktop\HoloObstacleAvoidance\experiments\simulation\diagnostic\ablation_A3_hold\runs\K0_committed_3\validation.json

[ERROR] [holoocean_bridge_node.EXE-1]: process has died [pid 24292, exit code 1, cmd 'C:\Users\Andrea\Desktop\HoloObstacleAvoidance\install\lib\rov_obstacle_sim_bridge\holoocean_bridge_node.EXE --ros-args -r __node:=holoocean_bridge --params-file C:\Users\Andrea\Desktop\HoloObstacleAvoidance\install\share\rov_obstacle_sim_bridge\config\holoocean_bridge.yaml --params-file C:\Users\Andrea\AppData\Local\Temp\launch_params_3f0dau4g'].
[holoocean_bridge_node.EXE-1] [2m2026-08-16T18:37:49.086627Z[0m [33m WARN[0m ThreadId(14) [2mzenoh::net::runtime::orchestrator[0m[2m:[0m Scouting delay elapsed before start conditions are met.

[holoocean_bridge_node.EXE-1] [INFO] [1786905470.696018600] [holoocean_bridge]: HoloOcean bridge: will connect to sim server 127.0.0.1:47654. /perception/obstacles_oracle is SIMULATION-ONLY ground truth.

[ERROR] [calibrated_observation_relay_node.EXE-3]: process has died [pid 29568, exit code 1, cmd 'C:\Users\Andrea\Desktop\HoloObstacleAvoidance\install\lib\rov_obstacle_sim_bridge\calibrated_observation_relay_node.EXE --ros-args -r __node:=calibrated_observation_relay --params-file C:\Users\Andrea\AppData\Local\Temp\launch_params_szansrmn'].
[calibrated_observation_relay_node.EXE-3] [INFO] [1786905469.885983700] [calibrated_observation_relay]: calibrated observation relay: level=S3 s1=True s2=True

[ERROR] [actuation_model_node.EXE-4]: process has died [pid 22184, exit code 1, cmd 'C:\Users\Andrea\Desktop\HoloObstacleAvoidance\install\lib\rov_obstacle_sim_bridge\actuation_model_node.EXE --ros-args -r __node:=actuation_model --params-file C:\Users\Andrea\AppData\Local\Temp\launch_params_h3v4pt61'].
[ERROR] [oracle_dropout_relay_node.EXE-2]: process has died [pid 20748, exit code 1, cmd 'C:\Users\Andrea\Desktop\HoloObstacleAvoidance\install\lib\rov_obstacle_sim_bridge\oracle_dropout_relay_node.EXE --ros-args -r __node:=oracle_dropout_relay --params-file C:\Users\Andrea\AppData\Local\Temp\launch_params_irxzrxjr'].
[actuation_model_node.EXE-4] [2m2026-08-16T18:37:49.122063Z[0m [33m WARN[0m ThreadId(14) [2mzenoh::net::runtime::orchestrator[0m[2m:[0m Scouting delay elapsed before start conditions are met.

[actuation_model_node.EXE-4] [INFO] [1786905470.624260300] [actuation_model]: actuation model: level=S3 plant=True latency=0.000 s

[oracle_dropout_relay_node.EXE-2] [INFO] [1786905469.840988900] [oracle_dropout_relay]: oracle relay: dropout_enabled=False (trigger 'AVOIDING*' +3.0s for 2.0s)

[ERROR] [commanded_odometry_node.EXE-6]: process has died [pid 33668, exit code 1, cmd 'C:\Users\Andrea\Desktop\HoloObstacleAvoidance\install\lib\rov_obstacle_sim_bridge\commanded_odometry_node.EXE --ros-args -r __node:=commanded_odometry'].
[commanded_odometry_node.EXE-6] [2m2026-08-16T18:37:49.200873Z[0m [33m WARN[0m ThreadId(10) [2mzenoh::net::runtime::orchestrator[0m[2m:[0m Scouting delay elapsed before start conditions are met.

[commanded_odometry_node.EXE-6] [INFO] [1786905470.766314600] [commanded_odometry]: commanded odometry (no-DVL transferable dead reckoning): inputs ['/planner/cmd_vel_safe', '/rov/attitude_measured', '/rov/depth'] -> /rov/odom_estimated

[ERROR] [nominal_cmd_publisher_node.EXE-7]: process has died [pid 16504, exit code 1, cmd 'C:\Users\Andrea\Desktop\HoloObstacleAvoidance\install\lib\rov_obstacle_bringup\nominal_cmd_publisher_node.EXE --ros-args -r __node:=nominal_cmd_publisher --params-file C:\Users\Andrea\Desktop\HoloObstacleAvoidance\install\share\rov_obstacle_bringup\config\demo.yaml --params-file C:\Users\Andrea\AppData\Local\Temp\launch_params_utuwp8us'].
[ERROR] [temporal_estimator_node.EXE-5]: process has died [pid 19736, exit code 1, cmd 'C:\Users\Andrea\Desktop\HoloObstacleAvoidance\install\lib\rov_obstacle_tracking\temporal_estimator_node.EXE --ros-args -r __node:=temporal_estimator --params-file C:\Users\Andrea\AppData\Local\Temp\launch_params_cqex9i3d'].
[nominal_cmd_publisher_node.EXE-7] [2m2026-08-16T18:37:49.276255Z[0m [33m WARN[0m ThreadId(09) [2mzenoh::net::runtime::orchestrator[0m[2m:[0m Scouting delay elapsed before start conditions are met.

[nominal_cmd_publisher_node.EXE-7] [INFO] [1786905471.137846300] [nominal_cmd_publisher]: Nominal command publisher sending /cmd_vel_nominal.

[temporal_estimator_node.EXE-5] [INFO] [1786905470.212793300] [temporal_estimator]: temporal estimator method=t2_fixed_kf /perception/obstacles_raw -> /perception/obstacles

