C:\dev\ros2_lyrical\Lib\site-packages\launch\logging\__init__.py:172: UserWarning: Cannot create a symlink to latest log directory: [WinError 1314] Il privilegio richiesto non appartiene al client: 'C:\\Users\\Andrea\\.ros\\log\\2026-08-16-20-38-39-172508-DESKTOP-CNGN003-10732' -> 'C:\\Users\\Andrea\\.ros\\log\\latest'

  warnings.warn(
[INFO] [launch]: All log files can be found below C:\Users\Andrea\.ros\log\2026-08-16-20-38-39-172508-DESKTOP-CNGN003-10732
[INFO] [launch]: Default logging verbosity is set to INFO
[INFO] [holoocean_bridge_node.EXE-1]: process started with pid [20248]
[INFO] [oracle_dropout_relay_node.EXE-2]: process started with pid [22488]
[INFO] [calibrated_observation_relay_node.EXE-3]: process started with pid [18828]
[INFO] [actuation_model_node.EXE-4]: process started with pid [3316]
[INFO] [temporal_estimator_node.EXE-5]: process started with pid [20252]
[INFO] [commanded_odometry_node.EXE-6]: process started with pid [6656]
[INFO] [nominal_cmd_publisher_node.EXE-7]: process started with pid [28528]
[INFO] [local_avoidance_planner_node.EXE-8]: process started with pid [4060]
[INFO] [baseline0_validator_node.EXE-9]: process started with pid [23968]
[ERROR] [holoocean_bridge_node.EXE-1]: process has died [pid 20248, exit code 1, cmd 'C:\Users\Andrea\Desktop\HoloObstacleAvoidance\install\lib\rov_obstacle_sim_bridge\holoocean_bridge_node.EXE --ros-args -r __node:=holoocean_bridge --params-file C:\Users\Andrea\Desktop\HoloObstacleAvoidance\install\share\rov_obstacle_sim_bridge\config\holoocean_bridge.yaml --params-file C:\Users\Andrea\AppData\Local\Temp\launch_params_ak6zar3_'].
[holoocean_bridge_node.EXE-1] [2m2026-08-16T18:38:41.372458Z[0m [33m WARN[0m ThreadId(15) [2mzenoh::net::runtime::orchestrator[0m[2m:[0m Scouting delay elapsed before start conditions are met.

[holoocean_bridge_node.EXE-1] [INFO] [1786905523.311371000] [holoocean_bridge]: HoloOcean bridge: will connect to sim server 127.0.0.1:47654. /perception/obstacles_oracle is SIMULATION-ONLY ground truth.

[ERROR] [oracle_dropout_relay_node.EXE-2]: process has died [pid 22488, exit code 1, cmd 'C:\Users\Andrea\Desktop\HoloObstacleAvoidance\install\lib\rov_obstacle_sim_bridge\oracle_dropout_relay_node.EXE --ros-args -r __node:=oracle_dropout_relay --params-file C:\Users\Andrea\AppData\Local\Temp\launch_params_o9y28he3'].
[oracle_dropout_relay_node.EXE-2] [INFO] [1786905521.406093900] [oracle_dropout_relay]: oracle relay: dropout_enabled=False (trigger 'AVOIDING*' +3.0s for 2.0s)

[ERROR] [temporal_estimator_node.EXE-5]: process has died [pid 20252, exit code 1, cmd 'C:\Users\Andrea\Desktop\HoloObstacleAvoidance\install\lib\rov_obstacle_tracking\temporal_estimator_node.EXE --ros-args -r __node:=temporal_estimator --params-file C:\Users\Andrea\AppData\Local\Temp\launch_params_buyc0vez'].
[ERROR] [calibrated_observation_relay_node.EXE-3]: process has died [pid 18828, exit code 1, cmd 'C:\Users\Andrea\Desktop\HoloObstacleAvoidance\install\lib\rov_obstacle_sim_bridge\calibrated_observation_relay_node.EXE --ros-args -r __node:=calibrated_observation_relay --params-file C:\Users\Andrea\AppData\Local\Temp\launch_params_bz56srv7'].
[ERROR] [actuation_model_node.EXE-4]: process has died [pid 3316, exit code 1, cmd 'C:\Users\Andrea\Desktop\HoloObstacleAvoidance\install\lib\rov_obstacle_sim_bridge\actuation_model_node.EXE --ros-args -r __node:=actuation_model --params-file C:\Users\Andrea\AppData\Local\Temp\launch_params_lr7ujerp'].
[temporal_estimator_node.EXE-5] [2m2026-08-16T18:38:41.616797Z[0m [33m WARN[0m ThreadId(07) [2mzenoh::net::runtime::orchestrator[0m[2m:[0m Scouting delay elapsed before start conditions are met.

[temporal_estimator_node.EXE-5] [INFO] [1786905523.338666700] [temporal_estimator]: temporal estimator method=t2_fixed_kf /perception/obstacles_raw -> /perception/obstacles

[calibrated_observation_relay_node.EXE-3] [INFO] [1786905522.619613100] [calibrated_observation_relay]: calibrated observation relay: level=S3 s1=True s2=True

[actuation_model_node.EXE-4] [INFO] [1786905523.238447500] [actuation_model]: actuation model: level=S3 plant=True latency=0.000 s

[ERROR] [commanded_odometry_node.EXE-6]: process has died [pid 6656, exit code 1, cmd 'C:\Users\Andrea\Desktop\HoloObstacleAvoidance\install\lib\rov_obstacle_sim_bridge\commanded_odometry_node.EXE --ros-args -r __node:=commanded_odometry'].
[commanded_odometry_node.EXE-6] [INFO] [1786905522.560765100] [commanded_odometry]: commanded odometry (no-DVL transferable dead reckoning): inputs ['/planner/cmd_vel_safe', '/rov/attitude_measured', '/rov/depth'] -> /rov/odom_estimated

[ERROR] [nominal_cmd_publisher_node.EXE-7]: process has died [pid 28528, exit code 1, cmd 'C:\Users\Andrea\Desktop\HoloObstacleAvoidance\install\lib\rov_obstacle_bringup\nominal_cmd_publisher_node.EXE --ros-args -r __node:=nominal_cmd_publisher --params-file C:\Users\Andrea\Desktop\HoloObstacleAvoidance\install\share\rov_obstacle_bringup\config\demo.yaml --params-file C:\Users\Andrea\AppData\Local\Temp\launch_params_2g8jw0vn'].
[nominal_cmd_publisher_node.EXE-7] [INFO] [1786905522.038935500] [nominal_cmd_publisher]: Nominal command publisher sending /cmd_vel_nominal.

[ERROR] [local_avoidance_planner_node.EXE-8]: process has died [pid 4060, exit code 1, cmd 'C:\Users\Andrea\Desktop\HoloObstacleAvoidance\install\lib\rov_obstacle_avoidance\local_avoidance_planner_node.EXE --ros-args -r __node:=local_avoidance_planner --params-file C:\Users\Andrea\Desktop\HoloObstacleAvoidance\install\share\rov_obstacle_avoidance\config\local_avoidance_planner.yaml --params-file C:\Users\Andrea\AppData\Local\Temp\launch_params_zc8mhd2s'].
[local_avoidance_planner_node.EXE-8] [INFO] [1786905523.277446500] [local_avoidance_planner]: Local avoidance planner publishing /planner/cmd_vel_safe.

