C:\dev\ros2_lyrical\Lib\site-packages\launch\logging\__init__.py:172: UserWarning: Cannot create a symlink to latest log directory: [WinError 1314] Il privilegio richiesto non appartiene al client: 'C:\\Users\\Andrea\\.ros\\log\\2026-08-16-22-16-00-272657-DESKTOP-CNGN003-29144' -> 'C:\\Users\\Andrea\\.ros\\log\\latest'

  warnings.warn(
[INFO] [launch]: All log files can be found below C:\Users\Andrea\.ros\log\2026-08-16-22-16-00-272657-DESKTOP-CNGN003-29144
[INFO] [launch]: Default logging verbosity is set to INFO
[INFO] [holoocean_bridge_node.EXE-1]: process started with pid [3676]
[INFO] [oracle_dropout_relay_node.EXE-2]: process started with pid [23372]
[INFO] [calibrated_observation_relay_node.EXE-3]: process started with pid [30116]
[INFO] [actuation_model_node.EXE-4]: process started with pid [26800]
[INFO] [temporal_estimator_node.EXE-5]: process started with pid [18076]
[INFO] [commanded_odometry_node.EXE-6]: process started with pid [31360]
[INFO] [nominal_cmd_publisher_node.EXE-7]: process started with pid [14344]
[INFO] [local_avoidance_planner_node.EXE-8]: process started with pid [7648]
[INFO] [baseline0_validator_node.EXE-9]: process started with pid [24624]
[ERROR] [oracle_dropout_relay_node.EXE-2]: process has died [pid 23372, exit code 1, cmd 'C:\Users\Andrea\Desktop\HoloObstacleAvoidance\install\lib\rov_obstacle_sim_bridge\oracle_dropout_relay_node.EXE --ros-args -r __node:=oracle_dropout_relay --params-file C:\Users\Andrea\AppData\Local\Temp\launch_params_jqzf9xov'].
[oracle_dropout_relay_node.EXE-2] [INFO] [1786911363.094633000] [oracle_dropout_relay]: oracle relay: dropout_enabled=False (trigger 'AVOIDING*' +3.0s for 2.0s)

[ERROR] [holoocean_bridge_node.EXE-1]: process has died [pid 3676, exit code 1, cmd 'C:\Users\Andrea\Desktop\HoloObstacleAvoidance\install\lib\rov_obstacle_sim_bridge\holoocean_bridge_node.EXE --ros-args -r __node:=holoocean_bridge --params-file C:\Users\Andrea\Desktop\HoloObstacleAvoidance\install\share\rov_obstacle_sim_bridge\config\holoocean_bridge.yaml --params-file C:\Users\Andrea\AppData\Local\Temp\launch_params_4qko8nex'].
[holoocean_bridge_node.EXE-1] [2m2026-08-16T20:16:02.358870Z[0m [33m WARN[0m ThreadId(13) [2mzenoh::net::runtime::orchestrator[0m[2m:[0m Scouting delay elapsed before start conditions are met.

[holoocean_bridge_node.EXE-1] [INFO] [1786911363.396952900] [holoocean_bridge]: HoloOcean bridge: will connect to sim server 127.0.0.1:47654. /perception/obstacles_oracle is SIMULATION-ONLY ground truth.

[ERROR] [actuation_model_node.EXE-4]: process has died [pid 26800, exit code 1, cmd 'C:\Users\Andrea\Desktop\HoloObstacleAvoidance\install\lib\rov_obstacle_sim_bridge\actuation_model_node.EXE --ros-args -r __node:=actuation_model --params-file C:\Users\Andrea\AppData\Local\Temp\launch_params_x1q796i3'].
[actuation_model_node.EXE-4] [2m2026-08-16T20:16:02.422571Z[0m [33m WARN[0m ThreadId(13) [2mzenoh::net::runtime::orchestrator[0m[2m:[0m Scouting delay elapsed before start conditions are met.

[actuation_model_node.EXE-4] [INFO] [1786911363.627665700] [actuation_model]: actuation model: level=S3 plant=True latency=0.000 s

[ERROR] [calibrated_observation_relay_node.EXE-3]: process has died [pid 30116, exit code 1, cmd 'C:\Users\Andrea\Desktop\HoloObstacleAvoidance\install\lib\rov_obstacle_sim_bridge\calibrated_observation_relay_node.EXE --ros-args -r __node:=calibrated_observation_relay --params-file C:\Users\Andrea\AppData\Local\Temp\launch_params_1m1e92vu'].
[calibrated_observation_relay_node.EXE-3] [INFO] [1786911363.042108700] [calibrated_observation_relay]: calibrated observation relay: level=S3 s1=True s2=True

[ERROR] [temporal_estimator_node.EXE-5]: process has died [pid 18076, exit code 1, cmd 'C:\Users\Andrea\Desktop\HoloObstacleAvoidance\install\lib\rov_obstacle_tracking\temporal_estimator_node.EXE --ros-args -r __node:=temporal_estimator --params-file C:\Users\Andrea\AppData\Local\Temp\launch_params_qbb7sl9z'].
[ERROR] [commanded_odometry_node.EXE-6]: process has died [pid 31360, exit code 1, cmd 'C:\Users\Andrea\Desktop\HoloObstacleAvoidance\install\lib\rov_obstacle_sim_bridge\commanded_odometry_node.EXE --ros-args -r __node:=commanded_odometry'].
[temporal_estimator_node.EXE-5] [INFO] [1786911363.635112200] [temporal_estimator]: temporal estimator method=t2_fixed_kf /perception/obstacles_raw -> /perception/obstacles

[commanded_odometry_node.EXE-6] [INFO] [1786911363.303263400] [commanded_odometry]: commanded odometry (no-DVL transferable dead reckoning): inputs ['/planner/cmd_vel_safe', '/rov/attitude_measured', '/rov/depth'] -> /rov/odom_estimated

