C:\dev\ros2_lyrical\Lib\site-packages\launch\logging\__init__.py:172: UserWarning: Cannot create a symlink to latest log directory: [WinError 1314] Il privilegio richiesto non appartiene al client: 'C:\\Users\\Andrea\\.ros\\log\\2026-08-11-10-53-31-725358-DESKTOP-CNGN003-13540' -> 'C:\\Users\\Andrea\\.ros\\log\\latest'

  warnings.warn(
[INFO] [launch]: All log files can be found below C:\Users\Andrea\.ros\log\2026-08-11-10-53-31-725358-DESKTOP-CNGN003-13540
[INFO] [launch]: Default logging verbosity is set to INFO
[INFO] [holoocean_bridge_node.EXE-1]: process started with pid [21004]
[INFO] [oracle_dropout_relay_node.EXE-2]: process started with pid [18308]
[INFO] [temporal_estimator_node.EXE-3]: process started with pid [16288]
[INFO] [commanded_odometry_node.EXE-4]: process started with pid [19196]
[INFO] [nominal_cmd_publisher_node.EXE-5]: process started with pid [23304]
[INFO] [local_avoidance_planner_node.EXE-6]: process started with pid [22832]
[INFO] [baseline0_validator_node.EXE-7]: process started with pid [6596]
[ERROR] [holoocean_bridge_node.EXE-1]: process has died [pid 21004, exit code 1, cmd 'C:\Users\Andrea\Desktop\HoloObstacleAvoidance\install\lib\rov_obstacle_sim_bridge\holoocean_bridge_node.EXE --ros-args -r __node:=holoocean_bridge --params-file C:\Users\Andrea\Desktop\HoloObstacleAvoidance\install\share\rov_obstacle_sim_bridge\config\holoocean_bridge.yaml --params-file C:\Users\Andrea\AppData\Local\Temp\launch_params_p45eo18i'].
[ERROR] [oracle_dropout_relay_node.EXE-2]: process has died [pid 18308, exit code 1, cmd 'C:\Users\Andrea\Desktop\HoloObstacleAvoidance\install\lib\rov_obstacle_sim_bridge\oracle_dropout_relay_node.EXE --ros-args -r __node:=oracle_dropout_relay --params-file C:\Users\Andrea\AppData\Local\Temp\launch_params_e4cp9qin'].
[holoocean_bridge_node.EXE-1] [INFO] [1786438413.259299200] [holoocean_bridge]: HoloOcean bridge: will connect to sim server 127.0.0.1:47654. /perception/obstacles_oracle is SIMULATION-ONLY ground truth.

[ERROR] [temporal_estimator_node.EXE-3]: process has died [pid 16288, exit code 1, cmd 'C:\Users\Andrea\Desktop\HoloObstacleAvoidance\install\lib\rov_obstacle_tracking\temporal_estimator_node.EXE --ros-args -r __node:=temporal_estimator --params-file C:\Users\Andrea\AppData\Local\Temp\launch_params_37v7lk1l'].
[oracle_dropout_relay_node.EXE-2] [INFO] [1786438412.869993400] [oracle_dropout_relay]: oracle relay: dropout_enabled=False (trigger 'AVOIDING*' +3.0s for 2.0s)

[ERROR] [commanded_odometry_node.EXE-4]: process has died [pid 19196, exit code 1, cmd 'C:\Users\Andrea\Desktop\HoloObstacleAvoidance\install\lib\rov_obstacle_sim_bridge\commanded_odometry_node.EXE --ros-args -r __node:=commanded_odometry'].
[temporal_estimator_node.EXE-3] [2m2026-08-11T08:53:33.068132Z[0m [33m WARN[0m ThreadId(10) [2mzenoh::net::runtime::orchestrator[0m[2m:[0m Scouting delay elapsed before start conditions are met.

[temporal_estimator_node.EXE-3] [INFO] [1786438413.612524400] [temporal_estimator]: temporal estimator method=t1_hold_ema /perception/obstacles_raw -> /perception/obstacles

[commanded_odometry_node.EXE-4] [INFO] [1786438413.492897900] [commanded_odometry]: commanded odometry (no-DVL transferable dead reckoning): inputs ['/planner/cmd_vel_safe', '/rov/attitude_measured', '/rov/depth'] -> /rov/odom_estimated

