C:\dev\ros2_lyrical\Lib\site-packages\launch\logging\__init__.py:172: UserWarning: Cannot create a symlink to latest log directory: [WinError 1314] Il privilegio richiesto non appartiene al client: 'C:\\Users\\Andrea\\.ros\\log\\2026-08-16-21-35-00-282527-DESKTOP-CNGN003-28456' -> 'C:\\Users\\Andrea\\.ros\\log\\latest'

  warnings.warn(
[INFO] [launch]: All log files can be found below C:\Users\Andrea\.ros\log\2026-08-16-21-35-00-282527-DESKTOP-CNGN003-28456
[INFO] [launch]: Default logging verbosity is set to INFO
[INFO] [holoocean_bridge_node.EXE-1]: process started with pid [10148]
[INFO] [oracle_dropout_relay_node.EXE-2]: process started with pid [2080]
[INFO] [calibrated_observation_relay_node.EXE-3]: process started with pid [32660]
[INFO] [actuation_model_node.EXE-4]: process started with pid [14172]
[INFO] [temporal_estimator_node.EXE-5]: process started with pid [29784]
[INFO] [commanded_odometry_node.EXE-6]: process started with pid [9480]
[INFO] [nominal_cmd_publisher_node.EXE-7]: process started with pid [22364]
[INFO] [local_avoidance_planner_node.EXE-8]: process started with pid [29520]
[INFO] [baseline0_validator_node.EXE-9]: process started with pid [29912]
[ERROR] [oracle_dropout_relay_node.EXE-2]: process has died [pid 2080, exit code 1, cmd 'C:\Users\Andrea\Desktop\HoloObstacleAvoidance\install\lib\rov_obstacle_sim_bridge\oracle_dropout_relay_node.EXE --ros-args -r __node:=oracle_dropout_relay --params-file C:\Users\Andrea\AppData\Local\Temp\launch_params_upzaaswn'].
[ERROR] [holoocean_bridge_node.EXE-1]: process has died [pid 10148, exit code 1, cmd 'C:\Users\Andrea\Desktop\HoloObstacleAvoidance\install\lib\rov_obstacle_sim_bridge\holoocean_bridge_node.EXE --ros-args -r __node:=holoocean_bridge --params-file C:\Users\Andrea\Desktop\HoloObstacleAvoidance\install\share\rov_obstacle_sim_bridge\config\holoocean_bridge.yaml --params-file C:\Users\Andrea\AppData\Local\Temp\launch_params_9ds3xv9e'].
[oracle_dropout_relay_node.EXE-2] [INFO] [1786908903.360504300] [oracle_dropout_relay]: oracle relay: dropout_enabled=False (trigger 'AVOIDING*' +3.0s for 2.0s)

[holoocean_bridge_node.EXE-1] [2m2026-08-16T19:36:04.446108Z[0m [31mERROR[0m net-0 ThreadId(02) [2mzenoh_transport::unicast::universal::tx[0m[2m:[0m Unable to push non droppable network message to 30c03e790907afde85850293d3865601. Closing transport!

[holoocean_bridge_node.EXE-1] [INFO] [1786908904.023787700] [holoocean_bridge]: HoloOcean bridge: will connect to sim server 127.0.0.1:47654. /perception/obstacles_oracle is SIMULATION-ONLY ground truth.

[ERROR] [calibrated_observation_relay_node.EXE-3]: process has died [pid 32660, exit code 1, cmd 'C:\Users\Andrea\Desktop\HoloObstacleAvoidance\install\lib\rov_obstacle_sim_bridge\calibrated_observation_relay_node.EXE --ros-args -r __node:=calibrated_observation_relay --params-file C:\Users\Andrea\AppData\Local\Temp\launch_params_t9sfj3c2'].
[calibrated_observation_relay_node.EXE-3] [INFO] [1786908903.060101800] [calibrated_observation_relay]: calibrated observation relay: level=S3 s1=True s2=True

[ERROR] [nominal_cmd_publisher_node.EXE-7]: process has died [pid 22364, exit code 1, cmd 'C:\Users\Andrea\Desktop\HoloObstacleAvoidance\install\lib\rov_obstacle_bringup\nominal_cmd_publisher_node.EXE --ros-args -r __node:=nominal_cmd_publisher --params-file C:\Users\Andrea\Desktop\HoloObstacleAvoidance\install\share\rov_obstacle_bringup\config\demo.yaml --params-file C:\Users\Andrea\AppData\Local\Temp\launch_params_60cngr2p'].
[ERROR] [temporal_estimator_node.EXE-5]: process has died [pid 29784, exit code 1, cmd 'C:\Users\Andrea\Desktop\HoloObstacleAvoidance\install\lib\rov_obstacle_tracking\temporal_estimator_node.EXE --ros-args -r __node:=temporal_estimator --params-file C:\Users\Andrea\AppData\Local\Temp\launch_params_2x77o2p8'].
[ERROR] [commanded_odometry_node.EXE-6]: process has died [pid 9480, exit code 1, cmd 'C:\Users\Andrea\Desktop\HoloObstacleAvoidance\install\lib\rov_obstacle_sim_bridge\commanded_odometry_node.EXE --ros-args -r __node:=commanded_odometry'].
[ERROR] [actuation_model_node.EXE-4]: process has died [pid 14172, exit code 1, cmd 'C:\Users\Andrea\Desktop\HoloObstacleAvoidance\install\lib\rov_obstacle_sim_bridge\actuation_model_node.EXE --ros-args -r __node:=actuation_model --params-file C:\Users\Andrea\AppData\Local\Temp\launch_params_le1hrhqv'].
[nominal_cmd_publisher_node.EXE-7] [INFO] [1786908903.281019400] [nominal_cmd_publisher]: Nominal command publisher sending /cmd_vel_nominal.

