C:\dev\ros2_lyrical\Lib\site-packages\launch\logging\__init__.py:172: UserWarning: Cannot create a symlink to latest log directory: [WinError 1314] Il privilegio richiesto non appartiene al client: 'C:\\Users\\Andrea\\.ros\\log\\2026-08-11-10-29-51-953584-DESKTOP-CNGN003-20176' -> 'C:\\Users\\Andrea\\.ros\\log\\latest'

  warnings.warn(
[INFO] [launch]: All log files can be found below C:\Users\Andrea\.ros\log\2026-08-11-10-29-51-953584-DESKTOP-CNGN003-20176
[INFO] [launch]: Default logging verbosity is set to INFO
[INFO] [holoocean_bridge_node.EXE-1]: process started with pid [2564]
[INFO] [oracle_dropout_relay_node.EXE-2]: process started with pid [16280]
[INFO] [temporal_estimator_node.EXE-3]: process started with pid [15568]
[INFO] [commanded_odometry_node.EXE-4]: process started with pid [18148]
[INFO] [nominal_cmd_publisher_node.EXE-5]: process started with pid [13484]
[INFO] [local_avoidance_planner_node.EXE-6]: process started with pid [22312]
[INFO] [baseline0_validator_node.EXE-7]: process started with pid [27740]
[ERROR] [oracle_dropout_relay_node.EXE-2]: process has died [pid 16280, exit code 1, cmd 'C:\Users\Andrea\Desktop\HoloObstacleAvoidance\install\lib\rov_obstacle_sim_bridge\oracle_dropout_relay_node.EXE --ros-args -r __node:=oracle_dropout_relay --params-file C:\Users\Andrea\AppData\Local\Temp\launch_params_0c3y6lz7'].
[ERROR] [holoocean_bridge_node.EXE-1]: process has died [pid 2564, exit code 1, cmd 'C:\Users\Andrea\Desktop\HoloObstacleAvoidance\install\lib\rov_obstacle_sim_bridge\holoocean_bridge_node.EXE --ros-args -r __node:=holoocean_bridge --params-file C:\Users\Andrea\Desktop\HoloObstacleAvoidance\install\share\rov_obstacle_sim_bridge\config\holoocean_bridge.yaml --params-file C:\Users\Andrea\AppData\Local\Temp\launch_params_qtr5ztgi'].
[oracle_dropout_relay_node.EXE-2] [INFO] [1786436993.154801800] [oracle_dropout_relay]: oracle relay: dropout_enabled=True (trigger 'AVOIDING*' +1.0s for 2.0s)

[holoocean_bridge_node.EXE-1] [INFO] [1786436993.401607000] [holoocean_bridge]: HoloOcean bridge: will connect to sim server 127.0.0.1:47654. /perception/obstacles_oracle is SIMULATION-ONLY ground truth.

[ERROR] [temporal_estimator_node.EXE-3]: process has died [pid 15568, exit code 1, cmd 'C:\Users\Andrea\Desktop\HoloObstacleAvoidance\install\lib\rov_obstacle_tracking\temporal_estimator_node.EXE --ros-args -r __node:=temporal_estimator --params-file C:\Users\Andrea\AppData\Local\Temp\launch_params_kjlfjkay'].
[temporal_estimator_node.EXE-3] [INFO] [1786436993.213722900] [temporal_estimator]: temporal estimator method=t2_fixed_kf /perception/obstacles_raw -> /perception/obstacles

[ERROR] [commanded_odometry_node.EXE-4]: process has died [pid 18148, exit code 1, cmd 'C:\Users\Andrea\Desktop\HoloObstacleAvoidance\install\lib\rov_obstacle_sim_bridge\commanded_odometry_node.EXE --ros-args -r __node:=commanded_odometry'].
[ERROR] [nominal_cmd_publisher_node.EXE-5]: process has died [pid 13484, exit code 1, cmd 'C:\Users\Andrea\Desktop\HoloObstacleAvoidance\install\lib\rov_obstacle_bringup\nominal_cmd_publisher_node.EXE --ros-args -r __node:=nominal_cmd_publisher --params-file C:\Users\Andrea\Desktop\HoloObstacleAvoidance\install\share\rov_obstacle_bringup\config\demo.yaml'].
[commanded_odometry_node.EXE-4] [INFO] [1786436993.366981900] [commanded_odometry]: commanded odometry (no-DVL transferable dead reckoning): inputs ['/planner/cmd_vel_safe', '/rov/attitude_measured', '/rov/depth'] -> /rov/odom_estimated

[nominal_cmd_publisher_node.EXE-5] [INFO] [1786436993.524436800] [nominal_cmd_publisher]: Nominal command publisher sending /cmd_vel_nominal.

