C:\dev\ros2_lyrical\Lib\site-packages\launch\logging\__init__.py:172: UserWarning: Cannot create a symlink to latest log directory: [WinError 1314] Il privilegio richiesto non appartiene al client: 'C:\\Users\\Andrea\\.ros\\log\\2026-08-15-18-37-57-003510-DESKTOP-CNGN003-8532' -> 'C:\\Users\\Andrea\\.ros\\log\\latest'

  warnings.warn(
[INFO] [launch]: All log files can be found below C:\Users\Andrea\.ros\log\2026-08-15-18-37-57-003510-DESKTOP-CNGN003-8532
[INFO] [launch]: Default logging verbosity is set to INFO
[INFO] [holoocean_bridge_node.EXE-1]: process started with pid [23380]
[INFO] [oracle_dropout_relay_node.EXE-2]: process started with pid [7740]
[INFO] [calibrated_observation_relay_node.EXE-3]: process started with pid [14428]
[INFO] [actuation_model_node.EXE-4]: process started with pid [11276]
[INFO] [temporal_estimator_node.EXE-5]: process started with pid [18864]
[INFO] [commanded_odometry_node.EXE-6]: process started with pid [7156]
[INFO] [nominal_cmd_publisher_node.EXE-7]: process started with pid [20084]
[INFO] [dwa_planner_node.EXE-8]: process started with pid [8508]
[INFO] [baseline0_validator_node.EXE-9]: process started with pid [9080]
[ERROR] [oracle_dropout_relay_node.EXE-2]: process has died [pid 7740, exit code 1, cmd 'C:\Users\Andrea\Desktop\HoloObstacleAvoidance\install\lib\rov_obstacle_sim_bridge\oracle_dropout_relay_node.EXE --ros-args -r __node:=oracle_dropout_relay --params-file C:\Users\Andrea\AppData\Local\Temp\launch_params_rzrda4ae'].
[ERROR] [holoocean_bridge_node.EXE-1]: process has died [pid 23380, exit code 1, cmd 'C:\Users\Andrea\Desktop\HoloObstacleAvoidance\install\lib\rov_obstacle_sim_bridge\holoocean_bridge_node.EXE --ros-args -r __node:=holoocean_bridge --params-file C:\Users\Andrea\Desktop\HoloObstacleAvoidance\install\share\rov_obstacle_sim_bridge\config\holoocean_bridge.yaml --params-file C:\Users\Andrea\AppData\Local\Temp\launch_params_r14y2bsg'].
[oracle_dropout_relay_node.EXE-2] [INFO] [1786811879.393520800] [oracle_dropout_relay]: oracle relay: dropout_enabled=False (trigger 'AVOIDING*' +3.0s for 2.0s)

[holoocean_bridge_node.EXE-1] [INFO] [1786811879.713050700] [holoocean_bridge]: HoloOcean bridge: will connect to sim server 127.0.0.1:47654. /perception/obstacles_oracle is SIMULATION-ONLY ground truth.

[ERROR] [calibrated_observation_relay_node.EXE-3]: process has died [pid 14428, exit code 1, cmd 'C:\Users\Andrea\Desktop\HoloObstacleAvoidance\install\lib\rov_obstacle_sim_bridge\calibrated_observation_relay_node.EXE --ros-args -r __node:=calibrated_observation_relay --params-file C:\Users\Andrea\AppData\Local\Temp\launch_params_luifcc9g'].
[calibrated_observation_relay_node.EXE-3] [INFO] [1786811879.383470900] [calibrated_observation_relay]: calibrated observation relay: level=S0 s1=False s2=False

[ERROR] [actuation_model_node.EXE-4]: process has died [pid 11276, exit code 1, cmd 'C:\Users\Andrea\Desktop\HoloObstacleAvoidance\install\lib\rov_obstacle_sim_bridge\actuation_model_node.EXE --ros-args -r __node:=actuation_model --params-file C:\Users\Andrea\AppData\Local\Temp\launch_params_djcaliq9'].
