C:\dev\ros2_lyrical\Lib\site-packages\launch\logging\__init__.py:172: UserWarning: Cannot create a symlink to latest log directory: [WinError 1314] Il privilegio richiesto non appartiene al client: 'C:\\Users\\Andrea\\.ros\\log\\2026-08-15-19-22-24-597665-DESKTOP-CNGN003-25428' -> 'C:\\Users\\Andrea\\.ros\\log\\latest'

  warnings.warn(
[INFO] [launch]: All log files can be found below C:\Users\Andrea\.ros\log\2026-08-15-19-22-24-597665-DESKTOP-CNGN003-25428
[INFO] [launch]: Default logging verbosity is set to INFO
[INFO] [holoocean_bridge_node.EXE-1]: process started with pid [3772]
[INFO] [oracle_dropout_relay_node.EXE-2]: process started with pid [24020]
[INFO] [calibrated_observation_relay_node.EXE-3]: process started with pid [24260]
[INFO] [actuation_model_node.EXE-4]: process started with pid [25580]
[INFO] [temporal_estimator_node.EXE-5]: process started with pid [11880]
[INFO] [commanded_odometry_node.EXE-6]: process started with pid [16328]
[INFO] [nominal_cmd_publisher_node.EXE-7]: process started with pid [15856]
[INFO] [local_avoidance_planner_node.EXE-8]: process started with pid [16812]
[INFO] [baseline0_validator_node.EXE-9]: process started with pid [12208]
[ERROR] [holoocean_bridge_node.EXE-1]: process has died [pid 3772, exit code 1, cmd 'C:\Users\Andrea\Desktop\HoloObstacleAvoidance\install\lib\rov_obstacle_sim_bridge\holoocean_bridge_node.EXE --ros-args -r __node:=holoocean_bridge --params-file C:\Users\Andrea\Desktop\HoloObstacleAvoidance\install\share\rov_obstacle_sim_bridge\config\holoocean_bridge.yaml --params-file C:\Users\Andrea\AppData\Local\Temp\launch_params_t6vryps1'].
[holoocean_bridge_node.EXE-1] [2m2026-08-15T17:22:25.967506Z[0m [33m WARN[0m ThreadId(12) [2mzenoh::net::runtime::orchestrator[0m[2m:[0m Scouting delay elapsed before start conditions are met.

[holoocean_bridge_node.EXE-1] [INFO] [1786814546.561848200] [holoocean_bridge]: HoloOcean bridge: will connect to sim server 127.0.0.1:47654. /perception/obstacles_oracle is SIMULATION-ONLY ground truth.

[ERROR] [oracle_dropout_relay_node.EXE-2]: process has died [pid 24020, exit code 1, cmd 'C:\Users\Andrea\Desktop\HoloObstacleAvoidance\install\lib\rov_obstacle_sim_bridge\oracle_dropout_relay_node.EXE --ros-args -r __node:=oracle_dropout_relay --params-file C:\Users\Andrea\AppData\Local\Temp\launch_params_w_aj6d3i'].
[ERROR] [calibrated_observation_relay_node.EXE-3]: process has died [pid 24260, exit code 1, cmd 'C:\Users\Andrea\Desktop\HoloObstacleAvoidance\install\lib\rov_obstacle_sim_bridge\calibrated_observation_relay_node.EXE --ros-args -r __node:=calibrated_observation_relay --params-file C:\Users\Andrea\AppData\Local\Temp\launch_params_7uixxlyl'].
[oracle_dropout_relay_node.EXE-2] [INFO] [1786814545.891783300] [oracle_dropout_relay]: oracle relay: dropout_enabled=False (trigger 'AVOIDING*' +3.0s for 2.0s)

[calibrated_observation_relay_node.EXE-3] [INFO] [1786814545.819732100] [calibrated_observation_relay]: calibrated observation relay: level=S1 s1=True s2=False

[ERROR] [temporal_estimator_node.EXE-5]: process has died [pid 11880, exit code 1, cmd 'C:\Users\Andrea\Desktop\HoloObstacleAvoidance\install\lib\rov_obstacle_tracking\temporal_estimator_node.EXE --ros-args -r __node:=temporal_estimator --params-file C:\Users\Andrea\AppData\Local\Temp\launch_params_evjfapz0'].
[ERROR] [actuation_model_node.EXE-4]: process has died [pid 25580, exit code 1, cmd 'C:\Users\Andrea\Desktop\HoloObstacleAvoidance\install\lib\rov_obstacle_sim_bridge\actuation_model_node.EXE --ros-args -r __node:=actuation_model --params-file C:\Users\Andrea\AppData\Local\Temp\launch_params_byv079mh'].
[ERROR] [commanded_odometry_node.EXE-6]: process has died [pid 16328, exit code 1, cmd 'C:\Users\Andrea\Desktop\HoloObstacleAvoidance\install\lib\rov_obstacle_sim_bridge\commanded_odometry_node.EXE --ros-args -r __node:=commanded_odometry'].
[temporal_estimator_node.EXE-5] [INFO] [1786814546.047417600] [temporal_estimator]: temporal estimator method=t2_fixed_kf /perception/obstacles_raw -> /perception/obstacles

[actuation_model_node.EXE-4] [INFO] [1786814545.791809200] [actuation_model]: actuation model: level=S1 plant=False latency=0.000 s

[commanded_odometry_node.EXE-6] [2m2026-08-15T17:22:25.967374Z[0m [33m WARN[0m ThreadId(13) [2mzenoh::net::runtime::orchestrator[0m[2m:[0m Scouting delay elapsed before start conditions are met.

[commanded_odometry_node.EXE-6] [INFO] [1786814546.560316900] [commanded_odometry]: commanded odometry (no-DVL transferable dead reckoning): inputs ['/planner/cmd_vel_safe', '/rov/attitude_measured', '/rov/depth'] -> /rov/odom_estimated

[ERROR] [local_avoidance_planner_node.EXE-8]: process has died [pid 16812, exit code 1, cmd 'C:\Users\Andrea\Desktop\HoloObstacleAvoidance\install\lib\rov_obstacle_avoidance\local_avoidance_planner_node.EXE --ros-args -r __node:=local_avoidance_planner --params-file C:\Users\Andrea\Desktop\HoloObstacleAvoidance\install\share\rov_obstacle_avoidance\config\local_avoidance_planner.yaml --params-file C:\Users\Andrea\AppData\Local\Temp\launch_params_v4cx94gd'].
[local_avoidance_planner_node.EXE-8] [INFO] [1786814546.288487100] [local_avoidance_planner]: Local avoidance planner publishing /planner/cmd_vel_safe.

[ERROR] [nominal_cmd_publisher_node.EXE-7]: process has died [pid 15856, exit code 1, cmd 'C:\Users\Andrea\Desktop\HoloObstacleAvoidance\install\lib\rov_obstacle_bringup\nominal_cmd_publisher_node.EXE --ros-args -r __node:=nominal_cmd_publisher --params-file C:\Users\Andrea\Desktop\HoloObstacleAvoidance\install\share\rov_obstacle_bringup\config\demo.yaml --params-file C:\Users\Andrea\AppData\Local\Temp\launch_params_l3zsjs6u'].
[nominal_cmd_publisher_node.EXE-7] [INFO] [1786814546.258727500] [nominal_cmd_publisher]: Nominal command publisher sending /cmd_vel_nominal.

