C:\dev\ros2_lyrical\Lib\site-packages\launch\logging\__init__.py:172: UserWarning: Cannot create a symlink to latest log directory: [WinError 1314] Il privilegio richiesto non appartiene al client: 'C:\\Users\\Andrea\\.ros\\log\\2026-08-11-10-51-09-669735-DESKTOP-CNGN003-29132' -> 'C:\\Users\\Andrea\\.ros\\log\\latest'

  warnings.warn(
[INFO] [launch]: All log files can be found below C:\Users\Andrea\.ros\log\2026-08-11-10-51-09-669735-DESKTOP-CNGN003-29132
[INFO] [launch]: Default logging verbosity is set to INFO
[INFO] [holoocean_bridge_node.EXE-1]: process started with pid [18764]
[INFO] [oracle_dropout_relay_node.EXE-2]: process started with pid [29900]
[INFO] [temporal_estimator_node.EXE-3]: process started with pid [6888]
[INFO] [commanded_odometry_node.EXE-4]: process started with pid [8156]
[INFO] [nominal_cmd_publisher_node.EXE-5]: process started with pid [21988]
[INFO] [local_avoidance_planner_node.EXE-6]: process started with pid [11716]
[INFO] [baseline0_validator_node.EXE-7]: process started with pid [18132]
[ERROR] [oracle_dropout_relay_node.EXE-2]: process has died [pid 29900, exit code 1, cmd 'C:\Users\Andrea\Desktop\HoloObstacleAvoidance\install\lib\rov_obstacle_sim_bridge\oracle_dropout_relay_node.EXE --ros-args -r __node:=oracle_dropout_relay --params-file C:\Users\Andrea\AppData\Local\Temp\launch_params_3lhkz_so'].
[ERROR] [temporal_estimator_node.EXE-3]: process has died [pid 6888, exit code 1, cmd 'C:\Users\Andrea\Desktop\HoloObstacleAvoidance\install\lib\rov_obstacle_tracking\temporal_estimator_node.EXE --ros-args -r __node:=temporal_estimator --params-file C:\Users\Andrea\AppData\Local\Temp\launch_params_rqtue451'].
[ERROR] [holoocean_bridge_node.EXE-1]: process has died [pid 18764, exit code 1, cmd 'C:\Users\Andrea\Desktop\HoloObstacleAvoidance\install\lib\rov_obstacle_sim_bridge\holoocean_bridge_node.EXE --ros-args -r __node:=holoocean_bridge --params-file C:\Users\Andrea\Desktop\HoloObstacleAvoidance\install\share\rov_obstacle_sim_bridge\config\holoocean_bridge.yaml --params-file C:\Users\Andrea\AppData\Local\Temp\launch_params_r18ympkp'].
[oracle_dropout_relay_node.EXE-2] [INFO] [1786438270.907242700] [oracle_dropout_relay]: oracle relay: dropout_enabled=False (trigger 'AVOIDING*' +3.0s for 2.0s)

[temporal_estimator_node.EXE-3] [INFO] [1786438271.203322300] [temporal_estimator]: temporal estimator method=t1_hold_ema /perception/obstacles_raw -> /perception/obstacles

[ERROR] [commanded_odometry_node.EXE-4]: process has died [pid 8156, exit code 1, cmd 'C:\Users\Andrea\Desktop\HoloObstacleAvoidance\install\lib\rov_obstacle_sim_bridge\commanded_odometry_node.EXE --ros-args -r __node:=commanded_odometry'].
[ERROR] [nominal_cmd_publisher_node.EXE-5]: process has died [pid 21988, exit code 1, cmd 'C:\Users\Andrea\Desktop\HoloObstacleAvoidance\install\lib\rov_obstacle_bringup\nominal_cmd_publisher_node.EXE --ros-args -r __node:=nominal_cmd_publisher --params-file C:\Users\Andrea\Desktop\HoloObstacleAvoidance\install\share\rov_obstacle_bringup\config\demo.yaml'].
[holoocean_bridge_node.EXE-1] [2m2026-08-11T08:52:11.637005Z[0m [31mERROR[0m net-0 ThreadId(02) [2mzenoh_transport::unicast::universal::tx[0m[2m:[0m Unable to push non droppable network message to 2f10a1ac67cb725016724af19253aa6c. Closing transport!

[holoocean_bridge_node.EXE-1] [INFO] [1786438271.144687300] [holoocean_bridge]: HoloOcean bridge: will connect to sim server 127.0.0.1:47654. /perception/obstacles_oracle is SIMULATION-ONLY ground truth.

[commanded_odometry_node.EXE-4] [2m2026-08-11T08:51:11.031893Z[0m [33m WARN[0m ThreadId(11) [2mzenoh::net::runtime::orchestrator[0m[2m:[0m Scouting delay elapsed before start conditions are met.

[commanded_odometry_node.EXE-4] [INFO] [1786438271.587942300] [commanded_odometry]: commanded odometry (no-DVL transferable dead reckoning): inputs ['/planner/cmd_vel_safe', '/rov/attitude_measured', '/rov/depth'] -> /rov/odom_estimated

[nominal_cmd_publisher_node.EXE-5] [INFO] [1786438270.878286000] [nominal_cmd_publisher]: Nominal command publisher sending /cmd_vel_nominal.

