C:\dev\ros2_lyrical\Lib\site-packages\launch\logging\__init__.py:172: UserWarning: Cannot create a symlink to latest log directory: [WinError 1314] Il privilegio richiesto non appartiene al client: 'C:\\Users\\Andrea\\.ros\\log\\2026-08-15-19-24-16-755130-DESKTOP-CNGN003-20192' -> 'C:\\Users\\Andrea\\.ros\\log\\latest'

  warnings.warn(
[INFO] [launch]: All log files can be found below C:\Users\Andrea\.ros\log\2026-08-15-19-24-16-755130-DESKTOP-CNGN003-20192
[INFO] [launch]: Default logging verbosity is set to INFO
[INFO] [holoocean_bridge_node.EXE-1]: process started with pid [11296]
[INFO] [oracle_dropout_relay_node.EXE-2]: process started with pid [17508]
[INFO] [calibrated_observation_relay_node.EXE-3]: process started with pid [11512]
[INFO] [actuation_model_node.EXE-4]: process started with pid [3788]
[INFO] [temporal_estimator_node.EXE-5]: process started with pid [12868]
[INFO] [commanded_odometry_node.EXE-6]: process started with pid [21236]
[INFO] [nominal_cmd_publisher_node.EXE-7]: process started with pid [16824]
[INFO] [dwa_planner_node.EXE-8]: process started with pid [20632]
[INFO] [baseline0_validator_node.EXE-9]: process started with pid [18236]
[ERROR] [holoocean_bridge_node.EXE-1]: process has died [pid 11296, exit code 1, cmd 'C:\Users\Andrea\Desktop\HoloObstacleAvoidance\install\lib\rov_obstacle_sim_bridge\holoocean_bridge_node.EXE --ros-args -r __node:=holoocean_bridge --params-file C:\Users\Andrea\Desktop\HoloObstacleAvoidance\install\share\rov_obstacle_sim_bridge\config\holoocean_bridge.yaml --params-file C:\Users\Andrea\AppData\Local\Temp\launch_params_ncnvhlct'].
[holoocean_bridge_node.EXE-1] [INFO] [1786814658.331340200] [holoocean_bridge]: HoloOcean bridge: will connect to sim server 127.0.0.1:47654. /perception/obstacles_oracle is SIMULATION-ONLY ground truth.

[ERROR] [calibrated_observation_relay_node.EXE-3]: process has died [pid 11512, exit code 1, cmd 'C:\Users\Andrea\Desktop\HoloObstacleAvoidance\install\lib\rov_obstacle_sim_bridge\calibrated_observation_relay_node.EXE --ros-args -r __node:=calibrated_observation_relay --params-file C:\Users\Andrea\AppData\Local\Temp\launch_params_j0wndb7j'].
[calibrated_observation_relay_node.EXE-3] [INFO] [1786814657.945554200] [calibrated_observation_relay]: calibrated observation relay: level=S1 s1=True s2=False

[ERROR] [oracle_dropout_relay_node.EXE-2]: process has died [pid 17508, exit code 1, cmd 'C:\Users\Andrea\Desktop\HoloObstacleAvoidance\install\lib\rov_obstacle_sim_bridge\oracle_dropout_relay_node.EXE --ros-args -r __node:=oracle_dropout_relay --params-file C:\Users\Andrea\AppData\Local\Temp\launch_params_2donlr42'].
[oracle_dropout_relay_node.EXE-2] [INFO] [1786814658.331952400] [oracle_dropout_relay]: oracle relay: dropout_enabled=False (trigger 'AVOIDING*' +3.0s for 2.0s)

[ERROR] [actuation_model_node.EXE-4]: process has died [pid 3788, exit code 1, cmd 'C:\Users\Andrea\Desktop\HoloObstacleAvoidance\install\lib\rov_obstacle_sim_bridge\actuation_model_node.EXE --ros-args -r __node:=actuation_model --params-file C:\Users\Andrea\AppData\Local\Temp\launch_params_5s34hiaa'].
[actuation_model_node.EXE-4] [INFO] [1786814657.995760800] [actuation_model]: actuation model: level=S1 plant=False latency=0.000 s

[ERROR] [nominal_cmd_publisher_node.EXE-7]: process has died [pid 16824, exit code 1, cmd 'C:\Users\Andrea\Desktop\HoloObstacleAvoidance\install\lib\rov_obstacle_bringup\nominal_cmd_publisher_node.EXE --ros-args -r __node:=nominal_cmd_publisher --params-file C:\Users\Andrea\Desktop\HoloObstacleAvoidance\install\share\rov_obstacle_bringup\config\demo.yaml --params-file C:\Users\Andrea\AppData\Local\Temp\launch_params_dwczud2o'].
[ERROR] [temporal_estimator_node.EXE-5]: process has died [pid 12868, exit code 1, cmd 'C:\Users\Andrea\Desktop\HoloObstacleAvoidance\install\lib\rov_obstacle_tracking\temporal_estimator_node.EXE --ros-args -r __node:=temporal_estimator --params-file C:\Users\Andrea\AppData\Local\Temp\launch_params_hrx6qje3'].
