C:\dev\ros2_lyrical\Lib\site-packages\launch\logging\__init__.py:172: UserWarning: Cannot create a symlink to latest log directory: [WinError 1314] Il privilegio richiesto non appartiene al client: 'C:\\Users\\Andrea\\.ros\\log\\2026-08-15-19-39-44-670081-DESKTOP-CNGN003-5820' -> 'C:\\Users\\Andrea\\.ros\\log\\latest'

  warnings.warn(
[INFO] [launch]: All log files can be found below C:\Users\Andrea\.ros\log\2026-08-15-19-39-44-670081-DESKTOP-CNGN003-5820
[INFO] [launch]: Default logging verbosity is set to INFO
[INFO] [holoocean_bridge_node.EXE-1]: process started with pid [21912]
[INFO] [oracle_dropout_relay_node.EXE-2]: process started with pid [15552]
[INFO] [calibrated_observation_relay_node.EXE-3]: process started with pid [14780]
[INFO] [actuation_model_node.EXE-4]: process started with pid [18316]
[INFO] [temporal_estimator_node.EXE-5]: process started with pid [23024]
[INFO] [commanded_odometry_node.EXE-6]: process started with pid [14952]
[INFO] [nominal_cmd_publisher_node.EXE-7]: process started with pid [12388]
[INFO] [dwa_planner_node.EXE-8]: process started with pid [17380]
[INFO] [baseline0_validator_node.EXE-9]: process started with pid [12540]
[ERROR] [holoocean_bridge_node.EXE-1]: process has died [pid 21912, exit code 1, cmd 'C:\Users\Andrea\Desktop\HoloObstacleAvoidance\install\lib\rov_obstacle_sim_bridge\holoocean_bridge_node.EXE --ros-args -r __node:=holoocean_bridge --params-file C:\Users\Andrea\Desktop\HoloObstacleAvoidance\install\share\rov_obstacle_sim_bridge\config\holoocean_bridge.yaml --params-file C:\Users\Andrea\AppData\Local\Temp\launch_params_o9dy6kfv'].
[holoocean_bridge_node.EXE-1] [2m2026-08-15T17:39:46.805713Z[0m [33m WARN[0m ThreadId(13) [2mzenoh::net::runtime::orchestrator[0m[2m:[0m Scouting delay elapsed before start conditions are met.

[holoocean_bridge_node.EXE-1] [INFO] [1786815587.808874500] [holoocean_bridge]: HoloOcean bridge: will connect to sim server 127.0.0.1:47654. /perception/obstacles_oracle is SIMULATION-ONLY ground truth.

[ERROR] [oracle_dropout_relay_node.EXE-2]: process has died [pid 15552, exit code 1, cmd 'C:\Users\Andrea\Desktop\HoloObstacleAvoidance\install\lib\rov_obstacle_sim_bridge\oracle_dropout_relay_node.EXE --ros-args -r __node:=oracle_dropout_relay --params-file C:\Users\Andrea\AppData\Local\Temp\launch_params_r3zok8v7'].
[oracle_dropout_relay_node.EXE-2] [INFO] [1786815586.878234000] [oracle_dropout_relay]: oracle relay: dropout_enabled=False (trigger 'AVOIDING*' +3.0s for 2.0s)

[ERROR] [calibrated_observation_relay_node.EXE-3]: process has died [pid 14780, exit code 1, cmd 'C:\Users\Andrea\Desktop\HoloObstacleAvoidance\install\lib\rov_obstacle_sim_bridge\calibrated_observation_relay_node.EXE --ros-args -r __node:=calibrated_observation_relay --params-file C:\Users\Andrea\AppData\Local\Temp\launch_params_b7344rwm'].
[calibrated_observation_relay_node.EXE-3] [INFO] [1786815586.797800000] [calibrated_observation_relay]: calibrated observation relay: level=S2 s1=True s2=True

[ERROR] [actuation_model_node.EXE-4]: process has died [pid 18316, exit code 1, cmd 'C:\Users\Andrea\Desktop\HoloObstacleAvoidance\install\lib\rov_obstacle_sim_bridge\actuation_model_node.EXE --ros-args -r __node:=actuation_model --params-file C:\Users\Andrea\AppData\Local\Temp\launch_params_zphyr5wk'].
[actuation_model_node.EXE-4] [INFO] [1786815586.860109100] [actuation_model]: actuation model: level=S2 plant=False latency=0.000 s

[ERROR] [temporal_estimator_node.EXE-5]: process has died [pid 23024, exit code 1, cmd 'C:\Users\Andrea\Desktop\HoloObstacleAvoidance\install\lib\rov_obstacle_tracking\temporal_estimator_node.EXE --ros-args -r __node:=temporal_estimator --params-file C:\Users\Andrea\AppData\Local\Temp\launch_params_ggyi1_mj'].
[temporal_estimator_node.EXE-5] [2m2026-08-15T17:39:46.804637Z[0m [33m WARN[0m ThreadId(13) [2mzenoh::net::runtime::orchestrator[0m[2m:[0m Scouting delay elapsed before start conditions are met.

[temporal_estimator_node.EXE-5] [INFO] [1786815587.705017900] [temporal_estimator]: temporal estimator method=t2_fixed_kf /perception/obstacles_raw -> /perception/obstacles

