C:\dev\ros2_lyrical\Lib\site-packages\launch\logging\__init__.py:172: UserWarning: Cannot create a symlink to latest log directory: [WinError 1314] Il privilegio richiesto non appartiene al client: 'C:\\Users\\Andrea\\.ros\\log\\2026-08-16-19-36-21-677540-DESKTOP-CNGN003-29876' -> 'C:\\Users\\Andrea\\.ros\\log\\latest'

  warnings.warn(
[INFO] [launch]: All log files can be found below C:\Users\Andrea\.ros\log\2026-08-16-19-36-21-677540-DESKTOP-CNGN003-29876
[INFO] [launch]: Default logging verbosity is set to INFO
[INFO] [holoocean_bridge_node.EXE-1]: process started with pid [21780]
[INFO] [oracle_dropout_relay_node.EXE-2]: process started with pid [30640]
[INFO] [calibrated_observation_relay_node.EXE-3]: process started with pid [32640]
[INFO] [actuation_model_node.EXE-4]: process started with pid [4340]
[INFO] [temporal_estimator_node.EXE-5]: process started with pid [21236]
[INFO] [commanded_odometry_node.EXE-6]: process started with pid [26960]
[INFO] [nominal_cmd_publisher_node.EXE-7]: process started with pid [17212]
[INFO] [local_avoidance_planner_node.EXE-8]: process started with pid [16940]
[INFO] [baseline0_validator_node.EXE-9]: process started with pid [23504]
[ERROR] [holoocean_bridge_node.EXE-1]: process has died [pid 21780, exit code 1, cmd 'C:\Users\Andrea\Desktop\HoloObstacleAvoidance\install\lib\rov_obstacle_sim_bridge\holoocean_bridge_node.EXE --ros-args -r __node:=holoocean_bridge --params-file C:\Users\Andrea\Desktop\HoloObstacleAvoidance\install\share\rov_obstacle_sim_bridge\config\holoocean_bridge.yaml --params-file C:\Users\Andrea\AppData\Local\Temp\launch_params_mdirq1yc'].
[ERROR] [oracle_dropout_relay_node.EXE-2]: process has died [pid 30640, exit code 1, cmd 'C:\Users\Andrea\Desktop\HoloObstacleAvoidance\install\lib\rov_obstacle_sim_bridge\oracle_dropout_relay_node.EXE --ros-args -r __node:=oracle_dropout_relay --params-file C:\Users\Andrea\AppData\Local\Temp\launch_params_ck_qwcg0'].
[holoocean_bridge_node.EXE-1] [INFO] [1786901784.754695300] [holoocean_bridge]: HoloOcean bridge: will connect to sim server 127.0.0.1:47654. /perception/obstacles_oracle is SIMULATION-ONLY ground truth.

[oracle_dropout_relay_node.EXE-2] [INFO] [1786901783.934418900] [oracle_dropout_relay]: oracle relay: dropout_enabled=False (trigger 'AVOIDING*' +3.0s for 2.0s)

[ERROR] [actuation_model_node.EXE-4]: process has died [pid 4340, exit code 1, cmd 'C:\Users\Andrea\Desktop\HoloObstacleAvoidance\install\lib\rov_obstacle_sim_bridge\actuation_model_node.EXE --ros-args -r __node:=actuation_model --params-file C:\Users\Andrea\AppData\Local\Temp\launch_params_vlkfd9bb'].
[ERROR] [calibrated_observation_relay_node.EXE-3]: process has died [pid 32640, exit code 1, cmd 'C:\Users\Andrea\Desktop\HoloObstacleAvoidance\install\lib\rov_obstacle_sim_bridge\calibrated_observation_relay_node.EXE --ros-args -r __node:=calibrated_observation_relay --params-file C:\Users\Andrea\AppData\Local\Temp\launch_params_ln7eyfym'].
[actuation_model_node.EXE-4] [2m2026-08-16T17:36:23.929218Z[0m [33m WARN[0m ThreadId(11) [2mzenoh::net::runtime::orchestrator[0m[2m:[0m Scouting delay elapsed before start conditions are met.

[actuation_model_node.EXE-4] [INFO] [1786901785.201212900] [actuation_model]: actuation model: level=S3 plant=True latency=0.000 s

[calibrated_observation_relay_node.EXE-3] [INFO] [1786901784.109374600] [calibrated_observation_relay]: calibrated observation relay: level=S3 s1=True s2=True

[ERROR] [commanded_odometry_node.EXE-6]: process has died [pid 26960, exit code 1, cmd 'C:\Users\Andrea\Desktop\HoloObstacleAvoidance\install\lib\rov_obstacle_sim_bridge\commanded_odometry_node.EXE --ros-args -r __node:=commanded_odometry'].
[ERROR] [temporal_estimator_node.EXE-5]: process has died [pid 21236, exit code 1, cmd 'C:\Users\Andrea\Desktop\HoloObstacleAvoidance\install\lib\rov_obstacle_tracking\temporal_estimator_node.EXE --ros-args -r __node:=temporal_estimator --params-file C:\Users\Andrea\AppData\Local\Temp\launch_params_ly5_d2gz'].
[commanded_odometry_node.EXE-6] [INFO] [1786901784.889486500] [commanded_odometry]: commanded odometry (no-DVL transferable dead reckoning): inputs ['/planner/cmd_vel_safe', '/rov/attitude_measured', '/rov/depth'] -> /rov/odom_estimated

[temporal_estimator_node.EXE-5] [2m2026-08-16T17:36:23.850480Z[0m [33m WARN[0m ThreadId(12) [2mzenoh::net::runtime::orchestrator[0m[2m:[0m Scouting delay elapsed before start conditions are met.

[temporal_estimator_node.EXE-5] [INFO] [1786901785.023480000] [temporal_estimator]: temporal estimator method=t2_fixed_kf /perception/obstacles_raw -> /perception/obstacles

[ERROR] [local_avoidance_planner_node.EXE-8]: process has died [pid 16940, exit code 1, cmd 'C:\Users\Andrea\Desktop\HoloObstacleAvoidance\install\lib\rov_obstacle_avoidance\local_avoidance_planner_node.EXE --ros-args -r __node:=local_avoidance_planner --params-file C:\Users\Andrea\Desktop\HoloObstacleAvoidance\install\share\rov_obstacle_avoidance\config\local_avoidance_planner.yaml --params-file C:\Users\Andrea\AppData\Local\Temp\launch_params_gors04r8'].
[ERROR] [nominal_cmd_publisher_node.EXE-7]: process has died [pid 17212, exit code 1, cmd 'C:\Users\Andrea\Desktop\HoloObstacleAvoidance\install\lib\rov_obstacle_bringup\nominal_cmd_publisher_node.EXE --ros-args -r __node:=nominal_cmd_publisher --params-file C:\Users\Andrea\Desktop\HoloObstacleAvoidance\install\share\rov_obstacle_bringup\config\demo.yaml --params-file C:\Users\Andrea\AppData\Local\Temp\launch_params_12vwk06h'].
[local_avoidance_planner_node.EXE-8] [INFO] [1786901786.477355700] [local_avoidance_planner]: Local avoidance planner publishing /planner/cmd_vel_safe.

[nominal_cmd_publisher_node.EXE-7] [INFO] [1786901786.235958200] [nominal_cmd_publisher]: Nominal command publisher sending /cmd_vel_nominal.

