C:\dev\ros2_lyrical\Lib\site-packages\launch\logging\__init__.py:172: UserWarning: Cannot create a symlink to latest log directory: [WinError 1314] Il privilegio richiesto non appartiene al client: 'C:\\Users\\Andrea\\.ros\\log\\2026-08-15-18-30-16-497428-DESKTOP-CNGN003-13920' -> 'C:\\Users\\Andrea\\.ros\\log\\latest'

  warnings.warn(
[INFO] [launch]: All log files can be found below C:\Users\Andrea\.ros\log\2026-08-15-18-30-16-497428-DESKTOP-CNGN003-13920
[INFO] [launch]: Default logging verbosity is set to INFO
[INFO] [holoocean_bridge_node.EXE-1]: process started with pid [23804]
[INFO] [oracle_dropout_relay_node.EXE-2]: process started with pid [20552]
[INFO] [calibrated_observation_relay_node.EXE-3]: process started with pid [13776]
[INFO] [actuation_model_node.EXE-4]: process started with pid [8608]
[INFO] [temporal_estimator_node.EXE-5]: process started with pid [24960]
[INFO] [commanded_odometry_node.EXE-6]: process started with pid [16072]
[INFO] [nominal_cmd_publisher_node.EXE-7]: process started with pid [10652]
[INFO] [dwa_planner_node.EXE-8]: process started with pid [5296]
[INFO] [baseline0_validator_node.EXE-9]: process started with pid [18000]
[ERROR] [holoocean_bridge_node.EXE-1]: process has died [pid 23804, exit code 1, cmd 'C:\Users\Andrea\Desktop\HoloObstacleAvoidance\install\lib\rov_obstacle_sim_bridge\holoocean_bridge_node.EXE --ros-args -r __node:=holoocean_bridge --params-file C:\Users\Andrea\Desktop\HoloObstacleAvoidance\install\share\rov_obstacle_sim_bridge\config\holoocean_bridge.yaml --params-file C:\Users\Andrea\AppData\Local\Temp\launch_params_p2rlu0xt'].
[holoocean_bridge_node.EXE-1] [INFO] [1786811419.115664000] [holoocean_bridge]: HoloOcean bridge: will connect to sim server 127.0.0.1:47654. /perception/obstacles_oracle is SIMULATION-ONLY ground truth.

[ERROR] [calibrated_observation_relay_node.EXE-3]: process has died [pid 13776, exit code 1, cmd 'C:\Users\Andrea\Desktop\HoloObstacleAvoidance\install\lib\rov_obstacle_sim_bridge\calibrated_observation_relay_node.EXE --ros-args -r __node:=calibrated_observation_relay --params-file C:\Users\Andrea\AppData\Local\Temp\launch_params_ga4169xt'].
[calibrated_observation_relay_node.EXE-3] [INFO] [1786811418.395162900] [calibrated_observation_relay]: calibrated observation relay: level=S0 s1=False s2=False

[ERROR] [oracle_dropout_relay_node.EXE-2]: process has died [pid 20552, exit code 1, cmd 'C:\Users\Andrea\Desktop\HoloObstacleAvoidance\install\lib\rov_obstacle_sim_bridge\oracle_dropout_relay_node.EXE --ros-args -r __node:=oracle_dropout_relay --params-file C:\Users\Andrea\AppData\Local\Temp\launch_params_db2yub6i'].
[oracle_dropout_relay_node.EXE-2] [INFO] [1786811418.804737300] [oracle_dropout_relay]: oracle relay: dropout_enabled=False (trigger 'AVOIDING*' +3.0s for 2.0s)

[ERROR] [actuation_model_node.EXE-4]: process has died [pid 8608, exit code 1, cmd 'C:\Users\Andrea\Desktop\HoloObstacleAvoidance\install\lib\rov_obstacle_sim_bridge\actuation_model_node.EXE --ros-args -r __node:=actuation_model --params-file C:\Users\Andrea\AppData\Local\Temp\launch_params_ysppeegv'].
[actuation_model_node.EXE-4] [2m2026-08-15T16:30:18.152201Z[0m [33m WARN[0m ThreadId(11) [2mzenoh::net::runtime::orchestrator[0m[2m:[0m Scouting delay elapsed before start conditions are met.

[actuation_model_node.EXE-4] [INFO] [1786811419.208702500] [actuation_model]: actuation model: level=S0 plant=False latency=0.000 s

[ERROR] [temporal_estimator_node.EXE-5]: process has died [pid 24960, exit code 1, cmd 'C:\Users\Andrea\Desktop\HoloObstacleAvoidance\install\lib\rov_obstacle_tracking\temporal_estimator_node.EXE --ros-args -r __node:=temporal_estimator --params-file C:\Users\Andrea\AppData\Local\Temp\launch_params_l1zci437'].
[temporal_estimator_node.EXE-5] [2m2026-08-15T16:30:18.185894Z[0m [33m WARN[0m ThreadId(15) [2mzenoh::net::runtime::orchestrator[0m[2m:[0m Scouting delay elapsed before start conditions are met.

[temporal_estimator_node.EXE-5] [INFO] [1786811419.244864900] [temporal_estimator]: temporal estimator method=t2_fixed_kf /perception/obstacles_raw -> /perception/obstacles

[ERROR] [commanded_odometry_node.EXE-6]: process has died [pid 16072, exit code 1, cmd 'C:\Users\Andrea\Desktop\HoloObstacleAvoidance\install\lib\rov_obstacle_sim_bridge\commanded_odometry_node.EXE --ros-args -r __node:=commanded_odometry'].
