C:\dev\ros2_lyrical\Lib\site-packages\launch\logging\__init__.py:172: UserWarning: Cannot create a symlink to latest log directory: [WinError 1314] Il privilegio richiesto non appartiene al client: 'C:\\Users\\Andrea\\.ros\\log\\2026-08-11-10-08-02-657771-DESKTOP-CNGN003-12352' -> 'C:\\Users\\Andrea\\.ros\\log\\latest'

  warnings.warn(
[INFO] [launch]: All log files can be found below C:\Users\Andrea\.ros\log\2026-08-11-10-08-02-657771-DESKTOP-CNGN003-12352
[INFO] [launch]: Default logging verbosity is set to INFO
[INFO] [holoocean_bridge_node.EXE-1]: process started with pid [23340]
[INFO] [oracle_dropout_relay_node.EXE-2]: process started with pid [19720]
[INFO] [temporal_estimator_node.EXE-3]: process started with pid [19864]
[INFO] [commanded_odometry_node.EXE-4]: process started with pid [25988]
[INFO] [nominal_cmd_publisher_node.EXE-5]: process started with pid [30672]
[INFO] [local_avoidance_planner_node.EXE-6]: process started with pid [24620]
[INFO] [baseline0_validator_node.EXE-7]: process started with pid [23428]
[ERROR] [holoocean_bridge_node.EXE-1]: process has died [pid 23340, exit code 1, cmd 'C:\Users\Andrea\Desktop\HoloObstacleAvoidance\install\lib\rov_obstacle_sim_bridge\holoocean_bridge_node.EXE --ros-args -r __node:=holoocean_bridge --params-file C:\Users\Andrea\Desktop\HoloObstacleAvoidance\install\share\rov_obstacle_sim_bridge\config\holoocean_bridge.yaml --params-file C:\Users\Andrea\AppData\Local\Temp\launch_params_0411c8v9'].
[ERROR] [oracle_dropout_relay_node.EXE-2]: process has died [pid 19720, exit code 1, cmd 'C:\Users\Andrea\Desktop\HoloObstacleAvoidance\install\lib\rov_obstacle_sim_bridge\oracle_dropout_relay_node.EXE --ros-args -r __node:=oracle_dropout_relay --params-file C:\Users\Andrea\AppData\Local\Temp\launch_params_6h0oxfjv'].
[holoocean_bridge_node.EXE-1] [INFO] [1786435684.067340500] [holoocean_bridge]: HoloOcean bridge: will connect to sim server 127.0.0.1:47654. /perception/obstacles_oracle is SIMULATION-ONLY ground truth.

[oracle_dropout_relay_node.EXE-2] [INFO] [1786435684.106076000] [oracle_dropout_relay]: oracle relay: dropout_enabled=True (trigger 'AVOIDING*' +3.0s for 2.0s)

[ERROR] [commanded_odometry_node.EXE-4]: process has died [pid 25988, exit code 1, cmd 'C:\Users\Andrea\Desktop\HoloObstacleAvoidance\install\lib\rov_obstacle_sim_bridge\commanded_odometry_node.EXE --ros-args -r __node:=commanded_odometry'].
[ERROR] [temporal_estimator_node.EXE-3]: process has died [pid 19864, exit code 1, cmd 'C:\Users\Andrea\Desktop\HoloObstacleAvoidance\install\lib\rov_obstacle_tracking\temporal_estimator_node.EXE --ros-args -r __node:=temporal_estimator --params-file C:\Users\Andrea\AppData\Local\Temp\launch_params_a2_qxrm3'].
[commanded_odometry_node.EXE-4] [INFO] [1786435684.740781500] [commanded_odometry]: commanded odometry (no-DVL transferable dead reckoning): inputs ['/planner/cmd_vel_safe', '/rov/attitude_measured', '/rov/depth'] -> /rov/odom_estimated

[temporal_estimator_node.EXE-3] [INFO] [1786435683.976997600] [temporal_estimator]: temporal estimator method=t3_adaptive_kf /perception/obstacles_raw -> /perception/obstacles

[ERROR] [local_avoidance_planner_node.EXE-6]: process has died [pid 24620, exit code 1, cmd 'C:\Users\Andrea\Desktop\HoloObstacleAvoidance\install\lib\rov_obstacle_avoidance\local_avoidance_planner_node.EXE --ros-args -r __node:=local_avoidance_planner --params-file C:\Users\Andrea\Desktop\HoloObstacleAvoidance\install\share\rov_obstacle_avoidance\config\local_avoidance_planner.yaml'].
[ERROR] [nominal_cmd_publisher_node.EXE-5]: process has died [pid 30672, exit code 1, cmd 'C:\Users\Andrea\Desktop\HoloObstacleAvoidance\install\lib\rov_obstacle_bringup\nominal_cmd_publisher_node.EXE --ros-args -r __node:=nominal_cmd_publisher --params-file C:\Users\Andrea\Desktop\HoloObstacleAvoidance\install\share\rov_obstacle_bringup\config\demo.yaml'].
[local_avoidance_planner_node.EXE-6] [2m2026-08-11T08:08:04.020126Z[0m [33m WARN[0m ThreadId(11) [2mzenoh::net::runtime::orchestrator[0m[2m:[0m Scouting delay elapsed before start conditions are met.

[local_avoidance_planner_node.EXE-6] [INFO] [1786435684.575242500] [local_avoidance_planner]: Local avoidance planner publishing /planner/cmd_vel_safe.

[nominal_cmd_publisher_node.EXE-5] [INFO] [1786435684.191535400] [nominal_cmd_publisher]: Nominal command publisher sending /cmd_vel_nominal.

