C:\dev\ros2_lyrical\Lib\site-packages\launch\logging\__init__.py:172: UserWarning: Cannot create a symlink to latest log directory: [WinError 1314] Il privilegio richiesto non appartiene al client: 'C:\\Users\\Andrea\\.ros\\log\\2026-08-16-22-57-14-885155-DESKTOP-CNGN003-23016' -> 'C:\\Users\\Andrea\\.ros\\log\\latest'

  warnings.warn(
[INFO] [launch]: All log files can be found below C:\Users\Andrea\.ros\log\2026-08-16-22-57-14-885155-DESKTOP-CNGN003-23016
[INFO] [launch]: Default logging verbosity is set to INFO
[INFO] [holoocean_bridge_node.EXE-1]: process started with pid [20644]
[INFO] [oracle_dropout_relay_node.EXE-2]: process started with pid [25632]
[INFO] [calibrated_observation_relay_node.EXE-3]: process started with pid [26408]
[INFO] [actuation_model_node.EXE-4]: process started with pid [32364]
[INFO] [temporal_estimator_node.EXE-5]: process started with pid [22176]
[INFO] [commanded_odometry_node.EXE-6]: process started with pid [25052]
[INFO] [nominal_cmd_publisher_node.EXE-7]: process started with pid [25228]
[INFO] [local_avoidance_planner_node.EXE-8]: process started with pid [21148]
[INFO] [baseline0_validator_node.EXE-9]: process started with pid [25728]
[ERROR] [calibrated_observation_relay_node.EXE-3]: process has died [pid 26408, exit code 1, cmd 'C:\Users\Andrea\Desktop\HoloObstacleAvoidance\install\lib\rov_obstacle_sim_bridge\calibrated_observation_relay_node.EXE --ros-args -r __node:=calibrated_observation_relay --params-file C:\Users\Andrea\AppData\Local\Temp\launch_params_6u_egx4n'].
[ERROR] [oracle_dropout_relay_node.EXE-2]: process has died [pid 25632, exit code 1, cmd 'C:\Users\Andrea\Desktop\HoloObstacleAvoidance\install\lib\rov_obstacle_sim_bridge\oracle_dropout_relay_node.EXE --ros-args -r __node:=oracle_dropout_relay --params-file C:\Users\Andrea\AppData\Local\Temp\launch_params_lhkv1v4v'].
[calibrated_observation_relay_node.EXE-3] [INFO] [1786913838.769025400] [calibrated_observation_relay]: calibrated observation relay: level=S3 s1=True s2=True

[oracle_dropout_relay_node.EXE-2] [INFO] [1786913838.761434200] [oracle_dropout_relay]: oracle relay: dropout_enabled=False (trigger 'AVOIDING*' +3.0s for 2.0s)

[ERROR] [holoocean_bridge_node.EXE-1]: process has died [pid 20644, exit code 1, cmd 'C:\Users\Andrea\Desktop\HoloObstacleAvoidance\install\lib\rov_obstacle_sim_bridge\holoocean_bridge_node.EXE --ros-args -r __node:=holoocean_bridge --params-file C:\Users\Andrea\Desktop\HoloObstacleAvoidance\install\share\rov_obstacle_sim_bridge\config\holoocean_bridge.yaml --params-file C:\Users\Andrea\AppData\Local\Temp\launch_params_xrwr67_l'].
[holoocean_bridge_node.EXE-1] [INFO] [1786913837.952214600] [holoocean_bridge]: HoloOcean bridge: will connect to sim server 127.0.0.1:47654. /perception/obstacles_oracle is SIMULATION-ONLY ground truth.

[ERROR] [actuation_model_node.EXE-4]: process has died [pid 32364, exit code 1, cmd 'C:\Users\Andrea\Desktop\HoloObstacleAvoidance\install\lib\rov_obstacle_sim_bridge\actuation_model_node.EXE --ros-args -r __node:=actuation_model --params-file C:\Users\Andrea\AppData\Local\Temp\launch_params_ktbppanf'].
[ERROR] [temporal_estimator_node.EXE-5]: process has died [pid 22176, exit code 1, cmd 'C:\Users\Andrea\Desktop\HoloObstacleAvoidance\install\lib\rov_obstacle_tracking\temporal_estimator_node.EXE --ros-args -r __node:=temporal_estimator --params-file C:\Users\Andrea\AppData\Local\Temp\launch_params_ppd74g4f'].
[actuation_model_node.EXE-4] [2m2026-08-16T20:57:17.023192Z[0m [33m WARN[0m ThreadId(11) [2mzenoh::net::runtime::orchestrator[0m[2m:[0m Scouting delay elapsed before start conditions are met.

[actuation_model_node.EXE-4] [INFO] [1786913838.045384200] [actuation_model]: actuation model: level=S3 plant=True latency=0.000 s

[temporal_estimator_node.EXE-5] [INFO] [1786913838.054465200] [temporal_estimator]: temporal estimator method=t2_fixed_kf /perception/obstacles_raw -> /perception/obstacles

[ERROR] [nominal_cmd_publisher_node.EXE-7]: process has died [pid 25228, exit code 1, cmd 'C:\Users\Andrea\Desktop\HoloObstacleAvoidance\install\lib\rov_obstacle_bringup\nominal_cmd_publisher_node.EXE --ros-args -r __node:=nominal_cmd_publisher --params-file C:\Users\Andrea\Desktop\HoloObstacleAvoidance\install\share\rov_obstacle_bringup\config\demo.yaml --params-file C:\Users\Andrea\AppData\Local\Temp\launch_params_jlvshvop'].
[ERROR] [commanded_odometry_node.EXE-6]: process has died [pid 25052, exit code 1, cmd 'C:\Users\Andrea\Desktop\HoloObstacleAvoidance\install\lib\rov_obstacle_sim_bridge\commanded_odometry_node.EXE --ros-args -r __node:=commanded_odometry'].
[nominal_cmd_publisher_node.EXE-7] [INFO] [1786913838.727813100] [nominal_cmd_publisher]: Nominal command publisher sending /cmd_vel_nominal.

[commanded_odometry_node.EXE-6] [INFO] [1786913838.887654300] [commanded_odometry]: commanded odometry (no-DVL transferable dead reckoning): inputs ['/planner/cmd_vel_safe', '/rov/attitude_measured', '/rov/depth'] -> /rov/odom_estimated

[ERROR] [local_avoidance_planner_node.EXE-8]: process has died [pid 21148, exit code 1, cmd 'C:\Users\Andrea\Desktop\HoloObstacleAvoidance\install\lib\rov_obstacle_avoidance\local_avoidance_planner_node.EXE --ros-args -r __node:=local_avoidance_planner --params-file C:\Users\Andrea\Desktop\HoloObstacleAvoidance\install\share\rov_obstacle_avoidance\config\local_avoidance_planner.yaml --params-file C:\Users\Andrea\AppData\Local\Temp\launch_params_f86ijfz4'].
[local_avoidance_planner_node.EXE-8] [INFO] [1786913839.283288900] [local_avoidance_planner]: Local avoidance planner publishing /planner/cmd_vel_safe.

