C:\dev\ros2_lyrical\Lib\site-packages\launch\logging\__init__.py:172: UserWarning: Cannot create a symlink to latest log directory: [WinError 1314] Il privilegio richiesto non appartiene al client: 'C:\\Users\\Andrea\\.ros\\log\\2026-08-16-12-02-37-443129-DESKTOP-CNGN003-29872' -> 'C:\\Users\\Andrea\\.ros\\log\\latest'

  warnings.warn(
[INFO] [launch]: All log files can be found below C:\Users\Andrea\.ros\log\2026-08-16-12-02-37-443129-DESKTOP-CNGN003-29872
[INFO] [launch]: Default logging verbosity is set to INFO
[INFO] [real_detector_node.EXE-1]: process started with pid [31412]
[INFO] [temporal_estimator_node.EXE-2]: process started with pid [14880]
[INFO] [nominal_cmd_publisher_node.EXE-3]: process started with pid [8728]
[INFO] [local_avoidance_planner_node.EXE-4]: process started with pid [23036]
[INFO] [real_control_live_node.EXE-5]: process started with pid [21708]
[real_detector_node.EXE-1] Traceback (most recent call last):
[real_detector_node.EXE-1]   File "\\?\C:\Users\Andrea\Desktop\HoloObstacleAvoidance\install\lib\rov_real_bridge\real_detector_node-script.py", line 33, in <module>
[real_detector_node.EXE-1]     sys.exit(load_entry_point('rov-real-bridge==0.1.0', 'console_scripts', 'real_detector_node')())
[real_detector_node.EXE-1]              ^^^^^^^^^^^^^^^^^^^^^^^^^^^^^^^^^^^^^^^^^^^^^^^^^^^^^^^^^^^^^^^^^^^^^^^^^^^^^^^^^^^^^
[real_detector_node.EXE-1]   File "C:\Users\Andrea\Desktop\HoloObstacleAvoidance\install\Lib\site-packages\rov_real_bridge\real_detector_node.py", line 214, in main
[real_detector_node.EXE-1]     node = RealDetectorNode()
[real_detector_node.EXE-1]            ^^^^^^^^^^^^^^^^^^
[real_detector_node.EXE-1]   File "C:\Users\Andrea\Desktop\HoloObstacleAvoidance\install\Lib\site-packages\rov_real_bridge\real_detector_node.py", line 93, in __init__
[real_detector_node.EXE-1]     self._cam = CameraStream(
[real_detector_node.EXE-1]                 ^^^^^^^^^^^^^
[real_detector_node.EXE-1]   File "C:\Users\Andrea\Desktop\HoloObstacleAvoidance\scripts\real\camera_stream.py", line 46, in __init__
[real_detector_node.EXE-1]     raise RuntimeError("cannot open UDP 5600 stream")
[real_detector_node.EXE-1] RuntimeError: cannot open UDP 5600 stream
[real_detector_node.EXE-1] [udp @ 000001ea39efe5c0] bind failed: Error number -10048 occurred
[ERROR] [real_detector_node.EXE-1]: process has died [pid 31412, exit code 1, cmd 'C:\Users\Andrea\Desktop\HoloObstacleAvoidance\install\lib\rov_real_bridge\real_detector_node.EXE --ros-args -r __node:=real_detector --params-file C:\Users\Andrea\AppData\Local\Temp\launch_params_0djqo5nz'].
[ERROR] [temporal_estimator_node.EXE-2]: process has died [pid 14880, exit code 1, cmd 'C:\Users\Andrea\Desktop\HoloObstacleAvoidance\install\lib\rov_obstacle_tracking\temporal_estimator_node.EXE --ros-args -r __node:=temporal_estimator --params-file C:\Users\Andrea\AppData\Local\Temp\launch_params_6z6a5svp'].
[temporal_estimator_node.EXE-2] [INFO] [1786874561.476635300] [temporal_estimator]: temporal estimator method=t2_fixed_kf /perception/obstacles_raw -> /perception/obstacles

[ERROR] [nominal_cmd_publisher_node.EXE-3]: process has died [pid 8728, exit code 1, cmd 'C:\Users\Andrea\Desktop\HoloObstacleAvoidance\install\lib\rov_obstacle_bringup\nominal_cmd_publisher_node.EXE --ros-args -r __node:=nominal_cmd_publisher --params-file C:\Users\Andrea\AppData\Local\Temp\launch_params__rcz3yeo'].
[nominal_cmd_publisher_node.EXE-3] [2m2026-08-16T10:02:39.081606Z[0m [33m WARN[0m ThreadId(13) [2mzenoh::net::runtime::orchestrator[0m[2m:[0m Scouting delay elapsed before start conditions are met.

[nominal_cmd_publisher_node.EXE-3] [INFO] [1786874560.443954400] [nominal_cmd_publisher]: Nominal command publisher sending /cmd_vel_nominal.

[ERROR] [local_avoidance_planner_node.EXE-4]: process has died [pid 23036, exit code 1, cmd 'C:\Users\Andrea\Desktop\HoloObstacleAvoidance\install\lib\rov_obstacle_avoidance\local_avoidance_planner_node.EXE --ros-args -r __node:=local_avoidance_planner --params-file C:\Users\Andrea\AppData\Local\Temp\launch_params_8tropm3d'].
[local_avoidance_planner_node.EXE-4] [2m2026-08-16T10:02:39.681651Z[0m [33m WARN[0m ThreadId(07) [2mzenoh::net::runtime::orchestrator[0m[2m:[0m Scouting delay elapsed before start conditions are met.

[local_avoidance_planner_node.EXE-4] [INFO] [1786874563.008522600] [local_avoidance_planner]: Local avoidance planner publishing /planner/cmd_vel_safe.

[ERROR] [real_control_live_node.EXE-5]: process has died [pid 21708, exit code 1, cmd 'C:\Users\Andrea\Desktop\HoloObstacleAvoidance\install\lib\rov_real_bridge\real_control_live_node.EXE --ros-args -r __node:=real_control_live --params-file C:\Users\Andrea\AppData\Local\Temp\launch_params_zlm175ze --params-file C:\Users\Andrea\AppData\Local\Temp\launch_params_3jbowsgb'].
[real_control_live_node.EXE-5] [2m2026-08-16T10:02:39.296698Z[0m [33m WARN[0m ThreadId(11) [2mzenoh::net::runtime::orchestrator[0m[2m:[0m Scouting delay elapsed before start conditions are met.

[real_control_live_node.EXE-5] [INFO] [1786874562.152728900] [real_control_live]: real adapter: SHADOW (mode=shadow (shadow: compute+log only)); calibration=uncalibrated

