C:\dev\ros2_lyrical\Lib\site-packages\launch\logging\__init__.py:172: UserWarning: Cannot create a symlink to latest log directory: [WinError 1314] Il privilegio richiesto non appartiene al client: 'C:\\Users\\Andrea\\.ros\\log\\2026-08-16-22-26-33-214890-DESKTOP-CNGN003-19564' -> 'C:\\Users\\Andrea\\.ros\\log\\latest'

  warnings.warn(
[INFO] [launch]: All log files can be found below C:\Users\Andrea\.ros\log\2026-08-16-22-26-33-214890-DESKTOP-CNGN003-19564
[INFO] [launch]: Default logging verbosity is set to INFO
[INFO] [holoocean_bridge_node.EXE-1]: process started with pid [27964]
[INFO] [oracle_dropout_relay_node.EXE-2]: process started with pid [26012]
[INFO] [calibrated_observation_relay_node.EXE-3]: process started with pid [19580]
[INFO] [actuation_model_node.EXE-4]: process started with pid [28328]
[INFO] [temporal_estimator_node.EXE-5]: process started with pid [13608]
[INFO] [commanded_odometry_node.EXE-6]: process started with pid [22544]
[INFO] [nominal_cmd_publisher_node.EXE-7]: process started with pid [7624]
[INFO] [local_avoidance_planner_node.EXE-8]: process started with pid [3280]
[INFO] [baseline0_validator_node.EXE-9]: process started with pid [13008]
[ERROR] [oracle_dropout_relay_node.EXE-2]: process has died [pid 26012, exit code 1, cmd 'C:\Users\Andrea\Desktop\HoloObstacleAvoidance\install\lib\rov_obstacle_sim_bridge\oracle_dropout_relay_node.EXE --ros-args -r __node:=oracle_dropout_relay --params-file C:\Users\Andrea\AppData\Local\Temp\launch_params_403mfmd1'].
[ERROR] [holoocean_bridge_node.EXE-1]: process has died [pid 27964, exit code 1, cmd 'C:\Users\Andrea\Desktop\HoloObstacleAvoidance\install\lib\rov_obstacle_sim_bridge\holoocean_bridge_node.EXE --ros-args -r __node:=holoocean_bridge --params-file C:\Users\Andrea\Desktop\HoloObstacleAvoidance\install\share\rov_obstacle_sim_bridge\config\holoocean_bridge.yaml --params-file C:\Users\Andrea\AppData\Local\Temp\launch_params_sgrdymr4'].
[ERROR] [calibrated_observation_relay_node.EXE-3]: process has died [pid 19580, exit code 1, cmd 'C:\Users\Andrea\Desktop\HoloObstacleAvoidance\install\lib\rov_obstacle_sim_bridge\calibrated_observation_relay_node.EXE --ros-args -r __node:=calibrated_observation_relay --params-file C:\Users\Andrea\AppData\Local\Temp\launch_params_isctouv5'].
[oracle_dropout_relay_node.EXE-2] [INFO] [1786911995.728518500] [oracle_dropout_relay]: oracle relay: dropout_enabled=False (trigger 'AVOIDING*' +3.0s for 2.0s)

[holoocean_bridge_node.EXE-1] [2m2026-08-16T20:27:36.867943Z[0m [31mERROR[0m net-0 ThreadId(02) [2mzenoh_transport::unicast::universal::tx[0m[2m:[0m Unable to push non droppable network message to 5ba9128eb7d6644876f302de038f0329. Closing transport!

[holoocean_bridge_node.EXE-1] [INFO] [1786911996.317674900] [holoocean_bridge]: HoloOcean bridge: will connect to sim server 127.0.0.1:47654. /perception/obstacles_oracle is SIMULATION-ONLY ground truth.

[calibrated_observation_relay_node.EXE-3] [INFO] [1786911995.646335900] [calibrated_observation_relay]: calibrated observation relay: level=S3 s1=True s2=True

[ERROR] [actuation_model_node.EXE-4]: process has died [pid 28328, exit code 1, cmd 'C:\Users\Andrea\Desktop\HoloObstacleAvoidance\install\lib\rov_obstacle_sim_bridge\actuation_model_node.EXE --ros-args -r __node:=actuation_model --params-file C:\Users\Andrea\AppData\Local\Temp\launch_params_dnp1gvsw'].
[actuation_model_node.EXE-4] [INFO] [1786911996.495601600] [actuation_model]: actuation model: level=S3 plant=True latency=0.000 s

[ERROR] [commanded_odometry_node.EXE-6]: process has died [pid 22544, exit code 1, cmd 'C:\Users\Andrea\Desktop\HoloObstacleAvoidance\install\lib\rov_obstacle_sim_bridge\commanded_odometry_node.EXE --ros-args -r __node:=commanded_odometry'].
[ERROR] [temporal_estimator_node.EXE-5]: process has died [pid 13608, exit code 1, cmd 'C:\Users\Andrea\Desktop\HoloObstacleAvoidance\install\lib\rov_obstacle_tracking\temporal_estimator_node.EXE --ros-args -r __node:=temporal_estimator --params-file C:\Users\Andrea\AppData\Local\Temp\launch_params_d4qaa6ct'].
[commanded_odometry_node.EXE-6] [2m2026-08-16T20:26:35.498622Z[0m [33m WARN[0m ThreadId(11) [2mzenoh::net::runtime::orchestrator[0m[2m:[0m Scouting delay elapsed before start conditions are met.

[commanded_odometry_node.EXE-6] [INFO] [1786911997.571913200] [commanded_odometry]: commanded odometry (no-DVL transferable dead reckoning): inputs ['/planner/cmd_vel_safe', '/rov/attitude_measured', '/rov/depth'] -> /rov/odom_estimated

