C:\dev\ros2_lyrical\Lib\site-packages\launch\logging\__init__.py:172: UserWarning: Cannot create a symlink to latest log directory: [WinError 1314] Il privilegio richiesto non appartiene al client: 'C:\\Users\\Andrea\\.ros\\log\\2026-08-16-22-24-33-787425-DESKTOP-CNGN003-26768' -> 'C:\\Users\\Andrea\\.ros\\log\\latest'

  warnings.warn(
[INFO] [launch]: All log files can be found below C:\Users\Andrea\.ros\log\2026-08-16-22-24-33-787425-DESKTOP-CNGN003-26768
[INFO] [launch]: Default logging verbosity is set to INFO
[INFO] [holoocean_bridge_node.EXE-1]: process started with pid [17884]
[INFO] [oracle_dropout_relay_node.EXE-2]: process started with pid [25392]
[INFO] [calibrated_observation_relay_node.EXE-3]: process started with pid [21556]
[INFO] [actuation_model_node.EXE-4]: process started with pid [31888]
[INFO] [temporal_estimator_node.EXE-5]: process started with pid [26440]
[INFO] [commanded_odometry_node.EXE-6]: process started with pid [28012]
[INFO] [nominal_cmd_publisher_node.EXE-7]: process started with pid [9536]
[INFO] [local_avoidance_planner_node.EXE-8]: process started with pid [27236]
[INFO] [baseline0_validator_node.EXE-9]: process started with pid [14408]
[ERROR] [oracle_dropout_relay_node.EXE-2]: process has died [pid 25392, exit code 1, cmd 'C:\Users\Andrea\Desktop\HoloObstacleAvoidance\install\lib\rov_obstacle_sim_bridge\oracle_dropout_relay_node.EXE --ros-args -r __node:=oracle_dropout_relay --params-file C:\Users\Andrea\AppData\Local\Temp\launch_params_swiz4wob'].
[ERROR] [holoocean_bridge_node.EXE-1]: process has died [pid 17884, exit code 1, cmd 'C:\Users\Andrea\Desktop\HoloObstacleAvoidance\install\lib\rov_obstacle_sim_bridge\holoocean_bridge_node.EXE --ros-args -r __node:=holoocean_bridge --params-file C:\Users\Andrea\Desktop\HoloObstacleAvoidance\install\share\rov_obstacle_sim_bridge\config\holoocean_bridge.yaml --params-file C:\Users\Andrea\AppData\Local\Temp\launch_params_09906m0w'].
[oracle_dropout_relay_node.EXE-2] [INFO] [1786911876.431244200] [oracle_dropout_relay]: oracle relay: dropout_enabled=False (trigger 'AVOIDING*' +3.0s for 2.0s)

[holoocean_bridge_node.EXE-1] [2m2026-08-16T20:24:36.096221Z[0m [33m WARN[0m ThreadId(11) [2mzenoh::net::runtime::orchestrator[0m[2m:[0m Scouting delay elapsed before start conditions are met.

[holoocean_bridge_node.EXE-1] [INFO] [1786911877.245678000] [holoocean_bridge]: HoloOcean bridge: will connect to sim server 127.0.0.1:47654. /perception/obstacles_oracle is SIMULATION-ONLY ground truth.

[ERROR] [actuation_model_node.EXE-4]: process has died [pid 31888, exit code 1, cmd 'C:\Users\Andrea\Desktop\HoloObstacleAvoidance\install\lib\rov_obstacle_sim_bridge\actuation_model_node.EXE --ros-args -r __node:=actuation_model --params-file C:\Users\Andrea\AppData\Local\Temp\launch_params_f1qx_13c'].
[actuation_model_node.EXE-4] [INFO] [1786911876.670658200] [actuation_model]: actuation model: level=S3 plant=True latency=0.000 s

[ERROR] [calibrated_observation_relay_node.EXE-3]: process has died [pid 21556, exit code 1, cmd 'C:\Users\Andrea\Desktop\HoloObstacleAvoidance\install\lib\rov_obstacle_sim_bridge\calibrated_observation_relay_node.EXE --ros-args -r __node:=calibrated_observation_relay --params-file C:\Users\Andrea\AppData\Local\Temp\launch_params_19f9o_kv'].
[calibrated_observation_relay_node.EXE-3] [INFO] [1786911876.276226300] [calibrated_observation_relay]: calibrated observation relay: level=S3 s1=True s2=True

