C:\dev\ros2_lyrical\Lib\site-packages\launch\logging\__init__.py:172: UserWarning: Cannot create a symlink to latest log directory: [WinError 1314] Il privilegio richiesto non appartiene al client: 'C:\\Users\\Andrea\\.ros\\log\\2026-08-15-18-43-48-495512-DESKTOP-CNGN003-19820' -> 'C:\\Users\\Andrea\\.ros\\log\\latest'

  warnings.warn(
[INFO] [launch]: All log files can be found below C:\Users\Andrea\.ros\log\2026-08-15-18-43-48-495512-DESKTOP-CNGN003-19820
[INFO] [launch]: Default logging verbosity is set to INFO
[INFO] [holoocean_bridge_node.EXE-1]: process started with pid [19268]
[INFO] [oracle_dropout_relay_node.EXE-2]: process started with pid [1140]
[INFO] [calibrated_observation_relay_node.EXE-3]: process started with pid [8932]
[INFO] [actuation_model_node.EXE-4]: process started with pid [6916]
[INFO] [temporal_estimator_node.EXE-5]: process started with pid [4024]
[INFO] [commanded_odometry_node.EXE-6]: process started with pid [8524]
[INFO] [nominal_cmd_publisher_node.EXE-7]: process started with pid [2392]
[INFO] [local_avoidance_planner_node.EXE-8]: process started with pid [16136]
[INFO] [baseline0_validator_node.EXE-9]: process started with pid [21832]
[ERROR] [oracle_dropout_relay_node.EXE-2]: process has died [pid 1140, exit code 1, cmd 'C:\Users\Andrea\Desktop\HoloObstacleAvoidance\install\lib\rov_obstacle_sim_bridge\oracle_dropout_relay_node.EXE --ros-args -r __node:=oracle_dropout_relay --params-file C:\Users\Andrea\AppData\Local\Temp\launch_params_gpefj_s9'].
[ERROR] [holoocean_bridge_node.EXE-1]: process has died [pid 19268, exit code 1, cmd 'C:\Users\Andrea\Desktop\HoloObstacleAvoidance\install\lib\rov_obstacle_sim_bridge\holoocean_bridge_node.EXE --ros-args -r __node:=holoocean_bridge --params-file C:\Users\Andrea\Desktop\HoloObstacleAvoidance\install\share\rov_obstacle_sim_bridge\config\holoocean_bridge.yaml --params-file C:\Users\Andrea\AppData\Local\Temp\launch_params_1e8hdarb'].
[oracle_dropout_relay_node.EXE-2] [2m2026-08-15T16:43:50.610486Z[0m [33m WARN[0m ThreadId(13) [2mzenoh::net::runtime::orchestrator[0m[2m:[0m Scouting delay elapsed before start conditions are met.

[oracle_dropout_relay_node.EXE-2] [INFO] [1786812231.767870700] [oracle_dropout_relay]: oracle relay: dropout_enabled=False (trigger 'AVOIDING*' +3.0s for 2.0s)

[holoocean_bridge_node.EXE-1] [2m2026-08-15T16:43:50.658396Z[0m [33m WARN[0m ThreadId(12) [2mzenoh::net::runtime::orchestrator[0m[2m:[0m Scouting delay elapsed before start conditions are met.

[holoocean_bridge_node.EXE-1] [INFO] [1786812231.941557800] [holoocean_bridge]: HoloOcean bridge: will connect to sim server 127.0.0.1:47654. /perception/obstacles_oracle is SIMULATION-ONLY ground truth.

[ERROR] [calibrated_observation_relay_node.EXE-3]: process has died [pid 8932, exit code 1, cmd 'C:\Users\Andrea\Desktop\HoloObstacleAvoidance\install\lib\rov_obstacle_sim_bridge\calibrated_observation_relay_node.EXE --ros-args -r __node:=calibrated_observation_relay --params-file C:\Users\Andrea\AppData\Local\Temp\launch_params_kxtcj3gk'].
[calibrated_observation_relay_node.EXE-3] [INFO] [1786812230.613136800] [calibrated_observation_relay]: calibrated observation relay: level=S0 s1=False s2=False

[ERROR] [actuation_model_node.EXE-4]: process has died [pid 6916, exit code 1, cmd 'C:\Users\Andrea\Desktop\HoloObstacleAvoidance\install\lib\rov_obstacle_sim_bridge\actuation_model_node.EXE --ros-args -r __node:=actuation_model --params-file C:\Users\Andrea\AppData\Local\Temp\launch_params_vvv0955q'].
[actuation_model_node.EXE-4] [INFO] [1786812231.698253700] [actuation_model]: actuation model: level=S0 plant=False latency=0.000 s

[ERROR] [temporal_estimator_node.EXE-5]: process has died [pid 4024, exit code 1, cmd 'C:\Users\Andrea\Desktop\HoloObstacleAvoidance\install\lib\rov_obstacle_tracking\temporal_estimator_node.EXE --ros-args -r __node:=temporal_estimator --params-file C:\Users\Andrea\AppData\Local\Temp\launch_params_gjj5dj3r'].
[temporal_estimator_node.EXE-5] [2m2026-08-15T16:43:50.611395Z[0m [33m WARN[0m ThreadId(12) [2mzenoh::net::runtime::orchestrator[0m[2m:[0m Scouting delay elapsed before start conditions are met.

[temporal_estimator_node.EXE-5] [INFO] [1786812231.420322000] [temporal_estimator]: temporal estimator method=t2_fixed_kf /perception/obstacles_raw -> /perception/obstacles

[ERROR] [commanded_odometry_node.EXE-6]: process has died [pid 8524, exit code 1, cmd 'C:\Users\Andrea\Desktop\HoloObstacleAvoidance\install\lib\rov_obstacle_sim_bridge\commanded_odometry_node.EXE --ros-args -r __node:=commanded_odometry'].
[commanded_odometry_node.EXE-6] [INFO] [1786812230.913919300] [commanded_odometry]: commanded odometry (no-DVL transferable dead reckoning): inputs ['/planner/cmd_vel_safe', '/rov/attitude_measured', '/rov/depth'] -> /rov/odom_estimated

[ERROR] [nominal_cmd_publisher_node.EXE-7]: process has died [pid 2392, exit code 1, cmd 'C:\Users\Andrea\Desktop\HoloObstacleAvoidance\install\lib\rov_obstacle_bringup\nominal_cmd_publisher_node.EXE --ros-args -r __node:=nominal_cmd_publisher --params-file C:\Users\Andrea\Desktop\HoloObstacleAvoidance\install\share\rov_obstacle_bringup\config\demo.yaml --params-file C:\Users\Andrea\AppData\Local\Temp\launch_params_d0rfudbs'].
[nominal_cmd_publisher_node.EXE-7] [INFO] [1786812230.797635000] [nominal_cmd_publisher]: Nominal command publisher sending /cmd_vel_nominal.

