C:\dev\ros2_lyrical\Lib\site-packages\launch\logging\__init__.py:172: UserWarning: Cannot create a symlink to latest log directory: [WinError 1314] Il privilegio richiesto non appartiene al client: 'C:\\Users\\Andrea\\.ros\\log\\2026-08-12-00-38-39-557205-DESKTOP-CNGN003-32048' -> 'C:\\Users\\Andrea\\.ros\\log\\latest'

  warnings.warn(
[INFO] [launch]: All log files can be found below C:\Users\Andrea\.ros\log\2026-08-12-00-38-39-557205-DESKTOP-CNGN003-32048
[INFO] [launch]: Default logging verbosity is set to INFO
[INFO] [holoocean_bridge_node.EXE-1]: process started with pid [3192]
[INFO] [oracle_dropout_relay_node.EXE-2]: process started with pid [33396]
[INFO] [temporal_estimator_node.EXE-3]: process started with pid [28260]
[INFO] [commanded_odometry_node.EXE-4]: process started with pid [33612]
[INFO] [nominal_cmd_publisher_node.EXE-5]: process started with pid [19052]
[INFO] [local_avoidance_planner_node.EXE-6]: process started with pid [15268]
[INFO] [baseline0_validator_node.EXE-7]: process started with pid [1904]
[ERROR] [temporal_estimator_node.EXE-3]: process has died [pid 28260, exit code 1, cmd 'C:\Users\Andrea\Desktop\HoloObstacleAvoidance\install\lib\rov_obstacle_tracking\temporal_estimator_node.EXE --ros-args -r __node:=temporal_estimator --params-file C:\Users\Andrea\AppData\Local\Temp\launch_params_rr_mv4fn'].
[ERROR] [holoocean_bridge_node.EXE-1]: process has died [pid 3192, exit code 1, cmd 'C:\Users\Andrea\Desktop\HoloObstacleAvoidance\install\lib\rov_obstacle_sim_bridge\holoocean_bridge_node.EXE --ros-args -r __node:=holoocean_bridge --params-file C:\Users\Andrea\Desktop\HoloObstacleAvoidance\install\share\rov_obstacle_sim_bridge\config\holoocean_bridge.yaml --params-file C:\Users\Andrea\AppData\Local\Temp\launch_params_lpkq56zq'].
[ERROR] [commanded_odometry_node.EXE-4]: process has died [pid 33612, exit code 1, cmd 'C:\Users\Andrea\Desktop\HoloObstacleAvoidance\install\lib\rov_obstacle_sim_bridge\commanded_odometry_node.EXE --ros-args -r __node:=commanded_odometry'].
[ERROR] [oracle_dropout_relay_node.EXE-2]: process has died [pid 33396, exit code 1, cmd 'C:\Users\Andrea\Desktop\HoloObstacleAvoidance\install\lib\rov_obstacle_sim_bridge\oracle_dropout_relay_node.EXE --ros-args -r __node:=oracle_dropout_relay --params-file C:\Users\Andrea\AppData\Local\Temp\launch_params_42ichj34'].
[temporal_estimator_node.EXE-3] [INFO] [1786487920.868663400] [temporal_estimator]: temporal estimator method=t2_fixed_kf /perception/obstacles_raw -> /perception/obstacles

[holoocean_bridge_node.EXE-1] [INFO] [1786487921.112458400] [holoocean_bridge]: HoloOcean bridge: will connect to sim server 127.0.0.1:47654. /perception/obstacles_oracle is SIMULATION-ONLY ground truth.

[commanded_odometry_node.EXE-4] [INFO] [1786487921.092108800] [commanded_odometry]: commanded odometry (no-DVL transferable dead reckoning): inputs ['/planner/cmd_vel_safe', '/rov/attitude_measured', '/rov/depth'] -> /rov/odom_estimated

[oracle_dropout_relay_node.EXE-2] [INFO] [1786487921.031075300] [oracle_dropout_relay]: oracle relay: dropout_enabled=False (trigger 'AVOIDING*' +3.0s for 2.0s)

[ERROR] [nominal_cmd_publisher_node.EXE-5]: process has died [pid 19052, exit code 1, cmd 'C:\Users\Andrea\Desktop\HoloObstacleAvoidance\install\lib\rov_obstacle_bringup\nominal_cmd_publisher_node.EXE --ros-args -r __node:=nominal_cmd_publisher --params-file C:\Users\Andrea\Desktop\HoloObstacleAvoidance\install\share\rov_obstacle_bringup\config\demo.yaml --params-file C:\Users\Andrea\AppData\Local\Temp\launch_params_6fma0kto'].
[nominal_cmd_publisher_node.EXE-5] [INFO] [1786487920.710891400] [nominal_cmd_publisher]: Nominal command publisher sending /cmd_vel_nominal.

