C:\dev\ros2_lyrical\Lib\site-packages\launch\logging\__init__.py:172: UserWarning: Cannot create a symlink to latest log directory: [WinError 1314] Il privilegio richiesto non appartiene al client: 'C:\\Users\\Andrea\\.ros\\log\\2026-08-16-20-59-08-499051-DESKTOP-CNGN003-26336' -> 'C:\\Users\\Andrea\\.ros\\log\\latest'

  warnings.warn(
[INFO] [launch]: All log files can be found below C:\Users\Andrea\.ros\log\2026-08-16-20-59-08-499051-DESKTOP-CNGN003-26336
[INFO] [launch]: Default logging verbosity is set to INFO
[INFO] [holoocean_bridge_node.EXE-1]: process started with pid [29632]
[INFO] [oracle_dropout_relay_node.EXE-2]: process started with pid [24112]
[INFO] [calibrated_observation_relay_node.EXE-3]: process started with pid [31980]
[INFO] [actuation_model_node.EXE-4]: process started with pid [29544]
[INFO] [temporal_estimator_node.EXE-5]: process started with pid [29684]
[INFO] [commanded_odometry_node.EXE-6]: process started with pid [21716]
[INFO] [nominal_cmd_publisher_node.EXE-7]: process started with pid [580]
[INFO] [local_avoidance_planner_node.EXE-8]: process started with pid [7716]
[INFO] [baseline0_validator_node.EXE-9]: process started with pid [33324]
[ERROR] [oracle_dropout_relay_node.EXE-2]: process has died [pid 24112, exit code 1, cmd 'C:\Users\Andrea\Desktop\HoloObstacleAvoidance\install\lib\rov_obstacle_sim_bridge\oracle_dropout_relay_node.EXE --ros-args -r __node:=oracle_dropout_relay --params-file C:\Users\Andrea\AppData\Local\Temp\launch_params_ud91aufp'].
[ERROR] [holoocean_bridge_node.EXE-1]: process has died [pid 29632, exit code 1, cmd 'C:\Users\Andrea\Desktop\HoloObstacleAvoidance\install\lib\rov_obstacle_sim_bridge\holoocean_bridge_node.EXE --ros-args -r __node:=holoocean_bridge --params-file C:\Users\Andrea\Desktop\HoloObstacleAvoidance\install\share\rov_obstacle_sim_bridge\config\holoocean_bridge.yaml --params-file C:\Users\Andrea\AppData\Local\Temp\launch_params_tzaxebx5'].
[oracle_dropout_relay_node.EXE-2] [INFO] [1786906751.138713800] [oracle_dropout_relay]: oracle relay: dropout_enabled=False (trigger 'AVOIDING*' +3.0s for 2.0s)

[holoocean_bridge_node.EXE-1] [INFO] [1786906751.918094500] [holoocean_bridge]: HoloOcean bridge: will connect to sim server 127.0.0.1:47654. /perception/obstacles_oracle is SIMULATION-ONLY ground truth.

[ERROR] [calibrated_observation_relay_node.EXE-3]: process has died [pid 31980, exit code 1, cmd 'C:\Users\Andrea\Desktop\HoloObstacleAvoidance\install\lib\rov_obstacle_sim_bridge\calibrated_observation_relay_node.EXE --ros-args -r __node:=calibrated_observation_relay --params-file C:\Users\Andrea\AppData\Local\Temp\launch_params_lz07ayg5'].
[calibrated_observation_relay_node.EXE-3] [2m2026-08-16T18:59:10.625707Z[0m [33m WARN[0m ThreadId(12) [2mzenoh::net::runtime::orchestrator[0m[2m:[0m Scouting delay elapsed before start conditions are met.

[calibrated_observation_relay_node.EXE-3] [INFO] [1786906752.816272500] [calibrated_observation_relay]: calibrated observation relay: level=S3 s1=True s2=True

[ERROR] [temporal_estimator_node.EXE-5]: process has died [pid 29684, exit code 1, cmd 'C:\Users\Andrea\Desktop\HoloObstacleAvoidance\install\lib\rov_obstacle_tracking\temporal_estimator_node.EXE --ros-args -r __node:=temporal_estimator --params-file C:\Users\Andrea\AppData\Local\Temp\launch_params_a4ctz33s'].
[temporal_estimator_node.EXE-5] [INFO] [1786906752.138794500] [temporal_estimator]: temporal estimator method=t2_fixed_kf /perception/obstacles_raw -> /perception/obstacles

