C:\dev\ros2_lyrical\Lib\site-packages\launch\logging\__init__.py:172: UserWarning: Cannot create a symlink to latest log directory: [WinError 1314] Il privilegio richiesto non appartiene al client: 'C:\\Users\\Andrea\\.ros\\log\\2026-08-16-21-40-43-239144-DESKTOP-CNGN003-28664' -> 'C:\\Users\\Andrea\\.ros\\log\\latest'

  warnings.warn(
[INFO] [launch]: All log files can be found below C:\Users\Andrea\.ros\log\2026-08-16-21-40-43-239144-DESKTOP-CNGN003-28664
[INFO] [launch]: Default logging verbosity is set to INFO
[INFO] [holoocean_bridge_node.EXE-1]: process started with pid [32204]
[INFO] [oracle_dropout_relay_node.EXE-2]: process started with pid [14860]
[INFO] [calibrated_observation_relay_node.EXE-3]: process started with pid [30840]
[INFO] [actuation_model_node.EXE-4]: process started with pid [21376]
[INFO] [temporal_estimator_node.EXE-5]: process started with pid [21068]
[INFO] [commanded_odometry_node.EXE-6]: process started with pid [26868]
[INFO] [nominal_cmd_publisher_node.EXE-7]: process started with pid [9284]
[INFO] [local_avoidance_planner_node.EXE-8]: process started with pid [32364]
[INFO] [baseline0_validator_node.EXE-9]: process started with pid [21572]
[ERROR] [oracle_dropout_relay_node.EXE-2]: process has died [pid 14860, exit code 1, cmd 'C:\Users\Andrea\Desktop\HoloObstacleAvoidance\install\lib\rov_obstacle_sim_bridge\oracle_dropout_relay_node.EXE --ros-args -r __node:=oracle_dropout_relay --params-file C:\Users\Andrea\AppData\Local\Temp\launch_params_z_n7eb_8'].
[ERROR] [holoocean_bridge_node.EXE-1]: process has died [pid 32204, exit code 1, cmd 'C:\Users\Andrea\Desktop\HoloObstacleAvoidance\install\lib\rov_obstacle_sim_bridge\holoocean_bridge_node.EXE --ros-args -r __node:=holoocean_bridge --params-file C:\Users\Andrea\Desktop\HoloObstacleAvoidance\install\share\rov_obstacle_sim_bridge\config\holoocean_bridge.yaml --params-file C:\Users\Andrea\AppData\Local\Temp\launch_params_vmutx7mt'].
[oracle_dropout_relay_node.EXE-2] [INFO] [1786909246.263905800] [oracle_dropout_relay]: oracle relay: dropout_enabled=False (trigger 'AVOIDING*' +3.0s for 2.0s)

[holoocean_bridge_node.EXE-1] [2m2026-08-16T19:40:45.478507Z[0m [33m WARN[0m ThreadId(12) [2mzenoh::net::runtime::orchestrator[0m[2m:[0m Scouting delay elapsed before start conditions are met.

[holoocean_bridge_node.EXE-1] [INFO] [1786909247.307429300] [holoocean_bridge]: HoloOcean bridge: will connect to sim server 127.0.0.1:47654. /perception/obstacles_oracle is SIMULATION-ONLY ground truth.

[ERROR] [calibrated_observation_relay_node.EXE-3]: process has died [pid 30840, exit code 1, cmd 'C:\Users\Andrea\Desktop\HoloObstacleAvoidance\install\lib\rov_obstacle_sim_bridge\calibrated_observation_relay_node.EXE --ros-args -r __node:=calibrated_observation_relay --params-file C:\Users\Andrea\AppData\Local\Temp\launch_params_nekb7frr'].
[calibrated_observation_relay_node.EXE-3] [INFO] [1786909247.535707400] [calibrated_observation_relay]: calibrated observation relay: level=S3 s1=True s2=True

[ERROR] [commanded_odometry_node.EXE-6]: process has died [pid 26868, exit code 1, cmd 'C:\Users\Andrea\Desktop\HoloObstacleAvoidance\install\lib\rov_obstacle_sim_bridge\commanded_odometry_node.EXE --ros-args -r __node:=commanded_odometry'].
[ERROR] [temporal_estimator_node.EXE-5]: process has died [pid 21068, exit code 1, cmd 'C:\Users\Andrea\Desktop\HoloObstacleAvoidance\install\lib\rov_obstacle_tracking\temporal_estimator_node.EXE --ros-args -r __node:=temporal_estimator --params-file C:\Users\Andrea\AppData\Local\Temp\launch_params_ri0q7yc2'].
[ERROR] [actuation_model_node.EXE-4]: process has died [pid 21376, exit code 1, cmd 'C:\Users\Andrea\Desktop\HoloObstacleAvoidance\install\lib\rov_obstacle_sim_bridge\actuation_model_node.EXE --ros-args -r __node:=actuation_model --params-file C:\Users\Andrea\AppData\Local\Temp\launch_params_r7u8fo1v'].
[commanded_odometry_node.EXE-6] [INFO] [1786909246.820381900] [commanded_odometry]: commanded odometry (no-DVL transferable dead reckoning): inputs ['/planner/cmd_vel_safe', '/rov/attitude_measured', '/rov/depth'] -> /rov/odom_estimated

[temporal_estimator_node.EXE-5] [2m2026-08-16T19:40:45.540485Z[0m [33m WARN[0m ThreadId(12) [2mzenoh::net::runtime::orchestrator[0m[2m:[0m Scouting delay elapsed before start conditions are met.

[temporal_estimator_node.EXE-5] [INFO] [1786909247.504193300] [temporal_estimator]: temporal estimator method=t2_fixed_kf /perception/obstacles_raw -> /perception/obstacles

[actuation_model_node.EXE-4] [2m2026-08-16T19:40:45.556141Z[0m [33m WARN[0m ThreadId(12) [2mzenoh::net::runtime::orchestrator[0m[2m:[0m Scouting delay elapsed before start conditions are met.

[actuation_model_node.EXE-4] [INFO] [1786909246.966362800] [actuation_model]: actuation model: level=S3 plant=True latency=0.000 s

[ERROR] [local_avoidance_planner_node.EXE-8]: process has died [pid 32364, exit code 1, cmd 'C:\Users\Andrea\Desktop\HoloObstacleAvoidance\install\lib\rov_obstacle_avoidance\local_avoidance_planner_node.EXE --ros-args -r __node:=local_avoidance_planner --params-file C:\Users\Andrea\Desktop\HoloObstacleAvoidance\install\share\rov_obstacle_avoidance\config\local_avoidance_planner.yaml --params-file C:\Users\Andrea\AppData\Local\Temp\launch_params_rv2804g7'].
[ERROR] [nominal_cmd_publisher_node.EXE-7]: process has died [pid 9284, exit code 1, cmd 'C:\Users\Andrea\Desktop\HoloObstacleAvoidance\install\lib\rov_obstacle_bringup\nominal_cmd_publisher_node.EXE --ros-args -r __node:=nominal_cmd_publisher --params-file C:\Users\Andrea\Desktop\HoloObstacleAvoidance\install\share\rov_obstacle_bringup\config\demo.yaml --params-file C:\Users\Andrea\AppData\Local\Temp\launch_params_rvwjikx0'].
[local_avoidance_planner_node.EXE-8] [2m2026-08-16T19:40:45.603655Z[0m [33m WARN[0m ThreadId(07) [2mzenoh::net::runtime::orchestrator[0m[2m:[0m Scouting delay elapsed before start conditions are met.

[local_avoidance_planner_node.EXE-8] [INFO] [1786909246.364271600] [local_avoidance_planner]: Local avoidance planner publishing /planner/cmd_vel_safe.

[nominal_cmd_publisher_node.EXE-7] [INFO] [1786909246.564636500] [nominal_cmd_publisher]: Nominal command publisher sending /cmd_vel_nominal.

