C:\dev\ros2_lyrical\Lib\site-packages\launch\logging\__init__.py:172: UserWarning: Cannot create a symlink to latest log directory: [WinError 1314] Il privilegio richiesto non appartiene al client: 'C:\\Users\\Andrea\\.ros\\log\\2026-08-16-22-28-23-637506-DESKTOP-CNGN003-26924' -> 'C:\\Users\\Andrea\\.ros\\log\\latest'

  warnings.warn(
[INFO] [launch]: All log files can be found below C:\Users\Andrea\.ros\log\2026-08-16-22-28-23-637506-DESKTOP-CNGN003-26924
[INFO] [launch]: Default logging verbosity is set to INFO
[INFO] [holoocean_bridge_node.EXE-1]: process started with pid [28912]
[INFO] [oracle_dropout_relay_node.EXE-2]: process started with pid [27976]
[INFO] [calibrated_observation_relay_node.EXE-3]: process started with pid [11116]
[INFO] [actuation_model_node.EXE-4]: process started with pid [23420]
[INFO] [temporal_estimator_node.EXE-5]: process started with pid [22216]
[INFO] [commanded_odometry_node.EXE-6]: process started with pid [21684]
[INFO] [nominal_cmd_publisher_node.EXE-7]: process started with pid [18180]
[INFO] [local_avoidance_planner_node.EXE-8]: process started with pid [30596]
[INFO] [baseline0_validator_node.EXE-9]: process started with pid [30232]
[ERROR] [temporal_estimator_node.EXE-5]: process has died [pid 22216, exit code 1, cmd 'C:\Users\Andrea\Desktop\HoloObstacleAvoidance\install\lib\rov_obstacle_tracking\temporal_estimator_node.EXE --ros-args -r __node:=temporal_estimator --params-file C:\Users\Andrea\AppData\Local\Temp\launch_params_wez34_w1'].
[ERROR] [nominal_cmd_publisher_node.EXE-7]: process has died [pid 18180, exit code 1, cmd 'C:\Users\Andrea\Desktop\HoloObstacleAvoidance\install\lib\rov_obstacle_bringup\nominal_cmd_publisher_node.EXE --ros-args -r __node:=nominal_cmd_publisher --params-file C:\Users\Andrea\Desktop\HoloObstacleAvoidance\install\share\rov_obstacle_bringup\config\demo.yaml --params-file C:\Users\Andrea\AppData\Local\Temp\launch_params_55hgeiex'].
[ERROR] [actuation_model_node.EXE-4]: process has died [pid 23420, exit code 1, cmd 'C:\Users\Andrea\Desktop\HoloObstacleAvoidance\install\lib\rov_obstacle_sim_bridge\actuation_model_node.EXE --ros-args -r __node:=actuation_model --params-file C:\Users\Andrea\AppData\Local\Temp\launch_params_mjnw59dw'].
[ERROR] [holoocean_bridge_node.EXE-1]: process has died [pid 28912, exit code 1, cmd 'C:\Users\Andrea\Desktop\HoloObstacleAvoidance\install\lib\rov_obstacle_sim_bridge\holoocean_bridge_node.EXE --ros-args -r __node:=holoocean_bridge --params-file C:\Users\Andrea\Desktop\HoloObstacleAvoidance\install\share\rov_obstacle_sim_bridge\config\holoocean_bridge.yaml --params-file C:\Users\Andrea\AppData\Local\Temp\launch_params__q3xzztq'].
[ERROR] [calibrated_observation_relay_node.EXE-3]: process has died [pid 11116, exit code 1, cmd 'C:\Users\Andrea\Desktop\HoloObstacleAvoidance\install\lib\rov_obstacle_sim_bridge\calibrated_observation_relay_node.EXE --ros-args -r __node:=calibrated_observation_relay --params-file C:\Users\Andrea\AppData\Local\Temp\launch_params_97i1mq6g'].
[ERROR] [oracle_dropout_relay_node.EXE-2]: process has died [pid 27976, exit code 1, cmd 'C:\Users\Andrea\Desktop\HoloObstacleAvoidance\install\lib\rov_obstacle_sim_bridge\oracle_dropout_relay_node.EXE --ros-args -r __node:=oracle_dropout_relay --params-file C:\Users\Andrea\AppData\Local\Temp\launch_params_kv2bdl9w'].
[temporal_estimator_node.EXE-5] [INFO] [1786912107.021412500] [temporal_estimator]: temporal estimator method=t2_fixed_kf /perception/obstacles_raw -> /perception/obstacles

[nominal_cmd_publisher_node.EXE-7] [INFO] [1786912107.166888900] [nominal_cmd_publisher]: Nominal command publisher sending /cmd_vel_nominal.

[actuation_model_node.EXE-4] [INFO] [1786912106.181440000] [actuation_model]: actuation model: level=S3 plant=True latency=0.000 s

[holoocean_bridge_node.EXE-1] [2m2026-08-16T20:29:28.490949Z[0m [31mERROR[0m net-0 ThreadId(02) [2mzenoh_transport::unicast::universal::tx[0m[2m:[0m Unable to push non droppable network message to ad00fa5b797461881675b6aa21d6ec1e. Closing transport!

[holoocean_bridge_node.EXE-1] [INFO] [1786912107.241479800] [holoocean_bridge]: HoloOcean bridge: will connect to sim server 127.0.0.1:47654. /perception/obstacles_oracle is SIMULATION-ONLY ground truth.

[calibrated_observation_relay_node.EXE-3] [INFO] [1786912106.381595400] [calibrated_observation_relay]: calibrated observation relay: level=S3 s1=True s2=True

[oracle_dropout_relay_node.EXE-2] [INFO] [1786912107.047507900] [oracle_dropout_relay]: oracle relay: dropout_enabled=False (trigger 'AVOIDING*' +3.0s for 2.0s)

[ERROR] [commanded_odometry_node.EXE-6]: process has died [pid 21684, exit code 1, cmd 'C:\Users\Andrea\Desktop\HoloObstacleAvoidance\install\lib\rov_obstacle_sim_bridge\commanded_odometry_node.EXE --ros-args -r __node:=commanded_odometry'].
[commanded_odometry_node.EXE-6] [INFO] [1786912107.693373700] [commanded_odometry]: commanded odometry (no-DVL transferable dead reckoning): inputs ['/planner/cmd_vel_safe', '/rov/attitude_measured', '/rov/depth'] -> /rov/odom_estimated

[ERROR] [baseline0_validator_node.EXE-9]: process has died [pid 30232, exit code 1, cmd 'C:\Users\Andrea\Desktop\HoloObstacleAvoidance\install\lib\rov_obstacle_sim_bridge\baseline0_validator_node.EXE --ros-args -r __node:=baseline0_validator --params-file C:\Users\Andrea\AppData\Local\Temp\launch_params_j3vhcguf'].
[baseline0_validator_node.EXE-9] [INFO] [1786912108.356967000] [baseline0_validator]: baseline0 validator -> C:\Users\Andrea\Desktop\HoloObstacleAvoidance\experiments\simulation\diagnostic\ablation_A6_geometry\runs\K0_committed_6\validation.json

[ERROR] [local_avoidance_planner_node.EXE-8]: process has died [pid 30596, exit code 1, cmd 'C:\Users\Andrea\Desktop\HoloObstacleAvoidance\install\lib\rov_obstacle_avoidance\local_avoidance_planner_node.EXE --ros-args -r __node:=local_avoidance_planner --params-file C:\Users\Andrea\Desktop\HoloObstacleAvoidance\install\share\rov_obstacle_avoidance\config\local_avoidance_planner.yaml --params-file C:\Users\Andrea\AppData\Local\Temp\launch_params_9_9ufuc0'].
[local_avoidance_planner_node.EXE-8] [INFO] [1786912108.014090800] [local_avoidance_planner]: Local avoidance planner publishing /planner/cmd_vel_safe.

