C:\dev\ros2_lyrical\Lib\site-packages\launch\logging\__init__.py:172: UserWarning: Cannot create a symlink to latest log directory: [WinError 1314] Il privilegio richiesto non appartiene al client: 'C:\\Users\\Andrea\\.ros\\log\\2026-08-16-19-23-41-255358-DESKTOP-CNGN003-14392' -> 'C:\\Users\\Andrea\\.ros\\log\\latest'

  warnings.warn(
[INFO] [launch]: All log files can be found below C:\Users\Andrea\.ros\log\2026-08-16-19-23-41-255358-DESKTOP-CNGN003-14392
[INFO] [launch]: Default logging verbosity is set to INFO
[INFO] [holoocean_bridge_node.EXE-1]: process started with pid [22520]
[INFO] [oracle_dropout_relay_node.EXE-2]: process started with pid [19396]
[INFO] [calibrated_observation_relay_node.EXE-3]: process started with pid [32652]
[INFO] [actuation_model_node.EXE-4]: process started with pid [3440]
[INFO] [temporal_estimator_node.EXE-5]: process started with pid [21752]
[INFO] [commanded_odometry_node.EXE-6]: process started with pid [5788]
[INFO] [nominal_cmd_publisher_node.EXE-7]: process started with pid [29224]
[INFO] [local_avoidance_planner_node.EXE-8]: process started with pid [3136]
[INFO] [baseline0_validator_node.EXE-9]: process started with pid [5048]
[ERROR] [baseline0_validator_node.EXE-9]: process has died [pid 5048, exit code 1, cmd 'C:\Users\Andrea\Desktop\HoloObstacleAvoidance\install\lib\rov_obstacle_sim_bridge\baseline0_validator_node.EXE --ros-args -r __node:=baseline0_validator --params-file C:\Users\Andrea\AppData\Local\Temp\launch_params_fhwwjfyp'].
[baseline0_validator_node.EXE-9] [INFO] [1786901025.976999000] [baseline0_validator]: baseline0 validator -> C:\Users\Andrea\Desktop\HoloObstacleAvoidance\experiments\simulation\diagnostic\ablation_A0_frozen\runs\K0_committed_8\validation.json

[ERROR] [holoocean_bridge_node.EXE-1]: process has died [pid 22520, exit code 1, cmd 'C:\Users\Andrea\Desktop\HoloObstacleAvoidance\install\lib\rov_obstacle_sim_bridge\holoocean_bridge_node.EXE --ros-args -r __node:=holoocean_bridge --params-file C:\Users\Andrea\Desktop\HoloObstacleAvoidance\install\share\rov_obstacle_sim_bridge\config\holoocean_bridge.yaml --params-file C:\Users\Andrea\AppData\Local\Temp\launch_params_f2m_oyrf'].
[holoocean_bridge_node.EXE-1] [2m2026-08-16T17:23:43.719907Z[0m [33m WARN[0m ThreadId(07) [2mzenoh::net::runtime::orchestrator[0m[2m:[0m Scouting delay elapsed before start conditions are met.

[holoocean_bridge_node.EXE-1] [INFO] [1786901025.884668600] [holoocean_bridge]: HoloOcean bridge: will connect to sim server 127.0.0.1:47654. /perception/obstacles_oracle is SIMULATION-ONLY ground truth.

[ERROR] [oracle_dropout_relay_node.EXE-2]: process has died [pid 19396, exit code 1, cmd 'C:\Users\Andrea\Desktop\HoloObstacleAvoidance\install\lib\rov_obstacle_sim_bridge\oracle_dropout_relay_node.EXE --ros-args -r __node:=oracle_dropout_relay --params-file C:\Users\Andrea\AppData\Local\Temp\launch_params_2bwq0myi'].
[ERROR] [calibrated_observation_relay_node.EXE-3]: process has died [pid 32652, exit code 1, cmd 'C:\Users\Andrea\Desktop\HoloObstacleAvoidance\install\lib\rov_obstacle_sim_bridge\calibrated_observation_relay_node.EXE --ros-args -r __node:=calibrated_observation_relay --params-file C:\Users\Andrea\AppData\Local\Temp\launch_params_x5_0hwja'].
[oracle_dropout_relay_node.EXE-2] [INFO] [1786901024.533785700] [oracle_dropout_relay]: oracle relay: dropout_enabled=False (trigger 'AVOIDING*' +3.0s for 2.0s)

[calibrated_observation_relay_node.EXE-3] [2m2026-08-16T17:23:43.622731Z[0m [33m WARN[0m ThreadId(13) [2mzenoh::net::runtime::orchestrator[0m[2m:[0m Scouting delay elapsed before start conditions are met.

[calibrated_observation_relay_node.EXE-3] [INFO] [1786901025.279608100] [calibrated_observation_relay]: calibrated observation relay: level=S3 s1=True s2=True

