C:\dev\ros2_lyrical\Lib\site-packages\launch\logging\__init__.py:172: UserWarning: Cannot create a symlink to latest log directory: [WinError 1314] Il privilegio richiesto non appartiene al client: 'C:\\Users\\Andrea\\.ros\\log\\2026-08-15-19-53-31-993285-DESKTOP-CNGN003-5288' -> 'C:\\Users\\Andrea\\.ros\\log\\latest'

  warnings.warn(
[INFO] [launch]: All log files can be found below C:\Users\Andrea\.ros\log\2026-08-15-19-53-31-993285-DESKTOP-CNGN003-5288
[INFO] [launch]: Default logging verbosity is set to INFO
[INFO] [holoocean_bridge_node.EXE-1]: process started with pid [11736]
[INFO] [oracle_dropout_relay_node.EXE-2]: process started with pid [24036]
[INFO] [calibrated_observation_relay_node.EXE-3]: process started with pid [23660]
[INFO] [actuation_model_node.EXE-4]: process started with pid [9248]
[INFO] [temporal_estimator_node.EXE-5]: process started with pid [3096]
[INFO] [commanded_odometry_node.EXE-6]: process started with pid [22884]
[INFO] [nominal_cmd_publisher_node.EXE-7]: process started with pid [12856]
[INFO] [local_avoidance_planner_node.EXE-8]: process started with pid [18740]
[INFO] [baseline0_validator_node.EXE-9]: process started with pid [12276]
[ERROR] [holoocean_bridge_node.EXE-1]: process has died [pid 11736, exit code 1, cmd 'C:\Users\Andrea\Desktop\HoloObstacleAvoidance\install\lib\rov_obstacle_sim_bridge\holoocean_bridge_node.EXE --ros-args -r __node:=holoocean_bridge --params-file C:\Users\Andrea\Desktop\HoloObstacleAvoidance\install\share\rov_obstacle_sim_bridge\config\holoocean_bridge.yaml --params-file C:\Users\Andrea\AppData\Local\Temp\launch_params_br1gii_m'].
[holoocean_bridge_node.EXE-1] [2m2026-08-15T17:54:35.020390Z[0m [31mERROR[0m net-0 ThreadId(02) [2mzenoh_transport::unicast::universal::tx[0m[2m:[0m Unable to push non droppable network message to e8d17de6ad6bd4f9304c73cb0cdfa119. Closing transport!

[holoocean_bridge_node.EXE-1] [INFO] [1786816414.713551800] [holoocean_bridge]: HoloOcean bridge: will connect to sim server 127.0.0.1:47654. /perception/obstacles_oracle is SIMULATION-ONLY ground truth.

[ERROR] [oracle_dropout_relay_node.EXE-2]: process has died [pid 24036, exit code 1, cmd 'C:\Users\Andrea\Desktop\HoloObstacleAvoidance\install\lib\rov_obstacle_sim_bridge\oracle_dropout_relay_node.EXE --ros-args -r __node:=oracle_dropout_relay --params-file C:\Users\Andrea\AppData\Local\Temp\launch_params_8cmai09c'].
[oracle_dropout_relay_node.EXE-2] [INFO] [1786816415.056509400] [oracle_dropout_relay]: oracle relay: dropout_enabled=False (trigger 'AVOIDING*' +3.0s for 2.0s)

[ERROR] [calibrated_observation_relay_node.EXE-3]: process has died [pid 23660, exit code 1, cmd 'C:\Users\Andrea\Desktop\HoloObstacleAvoidance\install\lib\rov_obstacle_sim_bridge\calibrated_observation_relay_node.EXE --ros-args -r __node:=calibrated_observation_relay --params-file C:\Users\Andrea\AppData\Local\Temp\launch_params_l1i0sep2'].
[calibrated_observation_relay_node.EXE-3] [INFO] [1786816414.072543100] [calibrated_observation_relay]: calibrated observation relay: level=S2 s1=True s2=True

[ERROR] [temporal_estimator_node.EXE-5]: process has died [pid 3096, exit code 1, cmd 'C:\Users\Andrea\Desktop\HoloObstacleAvoidance\install\lib\rov_obstacle_tracking\temporal_estimator_node.EXE --ros-args -r __node:=temporal_estimator --params-file C:\Users\Andrea\AppData\Local\Temp\launch_params_yvaq99of'].
[ERROR] [actuation_model_node.EXE-4]: process has died [pid 9248, exit code 1, cmd 'C:\Users\Andrea\Desktop\HoloObstacleAvoidance\install\lib\rov_obstacle_sim_bridge\actuation_model_node.EXE --ros-args -r __node:=actuation_model --params-file C:\Users\Andrea\AppData\Local\Temp\launch_params_khfjzxrx'].
[temporal_estimator_node.EXE-5] [INFO] [1786816414.535927200] [temporal_estimator]: temporal estimator method=t2_fixed_kf /perception/obstacles_raw -> /perception/obstacles

[actuation_model_node.EXE-4] [INFO] [1786816414.266526800] [actuation_model]: actuation model: level=S2 plant=False latency=0.000 s

[ERROR] [commanded_odometry_node.EXE-6]: process has died [pid 22884, exit code 1, cmd 'C:\Users\Andrea\Desktop\HoloObstacleAvoidance\install\lib\rov_obstacle_sim_bridge\commanded_odometry_node.EXE --ros-args -r __node:=commanded_odometry'].
[ERROR] [nominal_cmd_publisher_node.EXE-7]: process has died [pid 12856, exit code 1, cmd 'C:\Users\Andrea\Desktop\HoloObstacleAvoidance\install\lib\rov_obstacle_bringup\nominal_cmd_publisher_node.EXE --ros-args -r __node:=nominal_cmd_publisher --params-file C:\Users\Andrea\Desktop\HoloObstacleAvoidance\install\share\rov_obstacle_bringup\config\demo.yaml --params-file C:\Users\Andrea\AppData\Local\Temp\launch_params_pygeuixp'].
[commanded_odometry_node.EXE-6] [INFO] [1786816415.023784200] [commanded_odometry]: commanded odometry (no-DVL transferable dead reckoning): inputs ['/planner/cmd_vel_safe', '/rov/attitude_measured', '/rov/depth'] -> /rov/odom_estimated

[nominal_cmd_publisher_node.EXE-7] [2m2026-08-15T17:53:34.203830Z[0m [33m WARN[0m ThreadId(11) [2mzenoh::net::runtime::orchestrator[0m[2m:[0m Scouting delay elapsed before start conditions are met.

[nominal_cmd_publisher_node.EXE-7] [INFO] [1786816415.008251700] [nominal_cmd_publisher]: Nominal command publisher sending /cmd_vel_nominal.

