C:\dev\ros2_lyrical\Lib\site-packages\launch\logging\__init__.py:172: UserWarning: Cannot create a symlink to latest log directory: [WinError 1314] Il privilegio richiesto non appartiene al client: 'C:\\Users\\Andrea\\.ros\\log\\2026-08-15-19-26-08-980785-DESKTOP-CNGN003-13124' -> 'C:\\Users\\Andrea\\.ros\\log\\latest'

  warnings.warn(
[INFO] [launch]: All log files can be found below C:\Users\Andrea\.ros\log\2026-08-15-19-26-08-980785-DESKTOP-CNGN003-13124
[INFO] [launch]: Default logging verbosity is set to INFO
[INFO] [holoocean_bridge_node.EXE-1]: process started with pid [16928]
[INFO] [oracle_dropout_relay_node.EXE-2]: process started with pid [17152]
[INFO] [calibrated_observation_relay_node.EXE-3]: process started with pid [21844]
[INFO] [actuation_model_node.EXE-4]: process started with pid [2132]
[INFO] [temporal_estimator_node.EXE-5]: process started with pid [20484]
[INFO] [commanded_odometry_node.EXE-6]: process started with pid [2640]
[INFO] [nominal_cmd_publisher_node.EXE-7]: process started with pid [1136]
[INFO] [local_avoidance_planner_node.EXE-8]: process started with pid [11180]
[INFO] [baseline0_validator_node.EXE-9]: process started with pid [19520]
[ERROR] [holoocean_bridge_node.EXE-1]: process has died [pid 16928, exit code 1, cmd 'C:\Users\Andrea\Desktop\HoloObstacleAvoidance\install\lib\rov_obstacle_sim_bridge\holoocean_bridge_node.EXE --ros-args -r __node:=holoocean_bridge --params-file C:\Users\Andrea\Desktop\HoloObstacleAvoidance\install\share\rov_obstacle_sim_bridge\config\holoocean_bridge.yaml --params-file C:\Users\Andrea\AppData\Local\Temp\launch_params_vynqhioy'].
[holoocean_bridge_node.EXE-1] [INFO] [1786814770.441726000] [holoocean_bridge]: HoloOcean bridge: will connect to sim server 127.0.0.1:47654. /perception/obstacles_oracle is SIMULATION-ONLY ground truth.

[ERROR] [oracle_dropout_relay_node.EXE-2]: process has died [pid 17152, exit code 1, cmd 'C:\Users\Andrea\Desktop\HoloObstacleAvoidance\install\lib\rov_obstacle_sim_bridge\oracle_dropout_relay_node.EXE --ros-args -r __node:=oracle_dropout_relay --params-file C:\Users\Andrea\AppData\Local\Temp\launch_params_dsvf32tk'].
[oracle_dropout_relay_node.EXE-2] [INFO] [1786814770.224098800] [oracle_dropout_relay]: oracle relay: dropout_enabled=False (trigger 'AVOIDING*' +3.0s for 2.0s)

[ERROR] [calibrated_observation_relay_node.EXE-3]: process has died [pid 21844, exit code 1, cmd 'C:\Users\Andrea\Desktop\HoloObstacleAvoidance\install\lib\rov_obstacle_sim_bridge\calibrated_observation_relay_node.EXE --ros-args -r __node:=calibrated_observation_relay --params-file C:\Users\Andrea\AppData\Local\Temp\launch_params_4ihibrij'].
[calibrated_observation_relay_node.EXE-3] [INFO] [1786814770.154580000] [calibrated_observation_relay]: calibrated observation relay: level=S1 s1=True s2=False

[ERROR] [actuation_model_node.EXE-4]: process has died [pid 2132, exit code 1, cmd 'C:\Users\Andrea\Desktop\HoloObstacleAvoidance\install\lib\rov_obstacle_sim_bridge\actuation_model_node.EXE --ros-args -r __node:=actuation_model --params-file C:\Users\Andrea\AppData\Local\Temp\launch_params_vedk9v5x'].
[actuation_model_node.EXE-4] [2m2026-08-15T17:26:10.340057Z[0m [33m WARN[0m ThreadId(13) [2mzenoh::net::runtime::orchestrator[0m[2m:[0m Scouting delay elapsed before start conditions are met.

[actuation_model_node.EXE-4] [INFO] [1786814771.018149400] [actuation_model]: actuation model: level=S1 plant=False latency=0.000 s

[ERROR] [temporal_estimator_node.EXE-5]: process has died [pid 20484, exit code 1, cmd 'C:\Users\Andrea\Desktop\HoloObstacleAvoidance\install\lib\rov_obstacle_tracking\temporal_estimator_node.EXE --ros-args -r __node:=temporal_estimator --params-file C:\Users\Andrea\AppData\Local\Temp\launch_params_gvbz_tlp'].
[temporal_estimator_node.EXE-5] [INFO] [1786814770.597047200] [temporal_estimator]: temporal estimator method=t2_fixed_kf /perception/obstacles_raw -> /perception/obstacles

[ERROR] [commanded_odometry_node.EXE-6]: process has died [pid 2640, exit code 1, cmd 'C:\Users\Andrea\Desktop\HoloObstacleAvoidance\install\lib\rov_obstacle_sim_bridge\commanded_odometry_node.EXE --ros-args -r __node:=commanded_odometry'].
[commanded_odometry_node.EXE-6] [INFO] [1786814770.725973700] [commanded_odometry]: commanded odometry (no-DVL transferable dead reckoning): inputs ['/planner/cmd_vel_safe', '/rov/attitude_measured', '/rov/depth'] -> /rov/odom_estimated

