C:\dev\ros2_lyrical\Lib\site-packages\launch\logging\__init__.py:172: UserWarning: Cannot create a symlink to latest log directory: [WinError 1314] Il privilegio richiesto non appartiene al client: 'C:\\Users\\Andrea\\.ros\\log\\2026-08-16-21-30-56-994844-DESKTOP-CNGN003-8476' -> 'C:\\Users\\Andrea\\.ros\\log\\latest'

  warnings.warn(
[INFO] [launch]: All log files can be found below C:\Users\Andrea\.ros\log\2026-08-16-21-30-56-994844-DESKTOP-CNGN003-8476
[INFO] [launch]: Default logging verbosity is set to INFO
[INFO] [holoocean_bridge_node.EXE-1]: process started with pid [21036]
[INFO] [oracle_dropout_relay_node.EXE-2]: process started with pid [29068]
[INFO] [calibrated_observation_relay_node.EXE-3]: process started with pid [25680]
[INFO] [actuation_model_node.EXE-4]: process started with pid [2280]
[INFO] [temporal_estimator_node.EXE-5]: process started with pid [14000]
[INFO] [commanded_odometry_node.EXE-6]: process started with pid [14344]
[INFO] [nominal_cmd_publisher_node.EXE-7]: process started with pid [26664]
[INFO] [local_avoidance_planner_node.EXE-8]: process started with pid [16352]
[INFO] [baseline0_validator_node.EXE-9]: process started with pid [29672]
[ERROR] [holoocean_bridge_node.EXE-1]: process has died [pid 21036, exit code 1, cmd 'C:\Users\Andrea\Desktop\HoloObstacleAvoidance\install\lib\rov_obstacle_sim_bridge\holoocean_bridge_node.EXE --ros-args -r __node:=holoocean_bridge --params-file C:\Users\Andrea\Desktop\HoloObstacleAvoidance\install\share\rov_obstacle_sim_bridge\config\holoocean_bridge.yaml --params-file C:\Users\Andrea\AppData\Local\Temp\launch_params_pugirvi0'].
[holoocean_bridge_node.EXE-1] [INFO] [1786908660.200440500] [holoocean_bridge]: HoloOcean bridge: will connect to sim server 127.0.0.1:47654. /perception/obstacles_oracle is SIMULATION-ONLY ground truth.

[ERROR] [oracle_dropout_relay_node.EXE-2]: process has died [pid 29068, exit code 1, cmd 'C:\Users\Andrea\Desktop\HoloObstacleAvoidance\install\lib\rov_obstacle_sim_bridge\oracle_dropout_relay_node.EXE --ros-args -r __node:=oracle_dropout_relay --params-file C:\Users\Andrea\AppData\Local\Temp\launch_params_bas5pjtn'].
[oracle_dropout_relay_node.EXE-2] [2m2026-08-16T19:30:59.277725Z[0m [33m WARN[0m ThreadId(14) [2mzenoh::net::runtime::orchestrator[0m[2m:[0m Scouting delay elapsed before start conditions are met.

[oracle_dropout_relay_node.EXE-2] [INFO] [1786908661.692901400] [oracle_dropout_relay]: oracle relay: dropout_enabled=False (trigger 'AVOIDING*' +3.0s for 2.0s)

[ERROR] [calibrated_observation_relay_node.EXE-3]: process has died [pid 25680, exit code 1, cmd 'C:\Users\Andrea\Desktop\HoloObstacleAvoidance\install\lib\rov_obstacle_sim_bridge\calibrated_observation_relay_node.EXE --ros-args -r __node:=calibrated_observation_relay --params-file C:\Users\Andrea\AppData\Local\Temp\launch_params_87rdwsj2'].
[calibrated_observation_relay_node.EXE-3] [INFO] [1786908660.442794600] [calibrated_observation_relay]: calibrated observation relay: level=S3 s1=True s2=True

[ERROR] [commanded_odometry_node.EXE-6]: process has died [pid 14344, exit code 1, cmd 'C:\Users\Andrea\Desktop\HoloObstacleAvoidance\install\lib\rov_obstacle_sim_bridge\commanded_odometry_node.EXE --ros-args -r __node:=commanded_odometry'].
[ERROR] [temporal_estimator_node.EXE-5]: process has died [pid 14000, exit code 1, cmd 'C:\Users\Andrea\Desktop\HoloObstacleAvoidance\install\lib\rov_obstacle_tracking\temporal_estimator_node.EXE --ros-args -r __node:=temporal_estimator --params-file C:\Users\Andrea\AppData\Local\Temp\launch_params_h39dpddc'].
[ERROR] [actuation_model_node.EXE-4]: process has died [pid 2280, exit code 1, cmd 'C:\Users\Andrea\Desktop\HoloObstacleAvoidance\install\lib\rov_obstacle_sim_bridge\actuation_model_node.EXE --ros-args -r __node:=actuation_model --params-file C:\Users\Andrea\AppData\Local\Temp\launch_params_nopbbn1t'].
[commanded_odometry_node.EXE-6] [INFO] [1786908661.071971500] [commanded_odometry]: commanded odometry (no-DVL transferable dead reckoning): inputs ['/planner/cmd_vel_safe', '/rov/attitude_measured', '/rov/depth'] -> /rov/odom_estimated

