C:\dev\ros2_lyrical\Lib\site-packages\launch\logging\__init__.py:172: UserWarning: Cannot create a symlink to latest log directory: [WinError 1314] Il privilegio richiesto non appartiene al client: 'C:\\Users\\Andrea\\.ros\\log\\2026-08-16-21-52-02-700111-DESKTOP-CNGN003-29524' -> 'C:\\Users\\Andrea\\.ros\\log\\latest'

  warnings.warn(
[INFO] [launch]: All log files can be found below C:\Users\Andrea\.ros\log\2026-08-16-21-52-02-700111-DESKTOP-CNGN003-29524
[INFO] [launch]: Default logging verbosity is set to INFO
[INFO] [holoocean_bridge_node.EXE-1]: process started with pid [22280]
[INFO] [oracle_dropout_relay_node.EXE-2]: process started with pid [33084]
[INFO] [calibrated_observation_relay_node.EXE-3]: process started with pid [7144]
[INFO] [actuation_model_node.EXE-4]: process started with pid [6044]
[INFO] [temporal_estimator_node.EXE-5]: process started with pid [12232]
[INFO] [commanded_odometry_node.EXE-6]: process started with pid [16608]
[INFO] [nominal_cmd_publisher_node.EXE-7]: process started with pid [24112]
[INFO] [local_avoidance_planner_node.EXE-8]: process started with pid [32308]
[INFO] [baseline0_validator_node.EXE-9]: process started with pid [8616]
[ERROR] [calibrated_observation_relay_node.EXE-3]: process has died [pid 7144, exit code 1, cmd 'C:\Users\Andrea\Desktop\HoloObstacleAvoidance\install\lib\rov_obstacle_sim_bridge\calibrated_observation_relay_node.EXE --ros-args -r __node:=calibrated_observation_relay --params-file C:\Users\Andrea\AppData\Local\Temp\launch_params_f_kizni1'].
[ERROR] [holoocean_bridge_node.EXE-1]: process has died [pid 22280, exit code 1, cmd 'C:\Users\Andrea\Desktop\HoloObstacleAvoidance\install\lib\rov_obstacle_sim_bridge\holoocean_bridge_node.EXE --ros-args -r __node:=holoocean_bridge --params-file C:\Users\Andrea\Desktop\HoloObstacleAvoidance\install\share\rov_obstacle_sim_bridge\config\holoocean_bridge.yaml --params-file C:\Users\Andrea\AppData\Local\Temp\launch_params_l63uqpji'].
[ERROR] [oracle_dropout_relay_node.EXE-2]: process has died [pid 33084, exit code 1, cmd 'C:\Users\Andrea\Desktop\HoloObstacleAvoidance\install\lib\rov_obstacle_sim_bridge\oracle_dropout_relay_node.EXE --ros-args -r __node:=oracle_dropout_relay --params-file C:\Users\Andrea\AppData\Local\Temp\launch_params_3wz2rcn1'].
[calibrated_observation_relay_node.EXE-3] [INFO] [1786909925.229671700] [calibrated_observation_relay]: calibrated observation relay: level=S3 s1=True s2=True

[holoocean_bridge_node.EXE-1] [INFO] [1786909926.821214600] [holoocean_bridge]: HoloOcean bridge: will connect to sim server 127.0.0.1:47654. /perception/obstacles_oracle is SIMULATION-ONLY ground truth.

[oracle_dropout_relay_node.EXE-2] [INFO] [1786909925.742198300] [oracle_dropout_relay]: oracle relay: dropout_enabled=False (trigger 'AVOIDING*' +3.0s for 2.0s)

[ERROR] [actuation_model_node.EXE-4]: process has died [pid 6044, exit code 1, cmd 'C:\Users\Andrea\Desktop\HoloObstacleAvoidance\install\lib\rov_obstacle_sim_bridge\actuation_model_node.EXE --ros-args -r __node:=actuation_model --params-file C:\Users\Andrea\AppData\Local\Temp\launch_params_f5dk28np'].
[actuation_model_node.EXE-4] [INFO] [1786909925.688512300] [actuation_model]: actuation model: level=S3 plant=True latency=0.000 s

[ERROR] [commanded_odometry_node.EXE-6]: process has died [pid 16608, exit code 1, cmd 'C:\Users\Andrea\Desktop\HoloObstacleAvoidance\install\lib\rov_obstacle_sim_bridge\commanded_odometry_node.EXE --ros-args -r __node:=commanded_odometry'].
[ERROR] [temporal_estimator_node.EXE-5]: process has died [pid 12232, exit code 1, cmd 'C:\Users\Andrea\Desktop\HoloObstacleAvoidance\install\lib\rov_obstacle_tracking\temporal_estimator_node.EXE --ros-args -r __node:=temporal_estimator --params-file C:\Users\Andrea\AppData\Local\Temp\launch_params_e_59hfin'].
[commanded_odometry_node.EXE-6] [INFO] [1786909926.312657400] [commanded_odometry]: commanded odometry (no-DVL transferable dead reckoning): inputs ['/planner/cmd_vel_safe', '/rov/attitude_measured', '/rov/depth'] -> /rov/odom_estimated

[temporal_estimator_node.EXE-5] [INFO] [1786909925.412797600] [temporal_estimator]: temporal estimator method=t2_fixed_kf /perception/obstacles_raw -> /perception/obstacles

[ERROR] [baseline0_validator_node.EXE-9]: process has died [pid 8616, exit code 1, cmd 'C:\Users\Andrea\Desktop\HoloObstacleAvoidance\install\lib\rov_obstacle_sim_bridge\baseline0_validator_node.EXE --ros-args -r __node:=baseline0_validator --params-file C:\Users\Andrea\AppData\Local\Temp\launch_params_t2a_qw63'].
