C:\dev\ros2_lyrical\Lib\site-packages\launch\logging\__init__.py:172: UserWarning: Cannot create a symlink to latest log directory: [WinError 1314] Il privilegio richiesto non appartiene al client: 'C:\\Users\\Andrea\\.ros\\log\\2026-08-12-01-34-02-424416-DESKTOP-CNGN003-30980' -> 'C:\\Users\\Andrea\\.ros\\log\\latest'

  warnings.warn(
[INFO] [launch]: All log files can be found below C:\Users\Andrea\.ros\log\2026-08-12-01-34-02-424416-DESKTOP-CNGN003-30980
[INFO] [launch]: Default logging verbosity is set to INFO
[INFO] [holoocean_bridge_node.EXE-1]: process started with pid [18132]
[INFO] [oracle_dropout_relay_node.EXE-2]: process started with pid [25564]
[INFO] [temporal_estimator_node.EXE-3]: process started with pid [28604]
[INFO] [commanded_odometry_node.EXE-4]: process started with pid [28460]
[INFO] [nominal_cmd_publisher_node.EXE-5]: process started with pid [21020]
[INFO] [dwa_planner_node.EXE-6]: process started with pid [33876]
[INFO] [baseline0_validator_node.EXE-7]: process started with pid [676]
[ERROR] [holoocean_bridge_node.EXE-1]: process has died [pid 18132, exit code 1, cmd 'C:\Users\Andrea\Desktop\HoloObstacleAvoidance\install\lib\rov_obstacle_sim_bridge\holoocean_bridge_node.EXE --ros-args -r __node:=holoocean_bridge --params-file C:\Users\Andrea\Desktop\HoloObstacleAvoidance\install\share\rov_obstacle_sim_bridge\config\holoocean_bridge.yaml --params-file C:\Users\Andrea\AppData\Local\Temp\launch_params_fg3xu_xt'].
[holoocean_bridge_node.EXE-1] [INFO] [1786491243.921962300] [holoocean_bridge]: HoloOcean bridge: will connect to sim server 127.0.0.1:47654. /perception/obstacles_oracle is SIMULATION-ONLY ground truth.

[ERROR] [commanded_odometry_node.EXE-4]: process has died [pid 28460, exit code 1, cmd 'C:\Users\Andrea\Desktop\HoloObstacleAvoidance\install\lib\rov_obstacle_sim_bridge\commanded_odometry_node.EXE --ros-args -r __node:=commanded_odometry'].
[ERROR] [temporal_estimator_node.EXE-3]: process has died [pid 28604, exit code 1, cmd 'C:\Users\Andrea\Desktop\HoloObstacleAvoidance\install\lib\rov_obstacle_tracking\temporal_estimator_node.EXE --ros-args -r __node:=temporal_estimator --params-file C:\Users\Andrea\AppData\Local\Temp\launch_params_ukc494h2'].
[ERROR] [oracle_dropout_relay_node.EXE-2]: process has died [pid 25564, exit code 1, cmd 'C:\Users\Andrea\Desktop\HoloObstacleAvoidance\install\lib\rov_obstacle_sim_bridge\oracle_dropout_relay_node.EXE --ros-args -r __node:=oracle_dropout_relay --params-file C:\Users\Andrea\AppData\Local\Temp\launch_params_k2mlrg3j'].
[commanded_odometry_node.EXE-4] [INFO] [1786491244.014735600] [commanded_odometry]: commanded odometry (no-DVL transferable dead reckoning): inputs ['/planner/cmd_vel_safe', '/rov/attitude_measured', '/rov/depth'] -> /rov/odom_estimated

[temporal_estimator_node.EXE-3] [INFO] [1786491243.719438800] [temporal_estimator]: temporal estimator method=t2_fixed_kf /perception/obstacles_raw -> /perception/obstacles

[ERROR] [nominal_cmd_publisher_node.EXE-5]: process has died [pid 21020, exit code 1, cmd 'C:\Users\Andrea\Desktop\HoloObstacleAvoidance\install\lib\rov_obstacle_bringup\nominal_cmd_publisher_node.EXE --ros-args -r __node:=nominal_cmd_publisher --params-file C:\Users\Andrea\Desktop\HoloObstacleAvoidance\install\share\rov_obstacle_bringup\config\demo.yaml --params-file C:\Users\Andrea\AppData\Local\Temp\launch_params_0n7hs96h'].
[ERROR] [dwa_planner_node.EXE-6]: process has died [pid 33876, exit code 1, cmd 'C:\Users\Andrea\Desktop\HoloObstacleAvoidance\install\lib\rov_obstacle_avoidance\dwa_planner_node.EXE --ros-args -r __node:=dwa_planner --params-file C:\Users\Andrea\AppData\Local\Temp\launch_params_xxhmvh93'].
[oracle_dropout_relay_node.EXE-2] [INFO] [1786491243.682342700] [oracle_dropout_relay]: oracle relay: dropout_enabled=False (trigger 'AVOIDING*' +3.0s for 2.0s)

[ERROR] [baseline0_validator_node.EXE-7]: process has died [pid 676, exit code 1, cmd 'C:\Users\Andrea\Desktop\HoloObstacleAvoidance\install\lib\rov_obstacle_sim_bridge\baseline0_validator_node.EXE --ros-args -r __node:=baseline0_validator --params-file C:\Users\Andrea\AppData\Local\Temp\launch_params_vmaoyt5r'].
[nominal_cmd_publisher_node.EXE-5] [INFO] [1786491243.582280500] [nominal_cmd_publisher]: Nominal command publisher sending /cmd_vel_nominal.

[dwa_planner_node.EXE-6] [2m2026-08-11T23:34:03.771335Z[0m [33m WARN[0m ThreadId(13) [2mzenoh::net::runtime::orchestrator[0m[2m:[0m Scouting delay elapsed before start conditions are met.

[dwa_planner_node.EXE-6] [INFO] [1786491244.334305300] [dwa_planner]: holonomic DWA baseline (Planner D): transferable inputs only ['/perception/obstacles', '/cmd_vel_nominal', '/rov/odom_estimated'] -> /planner/cmd_vel_safe

[baseline0_validator_node.EXE-7] [INFO] [1786491244.056999500] [baseline0_validator]: baseline0 validator -> experiments\simulation\planner_dwa\campaign_longrange\runs\F6_dwa_5\validation.json

