C:\dev\ros2_lyrical\Lib\site-packages\launch\logging\__init__.py:172: UserWarning: Cannot create a symlink to latest log directory: [WinError 1314] Il privilegio richiesto non appartiene al client: 'C:\\Users\\Andrea\\.ros\\log\\2026-08-16-09-36-48-855639-DESKTOP-CNGN003-11592' -> 'C:\\Users\\Andrea\\.ros\\log\\latest'

  warnings.warn(
[INFO] [launch]: All log files can be found below C:\Users\Andrea\.ros\log\2026-08-16-09-36-48-855639-DESKTOP-CNGN003-11592
[INFO] [launch]: Default logging verbosity is set to INFO
[INFO] [real_detector_node.EXE-1]: process started with pid [7716]
[INFO] [temporal_estimator_node.EXE-2]: process started with pid [19288]
[INFO] [nominal_cmd_publisher_node.EXE-3]: process started with pid [15248]
[INFO] [local_avoidance_planner_node.EXE-4]: process started with pid [8204]
[INFO] [real_control_live_node.EXE-5]: process started with pid [21000]
[ERROR] [real_detector_node.EXE-1]: process has died [pid 7716, exit code 1, cmd 'C:\Users\Andrea\Desktop\HoloObstacleAvoidance\install\lib\rov_real_bridge\real_detector_node.EXE --ros-args -r __node:=real_detector --params-file C:\Users\Andrea\AppData\Local\Temp\launch_params_bx0mz729'].
[real_detector_node.EXE-1] [2m2026-08-16T07:36:50.149263Z[0m [33m WARN[0m ThreadId(12) [2mzenoh::net::runtime::orchestrator[0m[2m:[0m Scouting delay elapsed before start conditions are met.

[real_detector_node.EXE-1] [INFO] [1786865813.925148100] [real_detector]: real detector up: camera stream open, publishing /perception/obstacles_raw

[ERROR] [temporal_estimator_node.EXE-2]: process has died [pid 19288, exit code 1, cmd 'C:\Users\Andrea\Desktop\HoloObstacleAvoidance\install\lib\rov_obstacle_tracking\temporal_estimator_node.EXE --ros-args -r __node:=temporal_estimator --params-file C:\Users\Andrea\AppData\Local\Temp\launch_params_ie_gtigg'].
[temporal_estimator_node.EXE-2] [INFO] [1786865812.137850800] [temporal_estimator]: temporal estimator method=t2_fixed_kf /perception/obstacles_raw -> /perception/obstacles

[ERROR] [nominal_cmd_publisher_node.EXE-3]: process has died [pid 15248, exit code 1, cmd 'C:\Users\Andrea\Desktop\HoloObstacleAvoidance\install\lib\rov_obstacle_bringup\nominal_cmd_publisher_node.EXE --ros-args -r __node:=nominal_cmd_publisher --params-file C:\Users\Andrea\AppData\Local\Temp\launch_params_1elbpe1m'].
[nominal_cmd_publisher_node.EXE-3] [INFO] [1786865812.588115400] [nominal_cmd_publisher]: Nominal command publisher sending /cmd_vel_nominal.

[ERROR] [local_avoidance_planner_node.EXE-4]: process has died [pid 8204, exit code 1, cmd 'C:\Users\Andrea\Desktop\HoloObstacleAvoidance\install\lib\rov_obstacle_avoidance\local_avoidance_planner_node.EXE --ros-args -r __node:=local_avoidance_planner --params-file C:\Users\Andrea\AppData\Local\Temp\launch_params_9536nlu_'].
[local_avoidance_planner_node.EXE-4] [INFO] [1786865813.193525500] [local_avoidance_planner]: Local avoidance planner publishing /planner/cmd_vel_safe.

[ERROR] [real_control_live_node.EXE-5]: process has died [pid 21000, exit code 1, cmd 'C:\Users\Andrea\Desktop\HoloObstacleAvoidance\install\lib\rov_real_bridge\real_control_live_node.EXE --ros-args -r __node:=real_control_live --params-file C:\Users\Andrea\AppData\Local\Temp\launch_params_4101psk8 --params-file C:\Users\Andrea\AppData\Local\Temp\launch_params_sd42mo_0'].
[real_control_live_node.EXE-5] [2m2026-08-16T07:36:50.301361Z[0m [33m WARN[0m ThreadId(10) [2mzenoh::net::runtime::orchestrator[0m[2m:[0m Scouting delay elapsed before start conditions are met.

[real_control_live_node.EXE-5] [INFO] [1786865813.366846700] [real_control_live]: MAVLink link up on udpin:0.0.0.0:14550

