C:\dev\ros2_lyrical\Lib\site-packages\launch\logging\__init__.py:172: UserWarning: Cannot create a symlink to latest log directory: [WinError 1314] Il privilegio richiesto non appartiene al client: 'C:\\Users\\Andrea\\.ros\\log\\2026-08-16-20-06-13-104625-DESKTOP-CNGN003-25592' -> 'C:\\Users\\Andrea\\.ros\\log\\latest'

  warnings.warn(
[INFO] [launch]: All log files can be found below C:\Users\Andrea\.ros\log\2026-08-16-20-06-13-104625-DESKTOP-CNGN003-25592
[INFO] [launch]: Default logging verbosity is set to INFO
[INFO] [holoocean_bridge_node.EXE-1]: process started with pid [28060]
[INFO] [oracle_dropout_relay_node.EXE-2]: process started with pid [33088]
[INFO] [calibrated_observation_relay_node.EXE-3]: process started with pid [8980]
[INFO] [actuation_model_node.EXE-4]: process started with pid [32240]
[INFO] [temporal_estimator_node.EXE-5]: process started with pid [21612]
[INFO] [commanded_odometry_node.EXE-6]: process started with pid [32236]
[INFO] [nominal_cmd_publisher_node.EXE-7]: process started with pid [29400]
[INFO] [local_avoidance_planner_node.EXE-8]: process started with pid [18032]
[INFO] [baseline0_validator_node.EXE-9]: process started with pid [13544]
[ERROR] [holoocean_bridge_node.EXE-1]: process has died [pid 28060, exit code 1, cmd 'C:\Users\Andrea\Desktop\HoloObstacleAvoidance\install\lib\rov_obstacle_sim_bridge\holoocean_bridge_node.EXE --ros-args -r __node:=holoocean_bridge --params-file C:\Users\Andrea\Desktop\HoloObstacleAvoidance\install\share\rov_obstacle_sim_bridge\config\holoocean_bridge.yaml --params-file C:\Users\Andrea\AppData\Local\Temp\launch_params_n7zx4z39'].
[holoocean_bridge_node.EXE-1] [INFO] [1786903576.231804300] [holoocean_bridge]: HoloOcean bridge: will connect to sim server 127.0.0.1:47654. /perception/obstacles_oracle is SIMULATION-ONLY ground truth.

[ERROR] [temporal_estimator_node.EXE-5]: process has died [pid 21612, exit code 1, cmd 'C:\Users\Andrea\Desktop\HoloObstacleAvoidance\install\lib\rov_obstacle_tracking\temporal_estimator_node.EXE --ros-args -r __node:=temporal_estimator --params-file C:\Users\Andrea\AppData\Local\Temp\launch_params_z9gwmmvj'].
[temporal_estimator_node.EXE-5] [INFO] [1786903575.614445300] [temporal_estimator]: temporal estimator method=t2_fixed_kf /perception/obstacles_raw -> /perception/obstacles

[ERROR] [oracle_dropout_relay_node.EXE-2]: process has died [pid 33088, exit code 1, cmd 'C:\Users\Andrea\Desktop\HoloObstacleAvoidance\install\lib\rov_obstacle_sim_bridge\oracle_dropout_relay_node.EXE --ros-args -r __node:=oracle_dropout_relay --params-file C:\Users\Andrea\AppData\Local\Temp\launch_params_myv0p3gx'].
[ERROR] [nominal_cmd_publisher_node.EXE-7]: process has died [pid 29400, exit code 1, cmd 'C:\Users\Andrea\Desktop\HoloObstacleAvoidance\install\lib\rov_obstacle_bringup\nominal_cmd_publisher_node.EXE --ros-args -r __node:=nominal_cmd_publisher --params-file C:\Users\Andrea\Desktop\HoloObstacleAvoidance\install\share\rov_obstacle_bringup\config\demo.yaml --params-file C:\Users\Andrea\AppData\Local\Temp\launch_params__j2pgm0b'].
[oracle_dropout_relay_node.EXE-2] [2m2026-08-16T18:06:15.380053Z[0m [33m WARN[0m ThreadId(13) [2mzenoh::net::runtime::orchestrator[0m[2m:[0m Scouting delay elapsed before start conditions are met.

[oracle_dropout_relay_node.EXE-2] [INFO] [1786903577.402340700] [oracle_dropout_relay]: oracle relay: dropout_enabled=False (trigger 'AVOIDING*' +3.0s for 2.0s)

[nominal_cmd_publisher_node.EXE-7] [INFO] [1786903575.859402700] [nominal_cmd_publisher]: Nominal command publisher sending /cmd_vel_nominal.

[ERROR] [actuation_model_node.EXE-4]: process has died [pid 32240, exit code 1, cmd 'C:\Users\Andrea\Desktop\HoloObstacleAvoidance\install\lib\rov_obstacle_sim_bridge\actuation_model_node.EXE --ros-args -r __node:=actuation_model --params-file C:\Users\Andrea\AppData\Local\Temp\launch_params_w1_950y9'].
[actuation_model_node.EXE-4] [INFO] [1786903576.084818300] [actuation_model]: actuation model: level=S3 plant=True latency=0.000 s

[ERROR] [calibrated_observation_relay_node.EXE-3]: process has died [pid 8980, exit code 1, cmd 'C:\Users\Andrea\Desktop\HoloObstacleAvoidance\install\lib\rov_obstacle_sim_bridge\calibrated_observation_relay_node.EXE --ros-args -r __node:=calibrated_observation_relay --params-file C:\Users\Andrea\AppData\Local\Temp\launch_params_zb8hlia3'].
[calibrated_observation_relay_node.EXE-3] [2m2026-08-16T18:06:15.299865Z[0m [33m WARN[0m ThreadId(12) [2mzenoh::net::runtime::orchestrator[0m[2m:[0m Scouting delay elapsed before start conditions are met.

[calibrated_observation_relay_node.EXE-3] [INFO] [1786903576.622283200] [calibrated_observation_relay]: calibrated observation relay: level=S3 s1=True s2=True

[ERROR] [commanded_odometry_node.EXE-6]: process has died [pid 32236, exit code 1, cmd 'C:\Users\Andrea\Desktop\HoloObstacleAvoidance\install\lib\rov_obstacle_sim_bridge\commanded_odometry_node.EXE --ros-args -r __node:=commanded_odometry'].
[ERROR] [baseline0_validator_node.EXE-9]: process has died [pid 13544, exit code 1, cmd 'C:\Users\Andrea\Desktop\HoloObstacleAvoidance\install\lib\rov_obstacle_sim_bridge\baseline0_validator_node.EXE --ros-args -r __node:=baseline0_validator --params-file C:\Users\Andrea\AppData\Local\Temp\launch_params_ouxsfk72'].
[ERROR] [local_avoidance_planner_node.EXE-8]: process has died [pid 18032, exit code 1, cmd 'C:\Users\Andrea\Desktop\HoloObstacleAvoidance\install\lib\rov_obstacle_avoidance\local_avoidance_planner_node.EXE --ros-args -r __node:=local_avoidance_planner --params-file C:\Users\Andrea\Desktop\HoloObstacleAvoidance\install\share\rov_obstacle_avoidance\config\local_avoidance_planner.yaml --params-file C:\Users\Andrea\AppData\Local\Temp\launch_params_4csjshvr'].
[commanded_odometry_node.EXE-6] [2m2026-08-16T18:06:15.508148Z[0m [33m WARN[0m ThreadId(12) [2mzenoh::net::runtime::orchestrator[0m[2m:[0m Scouting delay elapsed before start conditions are met.

[commanded_odometry_node.EXE-6] [INFO] [1786903577.391702700] [commanded_odometry]: commanded odometry (no-DVL transferable dead reckoning): inputs ['/planner/cmd_vel_safe', '/rov/attitude_measured', '/rov/depth'] -> /rov/odom_estimated

[baseline0_validator_node.EXE-9] [INFO] [1786903577.404246500] [baseline0_validator]: baseline0 validator -> C:\Users\Andrea\Desktop\HoloObstacleAvoidance\experiments\simulation\diagnostic\ablation_A2_risk\runs\K0_committed_2\validation.json

[local_avoidance_planner_node.EXE-8] [INFO] [1786903577.212732500] [local_avoidance_planner]: Local avoidance planner publishing /planner/cmd_vel_safe.

