C:\dev\ros2_lyrical\Lib\site-packages\launch\logging\__init__.py:172: UserWarning: Cannot create a symlink to latest log directory: [WinError 1314] Il privilegio richiesto non appartiene al client: 'C:\\Users\\Andrea\\.ros\\log\\2026-08-16-20-24-19-114737-DESKTOP-CNGN003-31184' -> 'C:\\Users\\Andrea\\.ros\\log\\latest'

  warnings.warn(
[INFO] [launch]: All log files can be found below C:\Users\Andrea\.ros\log\2026-08-16-20-24-19-114737-DESKTOP-CNGN003-31184
[INFO] [launch]: Default logging verbosity is set to INFO
[INFO] [holoocean_bridge_node.EXE-1]: process started with pid [33208]
[INFO] [oracle_dropout_relay_node.EXE-2]: process started with pid [25592]
[INFO] [calibrated_observation_relay_node.EXE-3]: process started with pid [25004]
[INFO] [actuation_model_node.EXE-4]: process started with pid [13512]
[INFO] [temporal_estimator_node.EXE-5]: process started with pid [23900]
[INFO] [commanded_odometry_node.EXE-6]: process started with pid [33052]
[INFO] [nominal_cmd_publisher_node.EXE-7]: process started with pid [584]
[INFO] [local_avoidance_planner_node.EXE-8]: process started with pid [5568]
[INFO] [baseline0_validator_node.EXE-9]: process started with pid [3876]
[ERROR] [temporal_estimator_node.EXE-5]: process has died [pid 23900, exit code 1, cmd 'C:\Users\Andrea\Desktop\HoloObstacleAvoidance\install\lib\rov_obstacle_tracking\temporal_estimator_node.EXE --ros-args -r __node:=temporal_estimator --params-file C:\Users\Andrea\AppData\Local\Temp\launch_params_xouz9jgm'].
[ERROR] [calibrated_observation_relay_node.EXE-3]: process has died [pid 25004, exit code 1, cmd 'C:\Users\Andrea\Desktop\HoloObstacleAvoidance\install\lib\rov_obstacle_sim_bridge\calibrated_observation_relay_node.EXE --ros-args -r __node:=calibrated_observation_relay --params-file C:\Users\Andrea\AppData\Local\Temp\launch_params_k0iei1st'].
[ERROR] [oracle_dropout_relay_node.EXE-2]: process has died [pid 25592, exit code 1, cmd 'C:\Users\Andrea\Desktop\HoloObstacleAvoidance\install\lib\rov_obstacle_sim_bridge\oracle_dropout_relay_node.EXE --ros-args -r __node:=oracle_dropout_relay --params-file C:\Users\Andrea\AppData\Local\Temp\launch_params_k_myky_a'].
[ERROR] [holoocean_bridge_node.EXE-1]: process has died [pid 33208, exit code 1, cmd 'C:\Users\Andrea\Desktop\HoloObstacleAvoidance\install\lib\rov_obstacle_sim_bridge\holoocean_bridge_node.EXE --ros-args -r __node:=holoocean_bridge --params-file C:\Users\Andrea\Desktop\HoloObstacleAvoidance\install\share\rov_obstacle_sim_bridge\config\holoocean_bridge.yaml --params-file C:\Users\Andrea\AppData\Local\Temp\launch_params_xw_40u74'].
[temporal_estimator_node.EXE-5] [INFO] [1786904662.654729800] [temporal_estimator]: temporal estimator method=t2_fixed_kf /perception/obstacles_raw -> /perception/obstacles

[calibrated_observation_relay_node.EXE-3] [INFO] [1786904662.488328200] [calibrated_observation_relay]: calibrated observation relay: level=S3 s1=True s2=True

[ERROR] [commanded_odometry_node.EXE-6]: process has died [pid 33052, exit code 1, cmd 'C:\Users\Andrea\Desktop\HoloObstacleAvoidance\install\lib\rov_obstacle_sim_bridge\commanded_odometry_node.EXE --ros-args -r __node:=commanded_odometry'].
[ERROR] [actuation_model_node.EXE-4]: process has died [pid 13512, exit code 1, cmd 'C:\Users\Andrea\Desktop\HoloObstacleAvoidance\install\lib\rov_obstacle_sim_bridge\actuation_model_node.EXE --ros-args -r __node:=actuation_model --params-file C:\Users\Andrea\AppData\Local\Temp\launch_params_v5xk0e5i'].
[oracle_dropout_relay_node.EXE-2] [INFO] [1786904661.734391500] [oracle_dropout_relay]: oracle relay: dropout_enabled=False (trigger 'AVOIDING*' +3.0s for 2.0s)

[holoocean_bridge_node.EXE-1] [INFO] [1786904662.847662100] [holoocean_bridge]: HoloOcean bridge: will connect to sim server 127.0.0.1:47654. /perception/obstacles_oracle is SIMULATION-ONLY ground truth.

[commanded_odometry_node.EXE-6] [INFO] [1786904662.479861700] [commanded_odometry]: commanded odometry (no-DVL transferable dead reckoning): inputs ['/planner/cmd_vel_safe', '/rov/attitude_measured', '/rov/depth'] -> /rov/odom_estimated

[actuation_model_node.EXE-4] [INFO] [1786904662.495967500] [actuation_model]: actuation model: level=S3 plant=True latency=0.000 s

[ERROR] [baseline0_validator_node.EXE-9]: process has died [pid 3876, exit code 1, cmd 'C:\Users\Andrea\Desktop\HoloObstacleAvoidance\install\lib\rov_obstacle_sim_bridge\baseline0_validator_node.EXE --ros-args -r __node:=baseline0_validator --params-file C:\Users\Andrea\AppData\Local\Temp\launch_params_8swa16pe'].
[ERROR] [local_avoidance_planner_node.EXE-8]: process has died [pid 5568, exit code 1, cmd 'C:\Users\Andrea\Desktop\HoloObstacleAvoidance\install\lib\rov_obstacle_avoidance\local_avoidance_planner_node.EXE --ros-args -r __node:=local_avoidance_planner --params-file C:\Users\Andrea\Desktop\HoloObstacleAvoidance\install\share\rov_obstacle_avoidance\config\local_avoidance_planner.yaml --params-file C:\Users\Andrea\AppData\Local\Temp\launch_params_dmv0lueb'].
[ERROR] [nominal_cmd_publisher_node.EXE-7]: process has died [pid 584, exit code 1, cmd 'C:\Users\Andrea\Desktop\HoloObstacleAvoidance\install\lib\rov_obstacle_bringup\nominal_cmd_publisher_node.EXE --ros-args -r __node:=nominal_cmd_publisher --params-file C:\Users\Andrea\Desktop\HoloObstacleAvoidance\install\share\rov_obstacle_bringup\config\demo.yaml --params-file C:\Users\Andrea\AppData\Local\Temp\launch_params_nctgbdqv'].
[baseline0_validator_node.EXE-9] [INFO] [1786904663.506836300] [baseline0_validator]: baseline0 validator -> C:\Users\Andrea\Desktop\HoloObstacleAvoidance\experiments\simulation\diagnostic\ablation_A2_risk\runs\K0_committed_8\validation.json

[local_avoidance_planner_node.EXE-8] [INFO] [1786904663.454339900] [local_avoidance_planner]: Local avoidance planner publishing /planner/cmd_vel_safe.

[nominal_cmd_publisher_node.EXE-7] [INFO] [1786904662.178733900] [nominal_cmd_publisher]: Nominal command publisher sending /cmd_vel_nominal.

