C:\dev\ros2_lyrical\Lib\site-packages\launch\logging\__init__.py:172: UserWarning: Cannot create a symlink to latest log directory: [WinError 1314] Il privilegio richiesto non appartiene al client: 'C:\\Users\\Andrea\\.ros\\log\\2026-08-15-18-51-42-783707-DESKTOP-CNGN003-8780' -> 'C:\\Users\\Andrea\\.ros\\log\\latest'

  warnings.warn(
[INFO] [launch]: All log files can be found below C:\Users\Andrea\.ros\log\2026-08-15-18-51-42-783707-DESKTOP-CNGN003-8780
[INFO] [launch]: Default logging verbosity is set to INFO
[INFO] [holoocean_bridge_node.EXE-1]: process started with pid [12440]
[INFO] [oracle_dropout_relay_node.EXE-2]: process started with pid [4844]
[INFO] [calibrated_observation_relay_node.EXE-3]: process started with pid [11448]
[INFO] [actuation_model_node.EXE-4]: process started with pid [14924]
[INFO] [temporal_estimator_node.EXE-5]: process started with pid [12060]
[INFO] [commanded_odometry_node.EXE-6]: process started with pid [18724]
[INFO] [nominal_cmd_publisher_node.EXE-7]: process started with pid [21168]
[INFO] [local_avoidance_planner_node.EXE-8]: process started with pid [17044]
[INFO] [baseline0_validator_node.EXE-9]: process started with pid [23076]
[ERROR] [oracle_dropout_relay_node.EXE-2]: process has died [pid 4844, exit code 1, cmd 'C:\Users\Andrea\Desktop\HoloObstacleAvoidance\install\lib\rov_obstacle_sim_bridge\oracle_dropout_relay_node.EXE --ros-args -r __node:=oracle_dropout_relay --params-file C:\Users\Andrea\AppData\Local\Temp\launch_params_8glqlpsa'].
[ERROR] [holoocean_bridge_node.EXE-1]: process has died [pid 12440, exit code 1, cmd 'C:\Users\Andrea\Desktop\HoloObstacleAvoidance\install\lib\rov_obstacle_sim_bridge\holoocean_bridge_node.EXE --ros-args -r __node:=holoocean_bridge --params-file C:\Users\Andrea\Desktop\HoloObstacleAvoidance\install\share\rov_obstacle_sim_bridge\config\holoocean_bridge.yaml --params-file C:\Users\Andrea\AppData\Local\Temp\launch_params_tq8s16hf'].
[oracle_dropout_relay_node.EXE-2] [INFO] [1786812705.736149500] [oracle_dropout_relay]: oracle relay: dropout_enabled=False (trigger 'AVOIDING*' +3.0s for 2.0s)

[holoocean_bridge_node.EXE-1] [INFO] [1786812705.859862900] [holoocean_bridge]: HoloOcean bridge: will connect to sim server 127.0.0.1:47654. /perception/obstacles_oracle is SIMULATION-ONLY ground truth.

[ERROR] [calibrated_observation_relay_node.EXE-3]: process has died [pid 11448, exit code 1, cmd 'C:\Users\Andrea\Desktop\HoloObstacleAvoidance\install\lib\rov_obstacle_sim_bridge\calibrated_observation_relay_node.EXE --ros-args -r __node:=calibrated_observation_relay --params-file C:\Users\Andrea\AppData\Local\Temp\launch_params_1064ef_g'].
[calibrated_observation_relay_node.EXE-3] [INFO] [1786812705.535577700] [calibrated_observation_relay]: calibrated observation relay: level=S1 s1=True s2=False

[ERROR] [actuation_model_node.EXE-4]: process has died [pid 14924, exit code 1, cmd 'C:\Users\Andrea\Desktop\HoloObstacleAvoidance\install\lib\rov_obstacle_sim_bridge\actuation_model_node.EXE --ros-args -r __node:=actuation_model --params-file C:\Users\Andrea\AppData\Local\Temp\launch_params_f5ysyhfa'].
[actuation_model_node.EXE-4] [INFO] [1786812705.072543500] [actuation_model]: actuation model: level=S1 plant=False latency=0.000 s

[ERROR] [temporal_estimator_node.EXE-5]: process has died [pid 12060, exit code 1, cmd 'C:\Users\Andrea\Desktop\HoloObstacleAvoidance\install\lib\rov_obstacle_tracking\temporal_estimator_node.EXE --ros-args -r __node:=temporal_estimator --params-file C:\Users\Andrea\AppData\Local\Temp\launch_params_qptxe9yl'].
[temporal_estimator_node.EXE-5] [INFO] [1786812705.446981600] [temporal_estimator]: temporal estimator method=t2_fixed_kf /perception/obstacles_raw -> /perception/obstacles

[ERROR] [commanded_odometry_node.EXE-6]: process has died [pid 18724, exit code 1, cmd 'C:\Users\Andrea\Desktop\HoloObstacleAvoidance\install\lib\rov_obstacle_sim_bridge\commanded_odometry_node.EXE --ros-args -r __node:=commanded_odometry'].
