C:\dev\ros2_lyrical\Lib\site-packages\launch\logging\__init__.py:172: UserWarning: Cannot create a symlink to latest log directory: [WinError 1314] Il privilegio richiesto non appartiene al client: 'C:\\Users\\Andrea\\.ros\\log\\2026-08-16-09-09-49-665987-DESKTOP-CNGN003-2148' -> 'C:\\Users\\Andrea\\.ros\\log\\latest'

  warnings.warn(
[INFO] [launch]: All log files can be found below C:\Users\Andrea\.ros\log\2026-08-16-09-09-49-665987-DESKTOP-CNGN003-2148
[INFO] [launch]: Default logging verbosity is set to INFO
[INFO] [real_detector_node.EXE-1]: process started with pid [13608]
[INFO] [temporal_estimator_node.EXE-2]: process started with pid [17388]
[INFO] [nominal_cmd_publisher_node.EXE-3]: process started with pid [16720]
[INFO] [local_avoidance_planner_node.EXE-4]: process started with pid [20172]
[INFO] [real_control_live_node.EXE-5]: process started with pid [19228]
[ERROR] [real_detector_node.EXE-1]: process has died [pid 13608, exit code 1, cmd 'C:\Users\Andrea\Desktop\HoloObstacleAvoidance\install\lib\rov_real_bridge\real_detector_node.EXE --ros-args -r __node:=real_detector --params-file C:\Users\Andrea\AppData\Local\Temp\launch_params_rcb9ll_w'].
[real_detector_node.EXE-1] [2m2026-08-16T07:09:50.949159Z[0m [33m WARN[0m ThreadId(06) [2mzenoh::net::runtime::orchestrator[0m[2m:[0m Scouting delay elapsed before start conditions are met.

[real_detector_node.EXE-1] [WARN] [1786864190.949234100] [rmw_zenoh_cpp]: Unable to connect to a Zenoh router. Have you started a router with `ros2 run rmw_zenoh_cpp rmw_zenohd`?

[ERROR] [temporal_estimator_node.EXE-2]: process has died [pid 17388, exit code 1, cmd 'C:\Users\Andrea\Desktop\HoloObstacleAvoidance\install\lib\rov_obstacle_tracking\temporal_estimator_node.EXE --ros-args -r __node:=temporal_estimator --params-file C:\Users\Andrea\AppData\Local\Temp\launch_params_6fsvm47b'].
[temporal_estimator_node.EXE-2] [2m2026-08-16T07:09:50.997205Z[0m [33m WARN[0m ThreadId(06) [2mzenoh::net::runtime::orchestrator[0m[2m:[0m Scouting delay elapsed before start conditions are met.

[temporal_estimator_node.EXE-2] [WARN] [1786864190.997288700] [rmw_zenoh_cpp]: Unable to connect to a Zenoh router. Have you started a router with `ros2 run rmw_zenoh_cpp rmw_zenohd`?

[ERROR] [nominal_cmd_publisher_node.EXE-3]: process has died [pid 16720, exit code 1, cmd 'C:\Users\Andrea\Desktop\HoloObstacleAvoidance\install\lib\rov_obstacle_bringup\nominal_cmd_publisher_node.EXE --ros-args -r __node:=nominal_cmd_publisher --params-file C:\Users\Andrea\AppData\Local\Temp\launch_params_hdwbs530'].
[nominal_cmd_publisher_node.EXE-3] [2m2026-08-16T07:09:51.077946Z[0m [33m WARN[0m ThreadId(06) [2mzenoh::net::runtime::orchestrator[0m[2m:[0m Scouting delay elapsed before start conditions are met.

[nominal_cmd_publisher_node.EXE-3] [WARN] [1786864191.078031300] [rmw_zenoh_cpp]: Unable to connect to a Zenoh router. Have you started a router with `ros2 run rmw_zenoh_cpp rmw_zenohd`?

[ERROR] [local_avoidance_planner_node.EXE-4]: process has died [pid 20172, exit code 1, cmd 'C:\Users\Andrea\Desktop\HoloObstacleAvoidance\install\lib\rov_obstacle_avoidance\local_avoidance_planner_node.EXE --ros-args -r __node:=local_avoidance_planner'].
[local_avoidance_planner_node.EXE-4] [2m2026-08-16T07:09:51.107786Z[0m [33m WARN[0m ThreadId(06) [2mzenoh::net::runtime::orchestrator[0m[2m:[0m Scouting delay elapsed before start conditions are met.

[local_avoidance_planner_node.EXE-4] [WARN] [1786864191.107872200] [rmw_zenoh_cpp]: Unable to connect to a Zenoh router. Have you started a router with `ros2 run rmw_zenoh_cpp rmw_zenohd`?

[ERROR] [real_control_live_node.EXE-5]: process has died [pid 19228, exit code 1, cmd 'C:\Users\Andrea\Desktop\HoloObstacleAvoidance\install\lib\rov_real_bridge\real_control_live_node.EXE --ros-args -r __node:=real_control_live --params-file C:\Users\Andrea\AppData\Local\Temp\launch_params_5fbao0nz'].
[real_control_live_node.EXE-5] [2m2026-08-16T07:09:51.131081Z[0m [33m WARN[0m ThreadId(06) [2mzenoh::net::runtime::orchestrator[0m[2m:[0m Scouting delay elapsed before start conditions are met.

[real_control_live_node.EXE-5] [WARN] [1786864191.131162400] [rmw_zenoh_cpp]: Unable to connect to a Zenoh router. Have you started a router with `ros2 run rmw_zenoh_cpp rmw_zenohd`?

