C:\dev\ros2_lyrical\Lib\site-packages\launch\logging\__init__.py:172: UserWarning: Cannot create a symlink to latest log directory: [WinError 1314] Il privilegio richiesto non appartiene al client: 'C:\\Users\\Andrea\\.ros\\log\\2026-08-15-19-59-28-255237-DESKTOP-CNGN003-1068' -> 'C:\\Users\\Andrea\\.ros\\log\\latest'

  warnings.warn(
[INFO] [launch]: All log files can be found below C:\Users\Andrea\.ros\log\2026-08-15-19-59-28-255237-DESKTOP-CNGN003-1068
[INFO] [launch]: Default logging verbosity is set to INFO
[INFO] [holoocean_bridge_node.EXE-1]: process started with pid [24880]
[INFO] [oracle_dropout_relay_node.EXE-2]: process started with pid [19880]
[INFO] [calibrated_observation_relay_node.EXE-3]: process started with pid [3792]
[INFO] [actuation_model_node.EXE-4]: process started with pid [16616]
[INFO] [temporal_estimator_node.EXE-5]: process started with pid [22736]
[INFO] [commanded_odometry_node.EXE-6]: process started with pid [5444]
[INFO] [nominal_cmd_publisher_node.EXE-7]: process started with pid [23436]
[INFO] [dwa_planner_node.EXE-8]: process started with pid [2244]
[INFO] [baseline0_validator_node.EXE-9]: process started with pid [18724]
[ERROR] [oracle_dropout_relay_node.EXE-2]: process has died [pid 19880, exit code 1, cmd 'C:\Users\Andrea\Desktop\HoloObstacleAvoidance\install\lib\rov_obstacle_sim_bridge\oracle_dropout_relay_node.EXE --ros-args -r __node:=oracle_dropout_relay --params-file C:\Users\Andrea\AppData\Local\Temp\launch_params_vlzb12_a'].
[oracle_dropout_relay_node.EXE-2] [2m2026-08-15T17:59:30.334518Z[0m [33m WARN[0m ThreadId(12) [2mzenoh::net::runtime::orchestrator[0m[2m:[0m Scouting delay elapsed before start conditions are met.

[oracle_dropout_relay_node.EXE-2] [INFO] [1786816771.383591700] [oracle_dropout_relay]: oracle relay: dropout_enabled=False (trigger 'AVOIDING*' +3.0s for 2.0s)

[ERROR] [temporal_estimator_node.EXE-5]: process has died [pid 22736, exit code 1, cmd 'C:\Users\Andrea\Desktop\HoloObstacleAvoidance\install\lib\rov_obstacle_tracking\temporal_estimator_node.EXE --ros-args -r __node:=temporal_estimator --params-file C:\Users\Andrea\AppData\Local\Temp\launch_params_oqqjuxv4'].
[temporal_estimator_node.EXE-5] [INFO] [1786816770.649559100] [temporal_estimator]: temporal estimator method=t2_fixed_kf /perception/obstacles_raw -> /perception/obstacles

[ERROR] [holoocean_bridge_node.EXE-1]: process has died [pid 24880, exit code 1, cmd 'C:\Users\Andrea\Desktop\HoloObstacleAvoidance\install\lib\rov_obstacle_sim_bridge\holoocean_bridge_node.EXE --ros-args -r __node:=holoocean_bridge --params-file C:\Users\Andrea\Desktop\HoloObstacleAvoidance\install\share\rov_obstacle_sim_bridge\config\holoocean_bridge.yaml --params-file C:\Users\Andrea\AppData\Local\Temp\launch_params_kgm5ax13'].
[holoocean_bridge_node.EXE-1] [2m2026-08-15T17:59:30.394145Z[0m [33m WARN[0m ThreadId(13) [2mzenoh::net::runtime::orchestrator[0m[2m:[0m Scouting delay elapsed before start conditions are met.

[holoocean_bridge_node.EXE-1] [INFO] [1786816771.445375700] [holoocean_bridge]: HoloOcean bridge: will connect to sim server 127.0.0.1:47654. /perception/obstacles_oracle is SIMULATION-ONLY ground truth.

[ERROR] [calibrated_observation_relay_node.EXE-3]: process has died [pid 3792, exit code 1, cmd 'C:\Users\Andrea\Desktop\HoloObstacleAvoidance\install\lib\rov_obstacle_sim_bridge\calibrated_observation_relay_node.EXE --ros-args -r __node:=calibrated_observation_relay --params-file C:\Users\Andrea\AppData\Local\Temp\launch_params_32o4x2i1'].
[ERROR] [actuation_model_node.EXE-4]: process has died [pid 16616, exit code 1, cmd 'C:\Users\Andrea\Desktop\HoloObstacleAvoidance\install\lib\rov_obstacle_sim_bridge\actuation_model_node.EXE --ros-args -r __node:=actuation_model --params-file C:\Users\Andrea\AppData\Local\Temp\launch_params_8u4ketfe'].
[calibrated_observation_relay_node.EXE-3] [INFO] [1786816770.426356900] [calibrated_observation_relay]: calibrated observation relay: level=S2 s1=True s2=True

[ERROR] [commanded_odometry_node.EXE-6]: process has died [pid 5444, exit code 1, cmd 'C:\Users\Andrea\Desktop\HoloObstacleAvoidance\install\lib\rov_obstacle_sim_bridge\commanded_odometry_node.EXE --ros-args -r __node:=commanded_odometry'].
[actuation_model_node.EXE-4] [INFO] [1786816770.344031600] [actuation_model]: actuation model: level=S2 plant=False latency=0.000 s

[ERROR] [nominal_cmd_publisher_node.EXE-7]: process has died [pid 23436, exit code 1, cmd 'C:\Users\Andrea\Desktop\HoloObstacleAvoidance\install\lib\rov_obstacle_bringup\nominal_cmd_publisher_node.EXE --ros-args -r __node:=nominal_cmd_publisher --params-file C:\Users\Andrea\Desktop\HoloObstacleAvoidance\install\share\rov_obstacle_bringup\config\demo.yaml --params-file C:\Users\Andrea\AppData\Local\Temp\launch_params_bjx6253y'].
