C:\dev\ros2_lyrical\Lib\site-packages\launch\logging\__init__.py:172: UserWarning: Cannot create a symlink to latest log directory: [WinError 1314] Il privilegio richiesto non appartiene al client: 'C:\\Users\\Andrea\\.ros\\log\\2026-08-11-22-14-02-036187-DESKTOP-CNGN003-32280' -> 'C:\\Users\\Andrea\\.ros\\log\\latest'

  warnings.warn(
[INFO] [launch]: All log files can be found below C:\Users\Andrea\.ros\log\2026-08-11-22-14-02-036187-DESKTOP-CNGN003-32280
[INFO] [launch]: Default logging verbosity is set to INFO
[INFO] [holoocean_bridge_node.EXE-1]: process started with pid [16664]
[INFO] [oracle_dropout_relay_node.EXE-2]: process started with pid [32168]
[INFO] [temporal_estimator_node.EXE-3]: process started with pid [29736]
[INFO] [commanded_odometry_node.EXE-4]: process started with pid [33108]
[INFO] [nominal_cmd_publisher_node.EXE-5]: process started with pid [31832]
[INFO] [dwa_planner_node.EXE-6]: process started with pid [24012]
[INFO] [baseline0_validator_node.EXE-7]: process started with pid [25120]
[ERROR] [holoocean_bridge_node.EXE-1]: process has died [pid 16664, exit code 1, cmd 'C:\Users\Andrea\Desktop\HoloObstacleAvoidance\install\lib\rov_obstacle_sim_bridge\holoocean_bridge_node.EXE --ros-args -r __node:=holoocean_bridge --params-file C:\Users\Andrea\Desktop\HoloObstacleAvoidance\install\share\rov_obstacle_sim_bridge\config\holoocean_bridge.yaml --params-file C:\Users\Andrea\AppData\Local\Temp\launch_params_cyfhrrg0'].
[ERROR] [oracle_dropout_relay_node.EXE-2]: process has died [pid 32168, exit code 1, cmd 'C:\Users\Andrea\Desktop\HoloObstacleAvoidance\install\lib\rov_obstacle_sim_bridge\oracle_dropout_relay_node.EXE --ros-args -r __node:=oracle_dropout_relay --params-file C:\Users\Andrea\AppData\Local\Temp\launch_params_ffnyi9i3'].
[holoocean_bridge_node.EXE-1] [2m2026-08-11T20:15:03.652647Z[0m [31mERROR[0m net-0 ThreadId(02) [2mzenoh_transport::unicast::universal::tx[0m[2m:[0m Unable to push non droppable network message to ed7904ad76517365227f0d5fc24183b. Closing transport!

[holoocean_bridge_node.EXE-1] [INFO] [1786479243.546747600] [holoocean_bridge]: HoloOcean bridge: will connect to sim server 127.0.0.1:47654. /perception/obstacles_oracle is SIMULATION-ONLY ground truth.

[oracle_dropout_relay_node.EXE-2] [INFO] [1786479243.179513200] [oracle_dropout_relay]: oracle relay: dropout_enabled=False (trigger 'AVOIDING*' +3.0s for 2.0s)

[ERROR] [temporal_estimator_node.EXE-3]: process has died [pid 29736, exit code 1, cmd 'C:\Users\Andrea\Desktop\HoloObstacleAvoidance\install\lib\rov_obstacle_tracking\temporal_estimator_node.EXE --ros-args -r __node:=temporal_estimator --params-file C:\Users\Andrea\AppData\Local\Temp\launch_params_rk_1es7o'].
[temporal_estimator_node.EXE-3] [INFO] [1786479243.396280500] [temporal_estimator]: temporal estimator method=t2_fixed_kf /perception/obstacles_raw -> /perception/obstacles

[ERROR] [dwa_planner_node.EXE-6]: process has died [pid 24012, exit code 1, cmd 'C:\Users\Andrea\Desktop\HoloObstacleAvoidance\install\lib\rov_obstacle_avoidance\dwa_planner_node.EXE --ros-args -r __node:=dwa_planner --params-file C:\Users\Andrea\AppData\Local\Temp\launch_params_tnwykknk'].
[ERROR] [nominal_cmd_publisher_node.EXE-5]: process has died [pid 31832, exit code 1, cmd 'C:\Users\Andrea\Desktop\HoloObstacleAvoidance\install\lib\rov_obstacle_bringup\nominal_cmd_publisher_node.EXE --ros-args -r __node:=nominal_cmd_publisher --params-file C:\Users\Andrea\Desktop\HoloObstacleAvoidance\install\share\rov_obstacle_bringup\config\demo.yaml --params-file C:\Users\Andrea\AppData\Local\Temp\launch_params_88k_ilmr'].
