C:\dev\ros2_lyrical\Lib\site-packages\launch\logging\__init__.py:172: UserWarning: Cannot create a symlink to latest log directory: [WinError 1314] Il privilegio richiesto non appartiene al client: 'C:\\Users\\Andrea\\.ros\\log\\2026-08-15-20-21-00-779994-DESKTOP-CNGN003-21888' -> 'C:\\Users\\Andrea\\.ros\\log\\latest'

  warnings.warn(
[INFO] [launch]: All log files can be found below C:\Users\Andrea\.ros\log\2026-08-15-20-21-00-779994-DESKTOP-CNGN003-21888
[INFO] [launch]: Default logging verbosity is set to INFO
[INFO] [holoocean_bridge_node.EXE-1]: process started with pid [16748]
[INFO] [oracle_dropout_relay_node.EXE-2]: process started with pid [7592]
[INFO] [calibrated_observation_relay_node.EXE-3]: process started with pid [14428]
[INFO] [actuation_model_node.EXE-4]: process started with pid [12572]
[INFO] [temporal_estimator_node.EXE-5]: process started with pid [11408]
[INFO] [commanded_odometry_node.EXE-6]: process started with pid [21568]
[INFO] [nominal_cmd_publisher_node.EXE-7]: process started with pid [8156]
[INFO] [local_avoidance_planner_node.EXE-8]: process started with pid [8476]
[INFO] [baseline0_validator_node.EXE-9]: process started with pid [10004]
[ERROR] [calibrated_observation_relay_node.EXE-3]: process has died [pid 14428, exit code 1, cmd 'C:\Users\Andrea\Desktop\HoloObstacleAvoidance\install\lib\rov_obstacle_sim_bridge\calibrated_observation_relay_node.EXE --ros-args -r __node:=calibrated_observation_relay --params-file C:\Users\Andrea\AppData\Local\Temp\launch_params_pvxhwsph'].
[ERROR] [holoocean_bridge_node.EXE-1]: process has died [pid 16748, exit code 1, cmd 'C:\Users\Andrea\Desktop\HoloObstacleAvoidance\install\lib\rov_obstacle_sim_bridge\holoocean_bridge_node.EXE --ros-args -r __node:=holoocean_bridge --params-file C:\Users\Andrea\Desktop\HoloObstacleAvoidance\install\share\rov_obstacle_sim_bridge\config\holoocean_bridge.yaml --params-file C:\Users\Andrea\AppData\Local\Temp\launch_params_5ejgv6c_'].
[ERROR] [oracle_dropout_relay_node.EXE-2]: process has died [pid 7592, exit code 1, cmd 'C:\Users\Andrea\Desktop\HoloObstacleAvoidance\install\lib\rov_obstacle_sim_bridge\oracle_dropout_relay_node.EXE --ros-args -r __node:=oracle_dropout_relay --params-file C:\Users\Andrea\AppData\Local\Temp\launch_params_2i8dw1bu'].
[ERROR] [actuation_model_node.EXE-4]: process has died [pid 12572, exit code 1, cmd 'C:\Users\Andrea\Desktop\HoloObstacleAvoidance\install\lib\rov_obstacle_sim_bridge\actuation_model_node.EXE --ros-args -r __node:=actuation_model --params-file C:\Users\Andrea\AppData\Local\Temp\launch_params__w51vv_w'].
[calibrated_observation_relay_node.EXE-3] [INFO] [1786818062.800268100] [calibrated_observation_relay]: calibrated observation relay: level=S3 s1=True s2=True

[holoocean_bridge_node.EXE-1] [2m2026-08-15T18:21:02.951004Z[0m [33m WARN[0m ThreadId(12) [2mzenoh::net::runtime::orchestrator[0m[2m:[0m Scouting delay elapsed before start conditions are met.

[holoocean_bridge_node.EXE-1] [INFO] [1786818063.916999800] [holoocean_bridge]: HoloOcean bridge: will connect to sim server 127.0.0.1:47654. /perception/obstacles_oracle is SIMULATION-ONLY ground truth.

[ERROR] [temporal_estimator_node.EXE-5]: process has died [pid 11408, exit code 1, cmd 'C:\Users\Andrea\Desktop\HoloObstacleAvoidance\install\lib\rov_obstacle_tracking\temporal_estimator_node.EXE --ros-args -r __node:=temporal_estimator --params-file C:\Users\Andrea\AppData\Local\Temp\launch_params_o90ocgpp'].
[oracle_dropout_relay_node.EXE-2] [2m2026-08-15T18:21:02.903577Z[0m [33m WARN[0m ThreadId(14) [2mzenoh::net::runtime::orchestrator[0m[2m:[0m Scouting delay elapsed before start conditions are met.

[oracle_dropout_relay_node.EXE-2] [INFO] [1786818063.992671700] [oracle_dropout_relay]: oracle relay: dropout_enabled=False (trigger 'AVOIDING*' +3.0s for 2.0s)

[actuation_model_node.EXE-4] [INFO] [1786818062.822695400] [actuation_model]: actuation model: level=S3 plant=True latency=0.000 s

[temporal_estimator_node.EXE-5] [2m2026-08-15T18:21:02.913666Z[0m [33m WARN[0m ThreadId(12) [2mzenoh::net::runtime::orchestrator[0m[2m:[0m Scouting delay elapsed before start conditions are met.

[temporal_estimator_node.EXE-5] [INFO] [1786818063.819130400] [temporal_estimator]: temporal estimator method=t2_fixed_kf /perception/obstacles_raw -> /perception/obstacles

