C:\dev\ros2_lyrical\Lib\site-packages\launch\logging\__init__.py:172: UserWarning: Cannot create a symlink to latest log directory: [WinError 1314] Il privilegio richiesto non appartiene al client: 'C:\\Users\\Andrea\\.ros\\log\\2026-08-16-19-08-21-257386-DESKTOP-CNGN003-4540' -> 'C:\\Users\\Andrea\\.ros\\log\\latest'

  warnings.warn(
[INFO] [launch]: All log files can be found below C:\Users\Andrea\.ros\log\2026-08-16-19-08-21-257386-DESKTOP-CNGN003-4540
[INFO] [launch]: Default logging verbosity is set to INFO
[INFO] [holoocean_bridge_node.EXE-1]: process started with pid [25132]
[INFO] [oracle_dropout_relay_node.EXE-2]: process started with pid [22732]
[INFO] [calibrated_observation_relay_node.EXE-3]: process started with pid [26604]
[INFO] [actuation_model_node.EXE-4]: process started with pid [13404]
[INFO] [temporal_estimator_node.EXE-5]: process started with pid [4548]
[INFO] [commanded_odometry_node.EXE-6]: process started with pid [29108]
[INFO] [nominal_cmd_publisher_node.EXE-7]: process started with pid [30820]
[INFO] [local_avoidance_planner_node.EXE-8]: process started with pid [4724]
[INFO] [baseline0_validator_node.EXE-9]: process started with pid [4892]
[ERROR] [holoocean_bridge_node.EXE-1]: process has died [pid 25132, exit code 1, cmd 'C:\Users\Andrea\Desktop\HoloObstacleAvoidance\install\lib\rov_obstacle_sim_bridge\holoocean_bridge_node.EXE --ros-args -r __node:=holoocean_bridge --params-file C:\Users\Andrea\Desktop\HoloObstacleAvoidance\install\share\rov_obstacle_sim_bridge\config\holoocean_bridge.yaml --params-file C:\Users\Andrea\AppData\Local\Temp\launch_params_a9f9qjzm'].
[holoocean_bridge_node.EXE-1] [2m2026-08-16T17:08:24.159388Z[0m [33m WARN[0m ThreadId(10) [2mzenoh::net::runtime::orchestrator[0m[2m:[0m Scouting delay elapsed before start conditions are met.

[holoocean_bridge_node.EXE-1] [INFO] [1786900106.196000900] [holoocean_bridge]: HoloOcean bridge: will connect to sim server 127.0.0.1:47654. /perception/obstacles_oracle is SIMULATION-ONLY ground truth.

[ERROR] [calibrated_observation_relay_node.EXE-3]: process has died [pid 26604, exit code 1, cmd 'C:\Users\Andrea\Desktop\HoloObstacleAvoidance\install\lib\rov_obstacle_sim_bridge\calibrated_observation_relay_node.EXE --ros-args -r __node:=calibrated_observation_relay --params-file C:\Users\Andrea\AppData\Local\Temp\launch_params_5v54czuy'].
[ERROR] [oracle_dropout_relay_node.EXE-2]: process has died [pid 22732, exit code 1, cmd 'C:\Users\Andrea\Desktop\HoloObstacleAvoidance\install\lib\rov_obstacle_sim_bridge\oracle_dropout_relay_node.EXE --ros-args -r __node:=oracle_dropout_relay --params-file C:\Users\Andrea\AppData\Local\Temp\launch_params_28lo0nfv'].
[calibrated_observation_relay_node.EXE-3] [INFO] [1786900105.478355200] [calibrated_observation_relay]: calibrated observation relay: level=S3 s1=True s2=True

[oracle_dropout_relay_node.EXE-2] [INFO] [1786900104.873942700] [oracle_dropout_relay]: oracle relay: dropout_enabled=False (trigger 'AVOIDING*' +3.0s for 2.0s)

[ERROR] [commanded_odometry_node.EXE-6]: process has died [pid 29108, exit code 1, cmd 'C:\Users\Andrea\Desktop\HoloObstacleAvoidance\install\lib\rov_obstacle_sim_bridge\commanded_odometry_node.EXE --ros-args -r __node:=commanded_odometry'].
[ERROR] [nominal_cmd_publisher_node.EXE-7]: process has died [pid 30820, exit code 1, cmd 'C:\Users\Andrea\Desktop\HoloObstacleAvoidance\install\lib\rov_obstacle_bringup\nominal_cmd_publisher_node.EXE --ros-args -r __node:=nominal_cmd_publisher --params-file C:\Users\Andrea\Desktop\HoloObstacleAvoidance\install\share\rov_obstacle_bringup\config\demo.yaml --params-file C:\Users\Andrea\AppData\Local\Temp\launch_params_ht3yyt3q'].
[ERROR] [temporal_estimator_node.EXE-5]: process has died [pid 4548, exit code 1, cmd 'C:\Users\Andrea\Desktop\HoloObstacleAvoidance\install\lib\rov_obstacle_tracking\temporal_estimator_node.EXE --ros-args -r __node:=temporal_estimator --params-file C:\Users\Andrea\AppData\Local\Temp\launch_params_k3ivgjz7'].
[ERROR] [local_avoidance_planner_node.EXE-8]: process has died [pid 4724, exit code 1, cmd 'C:\Users\Andrea\Desktop\HoloObstacleAvoidance\install\lib\rov_obstacle_avoidance\local_avoidance_planner_node.EXE --ros-args -r __node:=local_avoidance_planner --params-file C:\Users\Andrea\Desktop\HoloObstacleAvoidance\install\share\rov_obstacle_avoidance\config\local_avoidance_planner.yaml --params-file C:\Users\Andrea\AppData\Local\Temp\launch_params_3c0jiy1j'].
[ERROR] [actuation_model_node.EXE-4]: process has died [pid 13404, exit code 1, cmd 'C:\Users\Andrea\Desktop\HoloObstacleAvoidance\install\lib\rov_obstacle_sim_bridge\actuation_model_node.EXE --ros-args -r __node:=actuation_model --params-file C:\Users\Andrea\AppData\Local\Temp\launch_params_hdzqy5k1'].
[commanded_odometry_node.EXE-6] [INFO] [1786900105.682498800] [commanded_odometry]: commanded odometry (no-DVL transferable dead reckoning): inputs ['/planner/cmd_vel_safe', '/rov/attitude_measured', '/rov/depth'] -> /rov/odom_estimated

[nominal_cmd_publisher_node.EXE-7] [2m2026-08-16T17:08:24.237149Z[0m [33m WARN[0m ThreadId(11) [2mzenoh::net::runtime::orchestrator[0m[2m:[0m Scouting delay elapsed before start conditions are met.

[nominal_cmd_publisher_node.EXE-7] [INFO] [1786900106.071663700] [nominal_cmd_publisher]: Nominal command publisher sending /cmd_vel_nominal.

[temporal_estimator_node.EXE-5] [INFO] [1786900106.256803100] [temporal_estimator]: temporal estimator method=t2_fixed_kf /perception/obstacles_raw -> /perception/obstacles

[local_avoidance_planner_node.EXE-8] [INFO] [1786900105.413344300] [local_avoidance_planner]: Local avoidance planner publishing /planner/cmd_vel_safe.

