C:\dev\ros2_lyrical\Lib\site-packages\launch\logging\__init__.py:172: UserWarning: Cannot create a symlink to latest log directory: [WinError 1314] Il privilegio richiesto non appartiene al client: 'C:\\Users\\Andrea\\.ros\\log\\2026-08-15-18-26-28-636297-DESKTOP-CNGN003-1140' -> 'C:\\Users\\Andrea\\.ros\\log\\latest'

  warnings.warn(
[INFO] [launch]: All log files can be found below C:\Users\Andrea\.ros\log\2026-08-15-18-26-28-636297-DESKTOP-CNGN003-1140
[INFO] [launch]: Default logging verbosity is set to INFO
[INFO] [holoocean_bridge_node.EXE-1]: process started with pid [8524]
[INFO] [oracle_dropout_relay_node.EXE-2]: process started with pid [6944]
[INFO] [calibrated_observation_relay_node.EXE-3]: process started with pid [10080]
[INFO] [actuation_model_node.EXE-4]: process started with pid [11920]
[INFO] [temporal_estimator_node.EXE-5]: process started with pid [6780]
[INFO] [commanded_odometry_node.EXE-6]: process started with pid [22152]
[INFO] [nominal_cmd_publisher_node.EXE-7]: process started with pid [17864]
[INFO] [dwa_planner_node.EXE-8]: process started with pid [7440]
[INFO] [baseline0_validator_node.EXE-9]: process started with pid [20216]
[ERROR] [commanded_odometry_node.EXE-6]: process has died [pid 22152, exit code 1, cmd 'C:\Users\Andrea\Desktop\HoloObstacleAvoidance\install\lib\rov_obstacle_sim_bridge\commanded_odometry_node.EXE --ros-args -r __node:=commanded_odometry'].
[ERROR] [oracle_dropout_relay_node.EXE-2]: process has died [pid 6944, exit code 1, cmd 'C:\Users\Andrea\Desktop\HoloObstacleAvoidance\install\lib\rov_obstacle_sim_bridge\oracle_dropout_relay_node.EXE --ros-args -r __node:=oracle_dropout_relay --params-file C:\Users\Andrea\AppData\Local\Temp\launch_params_hzlv4_at'].
[ERROR] [calibrated_observation_relay_node.EXE-3]: process has died [pid 10080, exit code 1, cmd 'C:\Users\Andrea\Desktop\HoloObstacleAvoidance\install\lib\rov_obstacle_sim_bridge\calibrated_observation_relay_node.EXE --ros-args -r __node:=calibrated_observation_relay --params-file C:\Users\Andrea\AppData\Local\Temp\launch_params_53vk7uxc'].
[ERROR] [actuation_model_node.EXE-4]: process has died [pid 11920, exit code 1, cmd 'C:\Users\Andrea\Desktop\HoloObstacleAvoidance\install\lib\rov_obstacle_sim_bridge\actuation_model_node.EXE --ros-args -r __node:=actuation_model --params-file C:\Users\Andrea\AppData\Local\Temp\launch_params_8s61jt0n'].
[ERROR] [holoocean_bridge_node.EXE-1]: process has died [pid 8524, exit code 1, cmd 'C:\Users\Andrea\Desktop\HoloObstacleAvoidance\install\lib\rov_obstacle_sim_bridge\holoocean_bridge_node.EXE --ros-args -r __node:=holoocean_bridge --params-file C:\Users\Andrea\Desktop\HoloObstacleAvoidance\install\share\rov_obstacle_sim_bridge\config\holoocean_bridge.yaml --params-file C:\Users\Andrea\AppData\Local\Temp\launch_params_bi5tbzwm'].
[commanded_odometry_node.EXE-6] [2m2026-08-15T16:26:30.783480Z[0m [33m WARN[0m ThreadId(11) [2mzenoh::net::runtime::orchestrator[0m[2m:[0m Scouting delay elapsed before start conditions are met.

[commanded_odometry_node.EXE-6] [INFO] [1786811191.575641500] [commanded_odometry]: commanded odometry (no-DVL transferable dead reckoning): inputs ['/planner/cmd_vel_safe', '/rov/attitude_measured', '/rov/depth'] -> /rov/odom_estimated

[oracle_dropout_relay_node.EXE-2] [INFO] [1786811190.762827400] [oracle_dropout_relay]: oracle relay: dropout_enabled=False (trigger 'AVOIDING*' +3.0s for 2.0s)

[ERROR] [temporal_estimator_node.EXE-5]: process has died [pid 6780, exit code 1, cmd 'C:\Users\Andrea\Desktop\HoloObstacleAvoidance\install\lib\rov_obstacle_tracking\temporal_estimator_node.EXE --ros-args -r __node:=temporal_estimator --params-file C:\Users\Andrea\AppData\Local\Temp\launch_params_x45mm769'].
[calibrated_observation_relay_node.EXE-3] [INFO] [1786811190.631574100] [calibrated_observation_relay]: calibrated observation relay: level=S0 s1=False s2=False

[actuation_model_node.EXE-4] [INFO] [1786811190.745970400] [actuation_model]: actuation model: level=S0 plant=False latency=0.000 s

[holoocean_bridge_node.EXE-1] [2m2026-08-15T16:26:30.741117Z[0m [33m WARN[0m ThreadId(15) [2mzenoh::net::runtime::orchestrator[0m[2m:[0m Scouting delay elapsed before start conditions are met.

[holoocean_bridge_node.EXE-1] [INFO] [1786811191.675348000] [holoocean_bridge]: HoloOcean bridge: will connect to sim server 127.0.0.1:47654. /perception/obstacles_oracle is SIMULATION-ONLY ground truth.

[ERROR] [nominal_cmd_publisher_node.EXE-7]: process has died [pid 17864, exit code 1, cmd 'C:\Users\Andrea\Desktop\HoloObstacleAvoidance\install\lib\rov_obstacle_bringup\nominal_cmd_publisher_node.EXE --ros-args -r __node:=nominal_cmd_publisher --params-file C:\Users\Andrea\Desktop\HoloObstacleAvoidance\install\share\rov_obstacle_bringup\config\demo.yaml --params-file C:\Users\Andrea\AppData\Local\Temp\launch_params_a2r2nesk'].
