C:\dev\ros2_lyrical\Lib\site-packages\launch\logging\__init__.py:172: UserWarning: Cannot create a symlink to latest log directory: [WinError 1314] Il privilegio richiesto non appartiene al client: 'C:\\Users\\Andrea\\.ros\\log\\2026-08-12-00-53-44-990325-DESKTOP-CNGN003-4044' -> 'C:\\Users\\Andrea\\.ros\\log\\latest'

  warnings.warn(
[INFO] [launch]: All log files can be found below C:\Users\Andrea\.ros\log\2026-08-12-00-53-44-990325-DESKTOP-CNGN003-4044
[INFO] [launch]: Default logging verbosity is set to INFO
[INFO] [holoocean_bridge_node.EXE-1]: process started with pid [33228]
[INFO] [oracle_dropout_relay_node.EXE-2]: process started with pid [33608]
[INFO] [temporal_estimator_node.EXE-3]: process started with pid [31452]
[INFO] [commanded_odometry_node.EXE-4]: process started with pid [15500]
[INFO] [nominal_cmd_publisher_node.EXE-5]: process started with pid [19400]
[INFO] [local_avoidance_planner_node.EXE-6]: process started with pid [5820]
[INFO] [baseline0_validator_node.EXE-7]: process started with pid [3860]
[ERROR] [holoocean_bridge_node.EXE-1]: process has died [pid 33228, exit code 1, cmd 'C:\Users\Andrea\Desktop\HoloObstacleAvoidance\install\lib\rov_obstacle_sim_bridge\holoocean_bridge_node.EXE --ros-args -r __node:=holoocean_bridge --params-file C:\Users\Andrea\Desktop\HoloObstacleAvoidance\install\share\rov_obstacle_sim_bridge\config\holoocean_bridge.yaml --params-file C:\Users\Andrea\AppData\Local\Temp\launch_params_9gqgly6m'].
[holoocean_bridge_node.EXE-1] [2m2026-08-11T22:53:46.370201Z[0m [33m WARN[0m ThreadId(11) [2mzenoh::net::runtime::orchestrator[0m[2m:[0m Scouting delay elapsed before start conditions are met.

[holoocean_bridge_node.EXE-1] [INFO] [1786488827.000203600] [holoocean_bridge]: HoloOcean bridge: will connect to sim server 127.0.0.1:47654. /perception/obstacles_oracle is SIMULATION-ONLY ground truth.

[ERROR] [temporal_estimator_node.EXE-3]: process has died [pid 31452, exit code 1, cmd 'C:\Users\Andrea\Desktop\HoloObstacleAvoidance\install\lib\rov_obstacle_tracking\temporal_estimator_node.EXE --ros-args -r __node:=temporal_estimator --params-file C:\Users\Andrea\AppData\Local\Temp\launch_params_8klkf2j4'].
[ERROR] [oracle_dropout_relay_node.EXE-2]: process has died [pid 33608, exit code 1, cmd 'C:\Users\Andrea\Desktop\HoloObstacleAvoidance\install\lib\rov_obstacle_sim_bridge\oracle_dropout_relay_node.EXE --ros-args -r __node:=oracle_dropout_relay --params-file C:\Users\Andrea\AppData\Local\Temp\launch_params_tdne45b_'].
[temporal_estimator_node.EXE-3] [INFO] [1786488826.233969400] [temporal_estimator]: temporal estimator method=t2_fixed_kf /perception/obstacles_raw -> /perception/obstacles

[ERROR] [commanded_odometry_node.EXE-4]: process has died [pid 15500, exit code 1, cmd 'C:\Users\Andrea\Desktop\HoloObstacleAvoidance\install\lib\rov_obstacle_sim_bridge\commanded_odometry_node.EXE --ros-args -r __node:=commanded_odometry'].
[oracle_dropout_relay_node.EXE-2] [INFO] [1786488826.540460700] [oracle_dropout_relay]: oracle relay: dropout_enabled=False (trigger 'AVOIDING*' +3.0s for 2.0s)

[commanded_odometry_node.EXE-4] [INFO] [1786488826.757241500] [commanded_odometry]: commanded odometry (no-DVL transferable dead reckoning): inputs ['/planner/cmd_vel_safe', '/rov/attitude_measured', '/rov/depth'] -> /rov/odom_estimated

