C:\dev\ros2_lyrical\Lib\site-packages\launch\logging\__init__.py:172: UserWarning: Cannot create a symlink to latest log directory: [WinError 1314] Il privilegio richiesto non appartiene al client: 'C:\\Users\\Andrea\\.ros\\log\\2026-08-15-19-09-05-450757-DESKTOP-CNGN003-11256' -> 'C:\\Users\\Andrea\\.ros\\log\\latest'

  warnings.warn(
[INFO] [launch]: All log files can be found below C:\Users\Andrea\.ros\log\2026-08-15-19-09-05-450757-DESKTOP-CNGN003-11256
[INFO] [launch]: Default logging verbosity is set to INFO
[INFO] [holoocean_bridge_node.EXE-1]: process started with pid [16552]
[INFO] [oracle_dropout_relay_node.EXE-2]: process started with pid [14700]
[INFO] [calibrated_observation_relay_node.EXE-3]: process started with pid [8156]
[INFO] [actuation_model_node.EXE-4]: process started with pid [13556]
[INFO] [temporal_estimator_node.EXE-5]: process started with pid [13928]
[INFO] [commanded_odometry_node.EXE-6]: process started with pid [18924]
[INFO] [nominal_cmd_publisher_node.EXE-7]: process started with pid [12736]
[INFO] [dwa_planner_node.EXE-8]: process started with pid [4060]
[INFO] [baseline0_validator_node.EXE-9]: process started with pid [13952]
[ERROR] [holoocean_bridge_node.EXE-1]: process has died [pid 16552, exit code 1, cmd 'C:\Users\Andrea\Desktop\HoloObstacleAvoidance\install\lib\rov_obstacle_sim_bridge\holoocean_bridge_node.EXE --ros-args -r __node:=holoocean_bridge --params-file C:\Users\Andrea\Desktop\HoloObstacleAvoidance\install\share\rov_obstacle_sim_bridge\config\holoocean_bridge.yaml --params-file C:\Users\Andrea\AppData\Local\Temp\launch_params_rt6r16ab'].
[ERROR] [temporal_estimator_node.EXE-5]: process has died [pid 13928, exit code 1, cmd 'C:\Users\Andrea\Desktop\HoloObstacleAvoidance\install\lib\rov_obstacle_tracking\temporal_estimator_node.EXE --ros-args -r __node:=temporal_estimator --params-file C:\Users\Andrea\AppData\Local\Temp\launch_params_xd60vhfs'].
[ERROR] [calibrated_observation_relay_node.EXE-3]: process has died [pid 8156, exit code 1, cmd 'C:\Users\Andrea\Desktop\HoloObstacleAvoidance\install\lib\rov_obstacle_sim_bridge\calibrated_observation_relay_node.EXE --ros-args -r __node:=calibrated_observation_relay --params-file C:\Users\Andrea\AppData\Local\Temp\launch_params_xy0z9o7o'].
[ERROR] [oracle_dropout_relay_node.EXE-2]: process has died [pid 14700, exit code 1, cmd 'C:\Users\Andrea\Desktop\HoloObstacleAvoidance\install\lib\rov_obstacle_sim_bridge\oracle_dropout_relay_node.EXE --ros-args -r __node:=oracle_dropout_relay --params-file C:\Users\Andrea\AppData\Local\Temp\launch_params_tifc24gj'].
[ERROR] [actuation_model_node.EXE-4]: process has died [pid 13556, exit code 1, cmd 'C:\Users\Andrea\Desktop\HoloObstacleAvoidance\install\lib\rov_obstacle_sim_bridge\actuation_model_node.EXE --ros-args -r __node:=actuation_model --params-file C:\Users\Andrea\AppData\Local\Temp\launch_params_ct3byzfu'].
[holoocean_bridge_node.EXE-1] [2m2026-08-15T17:09:07.579429Z[0m [33m WARN[0m ThreadId(11) [2mzenoh::net::runtime::orchestrator[0m[2m:[0m Scouting delay elapsed before start conditions are met.

[holoocean_bridge_node.EXE-1] [INFO] [1786813748.632083000] [holoocean_bridge]: HoloOcean bridge: will connect to sim server 127.0.0.1:47654. /perception/obstacles_oracle is SIMULATION-ONLY ground truth.

[temporal_estimator_node.EXE-5] [2m2026-08-15T17:09:07.585521Z[0m [33m WARN[0m ThreadId(12) [2mzenoh::net::runtime::orchestrator[0m[2m:[0m Scouting delay elapsed before start conditions are met.

[temporal_estimator_node.EXE-5] [INFO] [1786813748.442992300] [temporal_estimator]: temporal estimator method=t2_fixed_kf /perception/obstacles_raw -> /perception/obstacles

[ERROR] [nominal_cmd_publisher_node.EXE-7]: process has died [pid 12736, exit code 1, cmd 'C:\Users\Andrea\Desktop\HoloObstacleAvoidance\install\lib\rov_obstacle_bringup\nominal_cmd_publisher_node.EXE --ros-args -r __node:=nominal_cmd_publisher --params-file C:\Users\Andrea\Desktop\HoloObstacleAvoidance\install\share\rov_obstacle_bringup\config\demo.yaml --params-file C:\Users\Andrea\AppData\Local\Temp\launch_params_djshfthe'].
[calibrated_observation_relay_node.EXE-3] [INFO] [1786813747.588788100] [calibrated_observation_relay]: calibrated observation relay: level=S1 s1=True s2=False

[oracle_dropout_relay_node.EXE-2] [INFO] [1786813747.788412200] [oracle_dropout_relay]: oracle relay: dropout_enabled=False (trigger 'AVOIDING*' +3.0s for 2.0s)

[actuation_model_node.EXE-4] [INFO] [1786813747.748867100] [actuation_model]: actuation model: level=S1 plant=False latency=0.000 s

[nominal_cmd_publisher_node.EXE-7] [INFO] [1786813747.770683400] [nominal_cmd_publisher]: Nominal command publisher sending /cmd_vel_nominal.

[ERROR] [commanded_odometry_node.EXE-6]: process has died [pid 18924, exit code 1, cmd 'C:\Users\Andrea\Desktop\HoloObstacleAvoidance\install\lib\rov_obstacle_sim_bridge\commanded_odometry_node.EXE --ros-args -r __node:=commanded_odometry'].
[commanded_odometry_node.EXE-6] [2m2026-08-15T17:09:07.553967Z[0m [33m WARN[0m ThreadId(14) [2mzenoh::net::runtime::orchestrator[0m[2m:[0m Scouting delay elapsed before start conditions are met.

