[sim-server] make(stock world SimpleUnderwater, agent BlueROV2) ...
[sim-server] env ready in 4.4s
[sim-server] spawn world=(0.0,-0.0,-10.0) yaw=-0.0 deg
[sim-server] dynamics mode: BlueROV2 body-velocity controller (latency=0.000s, max_thrust=28.8N)
[sim-server] spawned sphere 'f_obstacle' (anchor) at world=(12.0,0.0,-10.0)
[sim-server] oracle semantic obstacles: 1
[sim-server] listening on 127.0.0.1:47654 (waiting for ROS 2 bridge)
[sim-server] bridge connected
[sim-server] bridge disconnected; waiting for reconnect
[sim-server] bridge connected
[sim-server] SLEEP GUARD: body frozen under load — waking with same-pose teleport (tickle #1) and resetting controller integrators
[sim-server] SLEEP GUARD: body frozen under load — waking with same-pose teleport (tickle #2) and resetting controller integrators
[sim-server] SLEEP GUARD: body frozen under load — waking with same-pose teleport (tickle #3) and resetting controller integrators
[sim-server] SLEEP GUARD: body frozen under load — waking with same-pose teleport (tickle #4) and resetting controller integrators
[sim-server] SLEEP GUARD: body frozen under load — waking with same-pose teleport (tickle #5) and resetting controller integrators
[sim-server] SLEEP GUARD: body frozen under load — waking with same-pose teleport (tickle #6) and resetting controller integrators
[sim-server] SLEEP GUARD: body frozen under load — waking with same-pose teleport (tickle #7) and resetting controller integrators
[sim-server] SLEEP GUARD: body frozen under load — waking with same-pose teleport (tickle #8) and resetting controller integrators
[sim-server] SLEEP GUARD: body frozen under load — waking with same-pose teleport (tickle #9) and resetting controller integrators
[sim-server] SLEEP GUARD: body frozen under load — waking with same-pose teleport (tickle #10) and resetting controller integrators
[sim-server] SLEEP GUARD: body frozen under load — waking with same-pose teleport (tickle #11) and resetting controller integrators
[sim-server] SLEEP GUARD: body frozen under load — waking with same-pose teleport (tickle #12) and resetting controller integrators
[sim-server] SLEEP GUARD: body frozen under load — waking with same-pose teleport (tickle #13) and resetting controller integrators
[sim-server] SLEEP GUARD: body frozen under load — waking with same-pose teleport (tickle #14) and resetting controller integrators
[sim-server] SLEEP GUARD: body frozen under load — waking with same-pose teleport (tickle #15) and resetting controller integrators
[sim-server] SLEEP GUARD: body frozen under load — waking with same-pose teleport (tickle #16) and resetting controller integrators
[sim-server] SLEEP GUARD: body frozen under load — waking with same-pose teleport (tickle #17) and resetting controller integrators
[sim-server] bridge disconnected; waiting for reconnect
