C:\dev\ros2_lyrical\Lib\site-packages\launch\logging\__init__.py:172: UserWarning: Cannot create a symlink to latest log directory: [WinError 1314] Il privilegio richiesto non appartiene al client: 'C:\\Users\\Andrea\\.ros\\log\\2026-08-15-20-24-50-998856-DESKTOP-CNGN003-18872' -> 'C:\\Users\\Andrea\\.ros\\log\\latest'

  warnings.warn(
[INFO] [launch]: All log files can be found below C:\Users\Andrea\.ros\log\2026-08-15-20-24-50-998856-DESKTOP-CNGN003-18872
[INFO] [launch]: Default logging verbosity is set to INFO
[INFO] [holoocean_bridge_node.EXE-1]: process started with pid [1140]
[INFO] [oracle_dropout_relay_node.EXE-2]: process started with pid [19624]
[INFO] [calibrated_observation_relay_node.EXE-3]: process started with pid [21424]
[INFO] [actuation_model_node.EXE-4]: process started with pid [4108]
[INFO] [temporal_estimator_node.EXE-5]: process started with pid [5780]
[INFO] [commanded_odometry_node.EXE-6]: process started with pid [19892]
[INFO] [nominal_cmd_publisher_node.EXE-7]: process started with pid [2244]
[INFO] [local_avoidance_planner_node.EXE-8]: process started with pid [12800]
[INFO] [baseline0_validator_node.EXE-9]: process started with pid [12456]
[ERROR] [calibrated_observation_relay_node.EXE-3]: process has died [pid 21424, exit code 1, cmd 'C:\Users\Andrea\Desktop\HoloObstacleAvoidance\install\lib\rov_obstacle_sim_bridge\calibrated_observation_relay_node.EXE --ros-args -r __node:=calibrated_observation_relay --params-file C:\Users\Andrea\AppData\Local\Temp\launch_params_e0v3uf69'].
[ERROR] [actuation_model_node.EXE-4]: process has died [pid 4108, exit code 1, cmd 'C:\Users\Andrea\Desktop\HoloObstacleAvoidance\install\lib\rov_obstacle_sim_bridge\actuation_model_node.EXE --ros-args -r __node:=actuation_model --params-file C:\Users\Andrea\AppData\Local\Temp\launch_params_3zp3qd3b'].
[ERROR] [holoocean_bridge_node.EXE-1]: process has died [pid 1140, exit code 1, cmd 'C:\Users\Andrea\Desktop\HoloObstacleAvoidance\install\lib\rov_obstacle_sim_bridge\holoocean_bridge_node.EXE --ros-args -r __node:=holoocean_bridge --params-file C:\Users\Andrea\Desktop\HoloObstacleAvoidance\install\share\rov_obstacle_sim_bridge\config\holoocean_bridge.yaml --params-file C:\Users\Andrea\AppData\Local\Temp\launch_params_xhna3g4g'].
[ERROR] [oracle_dropout_relay_node.EXE-2]: process has died [pid 19624, exit code 1, cmd 'C:\Users\Andrea\Desktop\HoloObstacleAvoidance\install\lib\rov_obstacle_sim_bridge\oracle_dropout_relay_node.EXE --ros-args -r __node:=oracle_dropout_relay --params-file C:\Users\Andrea\AppData\Local\Temp\launch_params_v1avffkw'].
[calibrated_observation_relay_node.EXE-3] [INFO] [1786818292.652838600] [calibrated_observation_relay]: calibrated observation relay: level=S3 s1=True s2=True

[actuation_model_node.EXE-4] [2m2026-08-15T18:24:52.647634Z[0m [33m WARN[0m ThreadId(11) [2mzenoh::net::runtime::orchestrator[0m[2m:[0m Scouting delay elapsed before start conditions are met.

[actuation_model_node.EXE-4] [INFO] [1786818293.594597500] [actuation_model]: actuation model: level=S3 plant=True latency=0.000 s

[ERROR] [temporal_estimator_node.EXE-5]: process has died [pid 5780, exit code 1, cmd 'C:\Users\Andrea\Desktop\HoloObstacleAvoidance\install\lib\rov_obstacle_tracking\temporal_estimator_node.EXE --ros-args -r __node:=temporal_estimator --params-file C:\Users\Andrea\AppData\Local\Temp\launch_params_fjuexjjm'].
[ERROR] [commanded_odometry_node.EXE-6]: process has died [pid 19892, exit code 1, cmd 'C:\Users\Andrea\Desktop\HoloObstacleAvoidance\install\lib\rov_obstacle_sim_bridge\commanded_odometry_node.EXE --ros-args -r __node:=commanded_odometry'].
[holoocean_bridge_node.EXE-1] [2m2026-08-15T18:24:52.694157Z[0m [33m WARN[0m ThreadId(12) [2mzenoh::net::runtime::orchestrator[0m[2m:[0m Scouting delay elapsed before start conditions are met.

[holoocean_bridge_node.EXE-1] [INFO] [1786818293.768135100] [holoocean_bridge]: HoloOcean bridge: will connect to sim server 127.0.0.1:47654. /perception/obstacles_oracle is SIMULATION-ONLY ground truth.

[ERROR] [nominal_cmd_publisher_node.EXE-7]: process has died [pid 2244, exit code 1, cmd 'C:\Users\Andrea\Desktop\HoloObstacleAvoidance\install\lib\rov_obstacle_bringup\nominal_cmd_publisher_node.EXE --ros-args -r __node:=nominal_cmd_publisher --params-file C:\Users\Andrea\Desktop\HoloObstacleAvoidance\install\share\rov_obstacle_bringup\config\demo.yaml --params-file C:\Users\Andrea\AppData\Local\Temp\launch_params_9slxvwys'].
