C:\dev\ros2_lyrical\Lib\site-packages\launch\logging\__init__.py:172: UserWarning: Cannot create a symlink to latest log directory: [WinError 1314] Il privilegio richiesto non appartiene al client: 'C:\\Users\\Andrea\\.ros\\log\\2026-08-12-00-29-11-536866-DESKTOP-CNGN003-24948' -> 'C:\\Users\\Andrea\\.ros\\log\\latest'

  warnings.warn(
[INFO] [launch]: All log files can be found below C:\Users\Andrea\.ros\log\2026-08-12-00-29-11-536866-DESKTOP-CNGN003-24948
[INFO] [launch]: Default logging verbosity is set to INFO
[INFO] [holoocean_bridge_node.EXE-1]: process started with pid [16552]
[INFO] [oracle_dropout_relay_node.EXE-2]: process started with pid [24140]
[INFO] [temporal_estimator_node.EXE-3]: process started with pid [28608]
[INFO] [commanded_odometry_node.EXE-4]: process started with pid [33204]
[INFO] [nominal_cmd_publisher_node.EXE-5]: process started with pid [18908]
[INFO] [local_avoidance_planner_node.EXE-6]: process started with pid [15664]
[INFO] [baseline0_validator_node.EXE-7]: process started with pid [8828]
[ERROR] [holoocean_bridge_node.EXE-1]: process has died [pid 16552, exit code 1, cmd 'C:\Users\Andrea\Desktop\HoloObstacleAvoidance\install\lib\rov_obstacle_sim_bridge\holoocean_bridge_node.EXE --ros-args -r __node:=holoocean_bridge --params-file C:\Users\Andrea\Desktop\HoloObstacleAvoidance\install\share\rov_obstacle_sim_bridge\config\holoocean_bridge.yaml --params-file C:\Users\Andrea\AppData\Local\Temp\launch_params_967lai3z'].
[holoocean_bridge_node.EXE-1] [INFO] [1786487353.021931300] [holoocean_bridge]: HoloOcean bridge: will connect to sim server 127.0.0.1:47654. /perception/obstacles_oracle is SIMULATION-ONLY ground truth.

[ERROR] [oracle_dropout_relay_node.EXE-2]: process has died [pid 24140, exit code 1, cmd 'C:\Users\Andrea\Desktop\HoloObstacleAvoidance\install\lib\rov_obstacle_sim_bridge\oracle_dropout_relay_node.EXE --ros-args -r __node:=oracle_dropout_relay --params-file C:\Users\Andrea\AppData\Local\Temp\launch_params_scm9k55q'].
[ERROR] [temporal_estimator_node.EXE-3]: process has died [pid 28608, exit code 1, cmd 'C:\Users\Andrea\Desktop\HoloObstacleAvoidance\install\lib\rov_obstacle_tracking\temporal_estimator_node.EXE --ros-args -r __node:=temporal_estimator --params-file C:\Users\Andrea\AppData\Local\Temp\launch_params_n9t1_egv'].
[oracle_dropout_relay_node.EXE-2] [INFO] [1786487352.775980700] [oracle_dropout_relay]: oracle relay: dropout_enabled=False (trigger 'AVOIDING*' +3.0s for 2.0s)

[ERROR] [nominal_cmd_publisher_node.EXE-5]: process has died [pid 18908, exit code 1, cmd 'C:\Users\Andrea\Desktop\HoloObstacleAvoidance\install\lib\rov_obstacle_bringup\nominal_cmd_publisher_node.EXE --ros-args -r __node:=nominal_cmd_publisher --params-file C:\Users\Andrea\Desktop\HoloObstacleAvoidance\install\share\rov_obstacle_bringup\config\demo.yaml --params-file C:\Users\Andrea\AppData\Local\Temp\launch_params_3980xmyc'].
[ERROR] [commanded_odometry_node.EXE-4]: process has died [pid 33204, exit code 1, cmd 'C:\Users\Andrea\Desktop\HoloObstacleAvoidance\install\lib\rov_obstacle_sim_bridge\commanded_odometry_node.EXE --ros-args -r __node:=commanded_odometry'].
[temporal_estimator_node.EXE-3] [INFO] [1786487352.774295300] [temporal_estimator]: temporal estimator method=t2_fixed_kf /perception/obstacles_raw -> /perception/obstacles

[nominal_cmd_publisher_node.EXE-5] [INFO] [1786487353.451803000] [nominal_cmd_publisher]: Nominal command publisher sending /cmd_vel_nominal.

[commanded_odometry_node.EXE-4] [2m2026-08-11T22:29:12.899297Z[0m [33m WARN[0m ThreadId(10) [2mzenoh::net::runtime::orchestrator[0m[2m:[0m Scouting delay elapsed before start conditions are met.

[commanded_odometry_node.EXE-4] [INFO] [1786487353.470577800] [commanded_odometry]: commanded odometry (no-DVL transferable dead reckoning): inputs ['/planner/cmd_vel_safe', '/rov/attitude_measured', '/rov/depth'] -> /rov/odom_estimated

[ERROR] [local_avoidance_planner_node.EXE-6]: process has died [pid 15664, exit code 1, cmd 'C:\Users\Andrea\Desktop\HoloObstacleAvoidance\install\lib\rov_obstacle_avoidance\local_avoidance_planner_node.EXE --ros-args -r __node:=local_avoidance_planner --params-file C:\Users\Andrea\Desktop\HoloObstacleAvoidance\install\share\rov_obstacle_avoidance\config\local_avoidance_planner.yaml --params-file C:\Users\Andrea\AppData\Local\Temp\launch_params_a_ca8pc0'].
[local_avoidance_planner_node.EXE-6] [INFO] [1786487353.618068000] [local_avoidance_planner]: Local avoidance planner publishing /planner/cmd_vel_safe.

