C:\dev\ros2_lyrical\Lib\site-packages\launch\logging\__init__.py:172: UserWarning: Cannot create a symlink to latest log directory: [WinError 1314] Il privilegio richiesto non appartiene al client: 'C:\\Users\\Andrea\\.ros\\log\\2026-08-12-00-26-50-442580-DESKTOP-CNGN003-4256' -> 'C:\\Users\\Andrea\\.ros\\log\\latest'

  warnings.warn(
[INFO] [launch]: All log files can be found below C:\Users\Andrea\.ros\log\2026-08-12-00-26-50-442580-DESKTOP-CNGN003-4256
[INFO] [launch]: Default logging verbosity is set to INFO
[INFO] [holoocean_bridge_node.EXE-1]: process started with pid [27976]
[INFO] [oracle_dropout_relay_node.EXE-2]: process started with pid [1864]
[INFO] [temporal_estimator_node.EXE-3]: process started with pid [19652]
[INFO] [commanded_odometry_node.EXE-4]: process started with pid [33664]
[INFO] [nominal_cmd_publisher_node.EXE-5]: process started with pid [32908]
[INFO] [local_avoidance_planner_node.EXE-6]: process started with pid [2736]
[INFO] [baseline0_validator_node.EXE-7]: process started with pid [31840]
[ERROR] [holoocean_bridge_node.EXE-1]: process has died [pid 27976, exit code 1, cmd 'C:\Users\Andrea\Desktop\HoloObstacleAvoidance\install\lib\rov_obstacle_sim_bridge\holoocean_bridge_node.EXE --ros-args -r __node:=holoocean_bridge --params-file C:\Users\Andrea\Desktop\HoloObstacleAvoidance\install\share\rov_obstacle_sim_bridge\config\holoocean_bridge.yaml --params-file C:\Users\Andrea\AppData\Local\Temp\launch_params_qf50955k'].
[holoocean_bridge_node.EXE-1] [2m2026-08-11T22:27:51.907558Z[0m [31mERROR[0m net-0 ThreadId(02) [2mzenoh_transport::unicast::universal::tx[0m[2m:[0m Unable to push non droppable network message to 9114ba49c4f5c1631bde1cf80d0d0370. Closing transport!

[holoocean_bridge_node.EXE-1] [INFO] [1786487211.737622400] [holoocean_bridge]: HoloOcean bridge: will connect to sim server 127.0.0.1:47654. /perception/obstacles_oracle is SIMULATION-ONLY ground truth.

[ERROR] [oracle_dropout_relay_node.EXE-2]: process has died [pid 1864, exit code 1, cmd 'C:\Users\Andrea\Desktop\HoloObstacleAvoidance\install\lib\rov_obstacle_sim_bridge\oracle_dropout_relay_node.EXE --ros-args -r __node:=oracle_dropout_relay --params-file C:\Users\Andrea\AppData\Local\Temp\launch_params_7karv2oy'].
[oracle_dropout_relay_node.EXE-2] [INFO] [1786487211.592638500] [oracle_dropout_relay]: oracle relay: dropout_enabled=False (trigger 'AVOIDING*' +3.0s for 2.0s)

[ERROR] [temporal_estimator_node.EXE-3]: process has died [pid 19652, exit code 1, cmd 'C:\Users\Andrea\Desktop\HoloObstacleAvoidance\install\lib\rov_obstacle_tracking\temporal_estimator_node.EXE --ros-args -r __node:=temporal_estimator --params-file C:\Users\Andrea\AppData\Local\Temp\launch_params_pte3j4kq'].
[ERROR] [nominal_cmd_publisher_node.EXE-5]: process has died [pid 32908, exit code 1, cmd 'C:\Users\Andrea\Desktop\HoloObstacleAvoidance\install\lib\rov_obstacle_bringup\nominal_cmd_publisher_node.EXE --ros-args -r __node:=nominal_cmd_publisher --params-file C:\Users\Andrea\Desktop\HoloObstacleAvoidance\install\share\rov_obstacle_bringup\config\demo.yaml --params-file C:\Users\Andrea\AppData\Local\Temp\launch_params_zvhhfs74'].
[temporal_estimator_node.EXE-3] [INFO] [1786487211.656699300] [temporal_estimator]: temporal estimator method=t2_fixed_kf /perception/obstacles_raw -> /perception/obstacles

[ERROR] [commanded_odometry_node.EXE-4]: process has died [pid 33664, exit code 1, cmd 'C:\Users\Andrea\Desktop\HoloObstacleAvoidance\install\lib\rov_obstacle_sim_bridge\commanded_odometry_node.EXE --ros-args -r __node:=commanded_odometry'].
