C:\dev\ros2_lyrical\Lib\site-packages\launch\logging\__init__.py:172: UserWarning: Cannot create a symlink to latest log directory: [WinError 1314] Il privilegio richiesto non appartiene al client: 'C:\\Users\\Andrea\\.ros\\log\\2026-08-15-19-35-45-803961-DESKTOP-CNGN003-24112' -> 'C:\\Users\\Andrea\\.ros\\log\\latest'

  warnings.warn(
[INFO] [launch]: All log files can be found below C:\Users\Andrea\.ros\log\2026-08-15-19-35-45-803961-DESKTOP-CNGN003-24112
[INFO] [launch]: Default logging verbosity is set to INFO
[INFO] [holoocean_bridge_node.EXE-1]: process started with pid [7004]
[INFO] [oracle_dropout_relay_node.EXE-2]: process started with pid [5740]
[INFO] [calibrated_observation_relay_node.EXE-3]: process started with pid [18336]
[INFO] [actuation_model_node.EXE-4]: process started with pid [17852]
[INFO] [temporal_estimator_node.EXE-5]: process started with pid [14868]
[INFO] [commanded_odometry_node.EXE-6]: process started with pid [20012]
[INFO] [nominal_cmd_publisher_node.EXE-7]: process started with pid [17904]
[INFO] [dwa_planner_node.EXE-8]: process started with pid [2440]
[INFO] [baseline0_validator_node.EXE-9]: process started with pid [8288]
[ERROR] [oracle_dropout_relay_node.EXE-2]: process has died [pid 5740, exit code 1, cmd 'C:\Users\Andrea\Desktop\HoloObstacleAvoidance\install\lib\rov_obstacle_sim_bridge\oracle_dropout_relay_node.EXE --ros-args -r __node:=oracle_dropout_relay --params-file C:\Users\Andrea\AppData\Local\Temp\launch_params_j2wj3bkd'].
[ERROR] [holoocean_bridge_node.EXE-1]: process has died [pid 7004, exit code 1, cmd 'C:\Users\Andrea\Desktop\HoloObstacleAvoidance\install\lib\rov_obstacle_sim_bridge\holoocean_bridge_node.EXE --ros-args -r __node:=holoocean_bridge --params-file C:\Users\Andrea\Desktop\HoloObstacleAvoidance\install\share\rov_obstacle_sim_bridge\config\holoocean_bridge.yaml --params-file C:\Users\Andrea\AppData\Local\Temp\launch_params_ombjq8d3'].
[oracle_dropout_relay_node.EXE-2] [INFO] [1786815348.557086200] [oracle_dropout_relay]: oracle relay: dropout_enabled=False (trigger 'AVOIDING*' +3.0s for 2.0s)

[holoocean_bridge_node.EXE-1] [INFO] [1786815348.632093600] [holoocean_bridge]: HoloOcean bridge: will connect to sim server 127.0.0.1:47654. /perception/obstacles_oracle is SIMULATION-ONLY ground truth.

[ERROR] [actuation_model_node.EXE-4]: process has died [pid 17852, exit code 1, cmd 'C:\Users\Andrea\Desktop\HoloObstacleAvoidance\install\lib\rov_obstacle_sim_bridge\actuation_model_node.EXE --ros-args -r __node:=actuation_model --params-file C:\Users\Andrea\AppData\Local\Temp\launch_params_p09lzpgq'].
[ERROR] [calibrated_observation_relay_node.EXE-3]: process has died [pid 18336, exit code 1, cmd 'C:\Users\Andrea\Desktop\HoloObstacleAvoidance\install\lib\rov_obstacle_sim_bridge\calibrated_observation_relay_node.EXE --ros-args -r __node:=calibrated_observation_relay --params-file C:\Users\Andrea\AppData\Local\Temp\launch_params_1m0gl7bt'].
[actuation_model_node.EXE-4] [2m2026-08-15T17:35:47.940508Z[0m [33m WARN[0m ThreadId(12) [2mzenoh::net::runtime::orchestrator[0m[2m:[0m Scouting delay elapsed before start conditions are met.

[actuation_model_node.EXE-4] [INFO] [1786815349.146771700] [actuation_model]: actuation model: level=S2 plant=False latency=0.000 s

[calibrated_observation_relay_node.EXE-3] [INFO] [1786815347.813788000] [calibrated_observation_relay]: calibrated observation relay: level=S2 s1=True s2=True

