C:\dev\ros2_lyrical\Lib\site-packages\launch\logging\__init__.py:172: UserWarning: Cannot create a symlink to latest log directory: [WinError 1314] Il privilegio richiesto non appartiene al client: 'C:\\Users\\Andrea\\.ros\\log\\2026-08-15-18-36-02-422392-DESKTOP-CNGN003-18872' -> 'C:\\Users\\Andrea\\.ros\\log\\latest'

  warnings.warn(
[INFO] [launch]: All log files can be found below C:\Users\Andrea\.ros\log\2026-08-15-18-36-02-422392-DESKTOP-CNGN003-18872
[INFO] [launch]: Default logging verbosity is set to INFO
[INFO] [holoocean_bridge_node.EXE-1]: process started with pid [23828]
[INFO] [oracle_dropout_relay_node.EXE-2]: process started with pid [13708]
[INFO] [calibrated_observation_relay_node.EXE-3]: process started with pid [21796]
[INFO] [actuation_model_node.EXE-4]: process started with pid [23376]
[INFO] [temporal_estimator_node.EXE-5]: process started with pid [17948]
[INFO] [commanded_odometry_node.EXE-6]: process started with pid [8548]
[INFO] [nominal_cmd_publisher_node.EXE-7]: process started with pid [20448]
[INFO] [local_avoidance_planner_node.EXE-8]: process started with pid [18656]
[INFO] [baseline0_validator_node.EXE-9]: process started with pid [14700]
[ERROR] [holoocean_bridge_node.EXE-1]: process has died [pid 23828, exit code 1, cmd 'C:\Users\Andrea\Desktop\HoloObstacleAvoidance\install\lib\rov_obstacle_sim_bridge\holoocean_bridge_node.EXE --ros-args -r __node:=holoocean_bridge --params-file C:\Users\Andrea\Desktop\HoloObstacleAvoidance\install\share\rov_obstacle_sim_bridge\config\holoocean_bridge.yaml --params-file C:\Users\Andrea\AppData\Local\Temp\launch_params_no11qav9'].
[ERROR] [oracle_dropout_relay_node.EXE-2]: process has died [pid 13708, exit code 1, cmd 'C:\Users\Andrea\Desktop\HoloObstacleAvoidance\install\lib\rov_obstacle_sim_bridge\oracle_dropout_relay_node.EXE --ros-args -r __node:=oracle_dropout_relay --params-file C:\Users\Andrea\AppData\Local\Temp\launch_params_v9k6bo97'].
[holoocean_bridge_node.EXE-1] [INFO] [1786811765.011115300] [holoocean_bridge]: HoloOcean bridge: will connect to sim server 127.0.0.1:47654. /perception/obstacles_oracle is SIMULATION-ONLY ground truth.

[oracle_dropout_relay_node.EXE-2] [INFO] [1786811764.674967200] [oracle_dropout_relay]: oracle relay: dropout_enabled=False (trigger 'AVOIDING*' +3.0s for 2.0s)

[ERROR] [calibrated_observation_relay_node.EXE-3]: process has died [pid 21796, exit code 1, cmd 'C:\Users\Andrea\Desktop\HoloObstacleAvoidance\install\lib\rov_obstacle_sim_bridge\calibrated_observation_relay_node.EXE --ros-args -r __node:=calibrated_observation_relay --params-file C:\Users\Andrea\AppData\Local\Temp\launch_params_v5a3iv09'].
[calibrated_observation_relay_node.EXE-3] [INFO] [1786811764.522153100] [calibrated_observation_relay]: calibrated observation relay: level=S0 s1=False s2=False

[ERROR] [actuation_model_node.EXE-4]: process has died [pid 23376, exit code 1, cmd 'C:\Users\Andrea\Desktop\HoloObstacleAvoidance\install\lib\rov_obstacle_sim_bridge\actuation_model_node.EXE --ros-args -r __node:=actuation_model --params-file C:\Users\Andrea\AppData\Local\Temp\launch_params_0kb87b38'].
[actuation_model_node.EXE-4] [INFO] [1786811764.519270100] [actuation_model]: actuation model: level=S0 plant=False latency=0.000 s

[ERROR] [temporal_estimator_node.EXE-5]: process has died [pid 17948, exit code 1, cmd 'C:\Users\Andrea\Desktop\HoloObstacleAvoidance\install\lib\rov_obstacle_tracking\temporal_estimator_node.EXE --ros-args -r __node:=temporal_estimator --params-file C:\Users\Andrea\AppData\Local\Temp\launch_params_cgsyxaod'].
[temporal_estimator_node.EXE-5] [INFO] [1786811764.636243100] [temporal_estimator]: temporal estimator method=t2_fixed_kf /perception/obstacles_raw -> /perception/obstacles

[ERROR] [nominal_cmd_publisher_node.EXE-7]: process has died [pid 20448, exit code 1, cmd 'C:\Users\Andrea\Desktop\HoloObstacleAvoidance\install\lib\rov_obstacle_bringup\nominal_cmd_publisher_node.EXE --ros-args -r __node:=nominal_cmd_publisher --params-file C:\Users\Andrea\Desktop\HoloObstacleAvoidance\install\share\rov_obstacle_bringup\config\demo.yaml --params-file C:\Users\Andrea\AppData\Local\Temp\launch_params_v6a4__dc'].
