C:\dev\ros2_lyrical\Lib\site-packages\launch\logging\__init__.py:172: UserWarning: Cannot create a symlink to latest log directory: [WinError 1314] Il privilegio richiesto non appartiene al client: 'C:\\Users\\Andrea\\.ros\\log\\2026-08-16-19-43-55-376537-DESKTOP-CNGN003-33268' -> 'C:\\Users\\Andrea\\.ros\\log\\latest'

  warnings.warn(
[INFO] [launch]: All log files can be found below C:\Users\Andrea\.ros\log\2026-08-16-19-43-55-376537-DESKTOP-CNGN003-33268
[INFO] [launch]: Default logging verbosity is set to INFO
[INFO] [holoocean_bridge_node.EXE-1]: process started with pid [25996]
[INFO] [oracle_dropout_relay_node.EXE-2]: process started with pid [5968]
[INFO] [calibrated_observation_relay_node.EXE-3]: process started with pid [3900]
[INFO] [actuation_model_node.EXE-4]: process started with pid [23316]
[INFO] [temporal_estimator_node.EXE-5]: process started with pid [8840]
[INFO] [commanded_odometry_node.EXE-6]: process started with pid [32716]
[INFO] [nominal_cmd_publisher_node.EXE-7]: process started with pid [32380]
[INFO] [local_avoidance_planner_node.EXE-8]: process started with pid [11232]
[INFO] [baseline0_validator_node.EXE-9]: process started with pid [15312]
[ERROR] [oracle_dropout_relay_node.EXE-2]: process has died [pid 5968, exit code 1, cmd 'C:\Users\Andrea\Desktop\HoloObstacleAvoidance\install\lib\rov_obstacle_sim_bridge\oracle_dropout_relay_node.EXE --ros-args -r __node:=oracle_dropout_relay --params-file C:\Users\Andrea\AppData\Local\Temp\launch_params_q9qrivez'].
[ERROR] [holoocean_bridge_node.EXE-1]: process has died [pid 25996, exit code 1, cmd 'C:\Users\Andrea\Desktop\HoloObstacleAvoidance\install\lib\rov_obstacle_sim_bridge\holoocean_bridge_node.EXE --ros-args -r __node:=holoocean_bridge --params-file C:\Users\Andrea\Desktop\HoloObstacleAvoidance\install\share\rov_obstacle_sim_bridge\config\holoocean_bridge.yaml --params-file C:\Users\Andrea\AppData\Local\Temp\launch_params_hjjh024c'].
[oracle_dropout_relay_node.EXE-2] [INFO] [1786902237.728829800] [oracle_dropout_relay]: oracle relay: dropout_enabled=False (trigger 'AVOIDING*' +3.0s for 2.0s)

[holoocean_bridge_node.EXE-1] [INFO] [1786902238.244940800] [holoocean_bridge]: HoloOcean bridge: will connect to sim server 127.0.0.1:47654. /perception/obstacles_oracle is SIMULATION-ONLY ground truth.

[ERROR] [calibrated_observation_relay_node.EXE-3]: process has died [pid 3900, exit code 1, cmd 'C:\Users\Andrea\Desktop\HoloObstacleAvoidance\install\lib\rov_obstacle_sim_bridge\calibrated_observation_relay_node.EXE --ros-args -r __node:=calibrated_observation_relay --params-file C:\Users\Andrea\AppData\Local\Temp\launch_params_p0aaeqx8'].
[ERROR] [temporal_estimator_node.EXE-5]: process has died [pid 8840, exit code 1, cmd 'C:\Users\Andrea\Desktop\HoloObstacleAvoidance\install\lib\rov_obstacle_tracking\temporal_estimator_node.EXE --ros-args -r __node:=temporal_estimator --params-file C:\Users\Andrea\AppData\Local\Temp\launch_params_9xiqs6u1'].
[ERROR] [actuation_model_node.EXE-4]: process has died [pid 23316, exit code 1, cmd 'C:\Users\Andrea\Desktop\HoloObstacleAvoidance\install\lib\rov_obstacle_sim_bridge\actuation_model_node.EXE --ros-args -r __node:=actuation_model --params-file C:\Users\Andrea\AppData\Local\Temp\launch_params_tktadzxi'].
[calibrated_observation_relay_node.EXE-3] [INFO] [1786902237.882668200] [calibrated_observation_relay]: calibrated observation relay: level=S3 s1=True s2=True

[temporal_estimator_node.EXE-5] [INFO] [1786902239.612566000] [temporal_estimator]: temporal estimator method=t2_fixed_kf /perception/obstacles_raw -> /perception/obstacles

[actuation_model_node.EXE-4] [2m2026-08-16T17:43:57.766290Z[0m [33m WARN[0m ThreadId(07) [2mzenoh::net::runtime::orchestrator[0m[2m:[0m Scouting delay elapsed before start conditions are met.

[actuation_model_node.EXE-4] [INFO] [1786902239.842328100] [actuation_model]: actuation model: level=S3 plant=True latency=0.000 s

[ERROR] [commanded_odometry_node.EXE-6]: process has died [pid 32716, exit code 1, cmd 'C:\Users\Andrea\Desktop\HoloObstacleAvoidance\install\lib\rov_obstacle_sim_bridge\commanded_odometry_node.EXE --ros-args -r __node:=commanded_odometry'].
[commanded_odometry_node.EXE-6] [INFO] [1786902238.702049000] [commanded_odometry]: commanded odometry (no-DVL transferable dead reckoning): inputs ['/planner/cmd_vel_safe', '/rov/attitude_measured', '/rov/depth'] -> /rov/odom_estimated

