C:\dev\ros2_lyrical\Lib\site-packages\launch\logging\__init__.py:172: UserWarning: Cannot create a symlink to latest log directory: [WinError 1314] Il privilegio richiesto non appartiene al client: 'C:\\Users\\Andrea\\.ros\\log\\2026-08-15-19-49-35-418919-DESKTOP-CNGN003-24792' -> 'C:\\Users\\Andrea\\.ros\\log\\latest'

  warnings.warn(
[INFO] [launch]: All log files can be found below C:\Users\Andrea\.ros\log\2026-08-15-19-49-35-418919-DESKTOP-CNGN003-24792
[INFO] [launch]: Default logging verbosity is set to INFO
[INFO] [holoocean_bridge_node.EXE-1]: process started with pid [21796]
[INFO] [oracle_dropout_relay_node.EXE-2]: process started with pid [16688]
[INFO] [calibrated_observation_relay_node.EXE-3]: process started with pid [5016]
[INFO] [actuation_model_node.EXE-4]: process started with pid [7384]
[INFO] [temporal_estimator_node.EXE-5]: process started with pid [15736]
[INFO] [commanded_odometry_node.EXE-6]: process started with pid [23752]
[INFO] [nominal_cmd_publisher_node.EXE-7]: process started with pid [16740]
[INFO] [local_avoidance_planner_node.EXE-8]: process started with pid [12572]
[INFO] [baseline0_validator_node.EXE-9]: process started with pid [9888]
[ERROR] [oracle_dropout_relay_node.EXE-2]: process has died [pid 16688, exit code 1, cmd 'C:\Users\Andrea\Desktop\HoloObstacleAvoidance\install\lib\rov_obstacle_sim_bridge\oracle_dropout_relay_node.EXE --ros-args -r __node:=oracle_dropout_relay --params-file C:\Users\Andrea\AppData\Local\Temp\launch_params_9wdz5y2z'].
[ERROR] [holoocean_bridge_node.EXE-1]: process has died [pid 21796, exit code 1, cmd 'C:\Users\Andrea\Desktop\HoloObstacleAvoidance\install\lib\rov_obstacle_sim_bridge\holoocean_bridge_node.EXE --ros-args -r __node:=holoocean_bridge --params-file C:\Users\Andrea\Desktop\HoloObstacleAvoidance\install\share\rov_obstacle_sim_bridge\config\holoocean_bridge.yaml --params-file C:\Users\Andrea\AppData\Local\Temp\launch_params_rub6fps4'].
[oracle_dropout_relay_node.EXE-2] [INFO] [1786816177.882882100] [oracle_dropout_relay]: oracle relay: dropout_enabled=False (trigger 'AVOIDING*' +3.0s for 2.0s)

[holoocean_bridge_node.EXE-1] [INFO] [1786816178.112367700] [holoocean_bridge]: HoloOcean bridge: will connect to sim server 127.0.0.1:47654. /perception/obstacles_oracle is SIMULATION-ONLY ground truth.

[ERROR] [calibrated_observation_relay_node.EXE-3]: process has died [pid 5016, exit code 1, cmd 'C:\Users\Andrea\Desktop\HoloObstacleAvoidance\install\lib\rov_obstacle_sim_bridge\calibrated_observation_relay_node.EXE --ros-args -r __node:=calibrated_observation_relay --params-file C:\Users\Andrea\AppData\Local\Temp\launch_params_kreixzlp'].
[ERROR] [temporal_estimator_node.EXE-5]: process has died [pid 15736, exit code 1, cmd 'C:\Users\Andrea\Desktop\HoloObstacleAvoidance\install\lib\rov_obstacle_tracking\temporal_estimator_node.EXE --ros-args -r __node:=temporal_estimator --params-file C:\Users\Andrea\AppData\Local\Temp\launch_params_g7fajt6w'].
[ERROR] [actuation_model_node.EXE-4]: process has died [pid 7384, exit code 1, cmd 'C:\Users\Andrea\Desktop\HoloObstacleAvoidance\install\lib\rov_obstacle_sim_bridge\actuation_model_node.EXE --ros-args -r __node:=actuation_model --params-file C:\Users\Andrea\AppData\Local\Temp\launch_params_wp6gndb9'].
[calibrated_observation_relay_node.EXE-3] [INFO] [1786816177.651761300] [calibrated_observation_relay]: calibrated observation relay: level=S2 s1=True s2=True

[temporal_estimator_node.EXE-5] [2m2026-08-15T17:49:37.607492Z[0m [33m WARN[0m ThreadId(12) [2mzenoh::net::runtime::orchestrator[0m[2m:[0m Scouting delay elapsed before start conditions are met.

[temporal_estimator_node.EXE-5] [INFO] [1786816178.470554500] [temporal_estimator]: temporal estimator method=t2_fixed_kf /perception/obstacles_raw -> /perception/obstacles

[actuation_model_node.EXE-4] [INFO] [1786816177.456950800] [actuation_model]: actuation model: level=S2 plant=False latency=0.000 s

