C:\dev\ros2_lyrical\Lib\site-packages\launch\logging\__init__.py:172: UserWarning: Cannot create a symlink to latest log directory: [WinError 1314] Il privilegio richiesto non appartiene al client: 'C:\\Users\\Andrea\\.ros\\log\\2026-08-16-19-04-07-452893-DESKTOP-CNGN003-24756' -> 'C:\\Users\\Andrea\\.ros\\log\\latest'

  warnings.warn(
[INFO] [launch]: All log files can be found below C:\Users\Andrea\.ros\log\2026-08-16-19-04-07-452893-DESKTOP-CNGN003-24756
[INFO] [launch]: Default logging verbosity is set to INFO
[INFO] [holoocean_bridge_node.EXE-1]: process started with pid [5032]
[INFO] [oracle_dropout_relay_node.EXE-2]: process started with pid [16784]
[INFO] [calibrated_observation_relay_node.EXE-3]: process started with pid [33672]
[INFO] [actuation_model_node.EXE-4]: process started with pid [16704]
[INFO] [temporal_estimator_node.EXE-5]: process started with pid [29640]
[INFO] [commanded_odometry_node.EXE-6]: process started with pid [27488]
[INFO] [nominal_cmd_publisher_node.EXE-7]: process started with pid [8216]
[INFO] [local_avoidance_planner_node.EXE-8]: process started with pid [24420]
[INFO] [baseline0_validator_node.EXE-9]: process started with pid [11432]
[ERROR] [holoocean_bridge_node.EXE-1]: process has died [pid 5032, exit code 1, cmd 'C:\Users\Andrea\Desktop\HoloObstacleAvoidance\install\lib\rov_obstacle_sim_bridge\holoocean_bridge_node.EXE --ros-args -r __node:=holoocean_bridge --params-file C:\Users\Andrea\Desktop\HoloObstacleAvoidance\install\share\rov_obstacle_sim_bridge\config\holoocean_bridge.yaml --params-file C:\Users\Andrea\AppData\Local\Temp\launch_params_sptsv1lv'].
[holoocean_bridge_node.EXE-1] [INFO] [1786899851.400851200] [holoocean_bridge]: HoloOcean bridge: will connect to sim server 127.0.0.1:47654. /perception/obstacles_oracle is SIMULATION-ONLY ground truth.

[ERROR] [oracle_dropout_relay_node.EXE-2]: process has died [pid 16784, exit code 1, cmd 'C:\Users\Andrea\Desktop\HoloObstacleAvoidance\install\lib\rov_obstacle_sim_bridge\oracle_dropout_relay_node.EXE --ros-args -r __node:=oracle_dropout_relay --params-file C:\Users\Andrea\AppData\Local\Temp\launch_params_1dcis9my'].
[oracle_dropout_relay_node.EXE-2] [2m2026-08-16T17:04:09.559344Z[0m [33m WARN[0m ThreadId(12) [2mzenoh::net::runtime::orchestrator[0m[2m:[0m Scouting delay elapsed before start conditions are met.

[oracle_dropout_relay_node.EXE-2] [INFO] [1786899850.565982600] [oracle_dropout_relay]: oracle relay: dropout_enabled=False (trigger 'AVOIDING*' +3.0s for 2.0s)

[ERROR] [calibrated_observation_relay_node.EXE-3]: process has died [pid 33672, exit code 1, cmd 'C:\Users\Andrea\Desktop\HoloObstacleAvoidance\install\lib\rov_obstacle_sim_bridge\calibrated_observation_relay_node.EXE --ros-args -r __node:=calibrated_observation_relay --params-file C:\Users\Andrea\AppData\Local\Temp\launch_params_az3d8iys'].
[ERROR] [actuation_model_node.EXE-4]: process has died [pid 16704, exit code 1, cmd 'C:\Users\Andrea\Desktop\HoloObstacleAvoidance\install\lib\rov_obstacle_sim_bridge\actuation_model_node.EXE --ros-args -r __node:=actuation_model --params-file C:\Users\Andrea\AppData\Local\Temp\launch_params_ufj18iit'].
[ERROR] [temporal_estimator_node.EXE-5]: process has died [pid 29640, exit code 1, cmd 'C:\Users\Andrea\Desktop\HoloObstacleAvoidance\install\lib\rov_obstacle_tracking\temporal_estimator_node.EXE --ros-args -r __node:=temporal_estimator --params-file C:\Users\Andrea\AppData\Local\Temp\launch_params_x89jfadt'].
[calibrated_observation_relay_node.EXE-3] [INFO] [1786899850.515880100] [calibrated_observation_relay]: calibrated observation relay: level=S3 s1=True s2=True

[actuation_model_node.EXE-4] [INFO] [1786899850.215092500] [actuation_model]: actuation model: level=S3 plant=True latency=0.000 s

[temporal_estimator_node.EXE-5] [2m2026-08-16T17:04:09.690135Z[0m [33m WARN[0m ThreadId(11) [2mzenoh::net::runtime::orchestrator[0m[2m:[0m Scouting delay elapsed before start conditions are met.

[temporal_estimator_node.EXE-5] [INFO] [1786899851.231758300] [temporal_estimator]: temporal estimator method=t2_fixed_kf /perception/obstacles_raw -> /perception/obstacles

