C:\dev\ros2_lyrical\Lib\site-packages\launch\logging\__init__.py:172: UserWarning: Cannot create a symlink to latest log directory: [WinError 1314] Il privilegio richiesto non appartiene al client: 'C:\\Users\\Andrea\\.ros\\log\\2026-08-16-20-57-07-138715-DESKTOP-CNGN003-25232' -> 'C:\\Users\\Andrea\\.ros\\log\\latest'

  warnings.warn(
[INFO] [launch]: All log files can be found below C:\Users\Andrea\.ros\log\2026-08-16-20-57-07-138715-DESKTOP-CNGN003-25232
[INFO] [launch]: Default logging verbosity is set to INFO
[INFO] [holoocean_bridge_node.EXE-1]: process started with pid [20232]
[INFO] [oracle_dropout_relay_node.EXE-2]: process started with pid [30444]
[INFO] [calibrated_observation_relay_node.EXE-3]: process started with pid [14660]
[INFO] [actuation_model_node.EXE-4]: process started with pid [19368]
[INFO] [temporal_estimator_node.EXE-5]: process started with pid [23336]
[INFO] [commanded_odometry_node.EXE-6]: process started with pid [13640]
[INFO] [nominal_cmd_publisher_node.EXE-7]: process started with pid [29888]
[INFO] [local_avoidance_planner_node.EXE-8]: process started with pid [28956]
[INFO] [baseline0_validator_node.EXE-9]: process started with pid [31856]
[ERROR] [oracle_dropout_relay_node.EXE-2]: process has died [pid 30444, exit code 1, cmd 'C:\Users\Andrea\Desktop\HoloObstacleAvoidance\install\lib\rov_obstacle_sim_bridge\oracle_dropout_relay_node.EXE --ros-args -r __node:=oracle_dropout_relay --params-file C:\Users\Andrea\AppData\Local\Temp\launch_params_w65zotyu'].
[ERROR] [holoocean_bridge_node.EXE-1]: process has died [pid 20232, exit code 1, cmd 'C:\Users\Andrea\Desktop\HoloObstacleAvoidance\install\lib\rov_obstacle_sim_bridge\holoocean_bridge_node.EXE --ros-args -r __node:=holoocean_bridge --params-file C:\Users\Andrea\Desktop\HoloObstacleAvoidance\install\share\rov_obstacle_sim_bridge\config\holoocean_bridge.yaml --params-file C:\Users\Andrea\AppData\Local\Temp\launch_params_8pz9m6nd'].
[oracle_dropout_relay_node.EXE-2] [2m2026-08-16T18:57:09.368655Z[0m [33m WARN[0m ThreadId(13) [2mzenoh::net::runtime::orchestrator[0m[2m:[0m Scouting delay elapsed before start conditions are met.

[oracle_dropout_relay_node.EXE-2] [INFO] [1786906631.588618900] [oracle_dropout_relay]: oracle relay: dropout_enabled=False (trigger 'AVOIDING*' +3.0s for 2.0s)

[holoocean_bridge_node.EXE-1] [INFO] [1786906629.634481900] [holoocean_bridge]: HoloOcean bridge: will connect to sim server 127.0.0.1:47654. /perception/obstacles_oracle is SIMULATION-ONLY ground truth.

[ERROR] [actuation_model_node.EXE-4]: process has died [pid 19368, exit code 1, cmd 'C:\Users\Andrea\Desktop\HoloObstacleAvoidance\install\lib\rov_obstacle_sim_bridge\actuation_model_node.EXE --ros-args -r __node:=actuation_model --params-file C:\Users\Andrea\AppData\Local\Temp\launch_params_b84c5h16'].
[ERROR] [calibrated_observation_relay_node.EXE-3]: process has died [pid 14660, exit code 1, cmd 'C:\Users\Andrea\Desktop\HoloObstacleAvoidance\install\lib\rov_obstacle_sim_bridge\calibrated_observation_relay_node.EXE --ros-args -r __node:=calibrated_observation_relay --params-file C:\Users\Andrea\AppData\Local\Temp\launch_params_jah3mugy'].
[actuation_model_node.EXE-4] [INFO] [1786906630.103063800] [actuation_model]: actuation model: level=S3 plant=True latency=0.000 s

[calibrated_observation_relay_node.EXE-3] [2m2026-08-16T18:57:09.372441Z[0m [33m WARN[0m ThreadId(14) [2mzenoh::net::runtime::orchestrator[0m[2m:[0m Scouting delay elapsed before start conditions are met.

[calibrated_observation_relay_node.EXE-3] [INFO] [1786906631.433704000] [calibrated_observation_relay]: calibrated observation relay: level=S3 s1=True s2=True

[ERROR] [commanded_odometry_node.EXE-6]: process has died [pid 13640, exit code 1, cmd 'C:\Users\Andrea\Desktop\HoloObstacleAvoidance\install\lib\rov_obstacle_sim_bridge\commanded_odometry_node.EXE --ros-args -r __node:=commanded_odometry'].
[ERROR] [temporal_estimator_node.EXE-5]: process has died [pid 23336, exit code 1, cmd 'C:\Users\Andrea\Desktop\HoloObstacleAvoidance\install\lib\rov_obstacle_tracking\temporal_estimator_node.EXE --ros-args -r __node:=temporal_estimator --params-file C:\Users\Andrea\AppData\Local\Temp\launch_params_q6b15pl_'].
[commanded_odometry_node.EXE-6] [2m2026-08-16T18:57:09.576941Z[0m [33m WARN[0m ThreadId(12) [2mzenoh::net::runtime::orchestrator[0m[2m:[0m Scouting delay elapsed before start conditions are met.

[commanded_odometry_node.EXE-6] [INFO] [1786906631.413587100] [commanded_odometry]: commanded odometry (no-DVL transferable dead reckoning): inputs ['/planner/cmd_vel_safe', '/rov/attitude_measured', '/rov/depth'] -> /rov/odom_estimated

[temporal_estimator_node.EXE-5] [INFO] [1786906631.830070100] [temporal_estimator]: temporal estimator method=t2_fixed_kf /perception/obstacles_raw -> /perception/obstacles

