C:\dev\ros2_lyrical\Lib\site-packages\launch\logging\__init__.py:172: UserWarning: Cannot create a symlink to latest log directory: [WinError 1314] Il privilegio richiesto non appartiene al client: 'C:\\Users\\Andrea\\.ros\\log\\2026-08-15-20-32-18-486751-DESKTOP-CNGN003-1892' -> 'C:\\Users\\Andrea\\.ros\\log\\latest'

  warnings.warn(
[INFO] [launch]: All log files can be found below C:\Users\Andrea\.ros\log\2026-08-15-20-32-18-486751-DESKTOP-CNGN003-1892
[INFO] [launch]: Default logging verbosity is set to INFO
[INFO] [holoocean_bridge_node.EXE-1]: process started with pid [15096]
[INFO] [oracle_dropout_relay_node.EXE-2]: process started with pid [14952]
[INFO] [calibrated_observation_relay_node.EXE-3]: process started with pid [12044]
[INFO] [actuation_model_node.EXE-4]: process started with pid [1708]
[INFO] [temporal_estimator_node.EXE-5]: process started with pid [24912]
[INFO] [commanded_odometry_node.EXE-6]: process started with pid [10096]
[INFO] [nominal_cmd_publisher_node.EXE-7]: process started with pid [21416]
[INFO] [local_avoidance_planner_node.EXE-8]: process started with pid [17552]
[INFO] [baseline0_validator_node.EXE-9]: process started with pid [21116]
[ERROR] [baseline0_validator_node.EXE-9]: process has died [pid 21116, exit code 1, cmd 'C:\Users\Andrea\Desktop\HoloObstacleAvoidance\install\lib\rov_obstacle_sim_bridge\baseline0_validator_node.EXE --ros-args -r __node:=baseline0_validator --params-file C:\Users\Andrea\AppData\Local\Temp\launch_params_yqi0_fel'].
[baseline0_validator_node.EXE-9] [INFO] [1786818740.244716300] [baseline0_validator]: baseline0 validator -> experiments\simulation\phase10_S3\runs\K1_committed_2\validation.json

[ERROR] [holoocean_bridge_node.EXE-1]: process has died [pid 15096, exit code 1, cmd 'C:\Users\Andrea\Desktop\HoloObstacleAvoidance\install\lib\rov_obstacle_sim_bridge\holoocean_bridge_node.EXE --ros-args -r __node:=holoocean_bridge --params-file C:\Users\Andrea\Desktop\HoloObstacleAvoidance\install\share\rov_obstacle_sim_bridge\config\holoocean_bridge.yaml --params-file C:\Users\Andrea\AppData\Local\Temp\launch_params_4k6qsmh3'].
[holoocean_bridge_node.EXE-1] [INFO] [1786818739.814344000] [holoocean_bridge]: HoloOcean bridge: will connect to sim server 127.0.0.1:47654. /perception/obstacles_oracle is SIMULATION-ONLY ground truth.

[ERROR] [oracle_dropout_relay_node.EXE-2]: process has died [pid 14952, exit code 1, cmd 'C:\Users\Andrea\Desktop\HoloObstacleAvoidance\install\lib\rov_obstacle_sim_bridge\oracle_dropout_relay_node.EXE --ros-args -r __node:=oracle_dropout_relay --params-file C:\Users\Andrea\AppData\Local\Temp\launch_params_j7udtepk'].
[oracle_dropout_relay_node.EXE-2] [INFO] [1786818739.693230900] [oracle_dropout_relay]: oracle relay: dropout_enabled=False (trigger 'AVOIDING*' +3.0s for 2.0s)

[ERROR] [calibrated_observation_relay_node.EXE-3]: process has died [pid 12044, exit code 1, cmd 'C:\Users\Andrea\Desktop\HoloObstacleAvoidance\install\lib\rov_obstacle_sim_bridge\calibrated_observation_relay_node.EXE --ros-args -r __node:=calibrated_observation_relay --params-file C:\Users\Andrea\AppData\Local\Temp\launch_params_odnu7ehx'].
