C:\dev\ros2_lyrical\Lib\site-packages\launch\logging\__init__.py:172: UserWarning: Cannot create a symlink to latest log directory: [WinError 1314] Il privilegio richiesto non appartiene al client: 'C:\\Users\\Andrea\\.ros\\log\\2026-08-16-22-53-26-001186-DESKTOP-CNGN003-13172' -> 'C:\\Users\\Andrea\\.ros\\log\\latest'

  warnings.warn(
[INFO] [launch]: All log files can be found below C:\Users\Andrea\.ros\log\2026-08-16-22-53-26-001186-DESKTOP-CNGN003-13172
[INFO] [launch]: Default logging verbosity is set to INFO
[INFO] [holoocean_bridge_node.EXE-1]: process started with pid [24156]
[INFO] [oracle_dropout_relay_node.EXE-2]: process started with pid [26784]
[INFO] [calibrated_observation_relay_node.EXE-3]: process started with pid [32216]
[INFO] [actuation_model_node.EXE-4]: process started with pid [4784]
[INFO] [temporal_estimator_node.EXE-5]: process started with pid [9380]
[INFO] [commanded_odometry_node.EXE-6]: process started with pid [22140]
[INFO] [nominal_cmd_publisher_node.EXE-7]: process started with pid [28752]
[INFO] [local_avoidance_planner_node.EXE-8]: process started with pid [33344]
[INFO] [baseline0_validator_node.EXE-9]: process started with pid [23240]
[ERROR] [calibrated_observation_relay_node.EXE-3]: process has died [pid 32216, exit code 1, cmd 'C:\Users\Andrea\Desktop\HoloObstacleAvoidance\install\lib\rov_obstacle_sim_bridge\calibrated_observation_relay_node.EXE --ros-args -r __node:=calibrated_observation_relay --params-file C:\Users\Andrea\AppData\Local\Temp\launch_params_rpre9yn8'].
[ERROR] [oracle_dropout_relay_node.EXE-2]: process has died [pid 26784, exit code 1, cmd 'C:\Users\Andrea\Desktop\HoloObstacleAvoidance\install\lib\rov_obstacle_sim_bridge\oracle_dropout_relay_node.EXE --ros-args -r __node:=oracle_dropout_relay --params-file C:\Users\Andrea\AppData\Local\Temp\launch_params_zjzfjm20'].
[ERROR] [holoocean_bridge_node.EXE-1]: process has died [pid 24156, exit code 1, cmd 'C:\Users\Andrea\Desktop\HoloObstacleAvoidance\install\lib\rov_obstacle_sim_bridge\holoocean_bridge_node.EXE --ros-args -r __node:=holoocean_bridge --params-file C:\Users\Andrea\Desktop\HoloObstacleAvoidance\install\share\rov_obstacle_sim_bridge\config\holoocean_bridge.yaml --params-file C:\Users\Andrea\AppData\Local\Temp\launch_params_1jafr3qj'].
[calibrated_observation_relay_node.EXE-3] [2m2026-08-16T20:53:28.162401Z[0m [33m WARN[0m ThreadId(14) [2mzenoh::net::runtime::orchestrator[0m[2m:[0m Scouting delay elapsed before start conditions are met.

[calibrated_observation_relay_node.EXE-3] [INFO] [1786913610.435516300] [calibrated_observation_relay]: calibrated observation relay: level=S3 s1=True s2=True

[oracle_dropout_relay_node.EXE-2] [2m2026-08-16T20:53:28.369565Z[0m [33m WARN[0m ThreadId(09) [2mzenoh::net::runtime::orchestrator[0m[2m:[0m Scouting delay elapsed before start conditions are met.

[oracle_dropout_relay_node.EXE-2] [INFO] [1786913610.813815700] [oracle_dropout_relay]: oracle relay: dropout_enabled=False (trigger 'AVOIDING*' +3.0s for 2.0s)

[holoocean_bridge_node.EXE-1] [INFO] [1786913608.342535700] [holoocean_bridge]: HoloOcean bridge: will connect to sim server 127.0.0.1:47654. /perception/obstacles_oracle is SIMULATION-ONLY ground truth.

