C:\dev\ros2_lyrical\Lib\site-packages\launch\logging\__init__.py:172: UserWarning: Cannot create a symlink to latest log directory: [WinError 1314] Il privilegio richiesto non appartiene al client: 'C:\\Users\\Andrea\\.ros\\log\\2026-08-15-19-41-41-130007-DESKTOP-CNGN003-18844' -> 'C:\\Users\\Andrea\\.ros\\log\\latest'

  warnings.warn(
[INFO] [launch]: All log files can be found below C:\Users\Andrea\.ros\log\2026-08-15-19-41-41-130007-DESKTOP-CNGN003-18844
[INFO] [launch]: Default logging verbosity is set to INFO
[INFO] [holoocean_bridge_node.EXE-1]: process started with pid [21544]
[INFO] [oracle_dropout_relay_node.EXE-2]: process started with pid [1988]
[INFO] [calibrated_observation_relay_node.EXE-3]: process started with pid [3556]
[INFO] [actuation_model_node.EXE-4]: process started with pid [24304]
[INFO] [temporal_estimator_node.EXE-5]: process started with pid [23752]
[INFO] [commanded_odometry_node.EXE-6]: process started with pid [12132]
[INFO] [nominal_cmd_publisher_node.EXE-7]: process started with pid [11436]
[INFO] [local_avoidance_planner_node.EXE-8]: process started with pid [7592]
[INFO] [baseline0_validator_node.EXE-9]: process started with pid [10520]
[ERROR] [holoocean_bridge_node.EXE-1]: process has died [pid 21544, exit code 1, cmd 'C:\Users\Andrea\Desktop\HoloObstacleAvoidance\install\lib\rov_obstacle_sim_bridge\holoocean_bridge_node.EXE --ros-args -r __node:=holoocean_bridge --params-file C:\Users\Andrea\Desktop\HoloObstacleAvoidance\install\share\rov_obstacle_sim_bridge\config\holoocean_bridge.yaml --params-file C:\Users\Andrea\AppData\Local\Temp\launch_params_v5pn5n8z'].
[holoocean_bridge_node.EXE-1] [2m2026-08-15T17:41:43.258861Z[0m [33m WARN[0m ThreadId(14) [2mzenoh::net::runtime::orchestrator[0m[2m:[0m Scouting delay elapsed before start conditions are met.

[holoocean_bridge_node.EXE-1] [INFO] [1786815704.337472900] [holoocean_bridge]: HoloOcean bridge: will connect to sim server 127.0.0.1:47654. /perception/obstacles_oracle is SIMULATION-ONLY ground truth.

[ERROR] [oracle_dropout_relay_node.EXE-2]: process has died [pid 1988, exit code 1, cmd 'C:\Users\Andrea\Desktop\HoloObstacleAvoidance\install\lib\rov_obstacle_sim_bridge\oracle_dropout_relay_node.EXE --ros-args -r __node:=oracle_dropout_relay --params-file C:\Users\Andrea\AppData\Local\Temp\launch_params_geznx8je'].
[ERROR] [actuation_model_node.EXE-4]: process has died [pid 24304, exit code 1, cmd 'C:\Users\Andrea\Desktop\HoloObstacleAvoidance\install\lib\rov_obstacle_sim_bridge\actuation_model_node.EXE --ros-args -r __node:=actuation_model --params-file C:\Users\Andrea\AppData\Local\Temp\launch_params_knyuxjtq'].
[oracle_dropout_relay_node.EXE-2] [INFO] [1786815703.388072800] [oracle_dropout_relay]: oracle relay: dropout_enabled=False (trigger 'AVOIDING*' +3.0s for 2.0s)

[ERROR] [temporal_estimator_node.EXE-5]: process has died [pid 23752, exit code 1, cmd 'C:\Users\Andrea\Desktop\HoloObstacleAvoidance\install\lib\rov_obstacle_tracking\temporal_estimator_node.EXE --ros-args -r __node:=temporal_estimator --params-file C:\Users\Andrea\AppData\Local\Temp\launch_params__sbg18r4'].
[actuation_model_node.EXE-4] [INFO] [1786815703.619435900] [actuation_model]: actuation model: level=S2 plant=False latency=0.000 s

[ERROR] [calibrated_observation_relay_node.EXE-3]: process has died [pid 3556, exit code 1, cmd 'C:\Users\Andrea\Desktop\HoloObstacleAvoidance\install\lib\rov_obstacle_sim_bridge\calibrated_observation_relay_node.EXE --ros-args -r __node:=calibrated_observation_relay --params-file C:\Users\Andrea\AppData\Local\Temp\launch_params_1903wfka'].
[temporal_estimator_node.EXE-5] [INFO] [1786815703.260790700] [temporal_estimator]: temporal estimator method=t2_fixed_kf /perception/obstacles_raw -> /perception/obstacles

[ERROR] [commanded_odometry_node.EXE-6]: process has died [pid 12132, exit code 1, cmd 'C:\Users\Andrea\Desktop\HoloObstacleAvoidance\install\lib\rov_obstacle_sim_bridge\commanded_odometry_node.EXE --ros-args -r __node:=commanded_odometry'].
[calibrated_observation_relay_node.EXE-3] [INFO] [1786815703.455959100] [calibrated_observation_relay]: calibrated observation relay: level=S2 s1=True s2=True

[commanded_odometry_node.EXE-6] [2m2026-08-15T17:41:43.274403Z[0m [33m WARN[0m ThreadId(15) [2mzenoh::net::runtime::orchestrator[0m[2m:[0m Scouting delay elapsed before start conditions are met.

[commanded_odometry_node.EXE-6] [INFO] [1786815704.341429200] [commanded_odometry]: commanded odometry (no-DVL transferable dead reckoning): inputs ['/planner/cmd_vel_safe', '/rov/attitude_measured', '/rov/depth'] -> /rov/odom_estimated

[ERROR] [nominal_cmd_publisher_node.EXE-7]: process has died [pid 11436, exit code 1, cmd 'C:\Users\Andrea\Desktop\HoloObstacleAvoidance\install\lib\rov_obstacle_bringup\nominal_cmd_publisher_node.EXE --ros-args -r __node:=nominal_cmd_publisher --params-file C:\Users\Andrea\Desktop\HoloObstacleAvoidance\install\share\rov_obstacle_bringup\config\demo.yaml --params-file C:\Users\Andrea\AppData\Local\Temp\launch_params_y730ytqf'].
[nominal_cmd_publisher_node.EXE-7] [2m2026-08-15T17:41:43.290430Z[0m [33m WARN[0m ThreadId(13) [2mzenoh::net::runtime::orchestrator[0m[2m:[0m Scouting delay elapsed before start conditions are met.

[nominal_cmd_publisher_node.EXE-7] [INFO] [1786815704.201778600] [nominal_cmd_publisher]: Nominal command publisher sending /cmd_vel_nominal.

