C:\dev\ros2_lyrical\Lib\site-packages\launch\logging\__init__.py:172: UserWarning: Cannot create a symlink to latest log directory: [WinError 1314] Il privilegio richiesto non appartiene al client: 'C:\\Users\\Andrea\\.ros\\log\\2026-08-15-19-12-55-952196-DESKTOP-CNGN003-10820' -> 'C:\\Users\\Andrea\\.ros\\log\\latest'

  warnings.warn(
[INFO] [launch]: All log files can be found below C:\Users\Andrea\.ros\log\2026-08-15-19-12-55-952196-DESKTOP-CNGN003-10820
[INFO] [launch]: Default logging verbosity is set to INFO
[INFO] [holoocean_bridge_node.EXE-1]: process started with pid [17856]
[INFO] [oracle_dropout_relay_node.EXE-2]: process started with pid [16036]
[INFO] [calibrated_observation_relay_node.EXE-3]: process started with pid [25148]
[INFO] [actuation_model_node.EXE-4]: process started with pid [21228]
[INFO] [temporal_estimator_node.EXE-5]: process started with pid [18888]
[INFO] [commanded_odometry_node.EXE-6]: process started with pid [21328]
[INFO] [nominal_cmd_publisher_node.EXE-7]: process started with pid [11956]
[INFO] [dwa_planner_node.EXE-8]: process started with pid [24440]
[INFO] [baseline0_validator_node.EXE-9]: process started with pid [11880]
[ERROR] [oracle_dropout_relay_node.EXE-2]: process has died [pid 16036, exit code 1, cmd 'C:\Users\Andrea\Desktop\HoloObstacleAvoidance\install\lib\rov_obstacle_sim_bridge\oracle_dropout_relay_node.EXE --ros-args -r __node:=oracle_dropout_relay --params-file C:\Users\Andrea\AppData\Local\Temp\launch_params_459zqj5y'].
[oracle_dropout_relay_node.EXE-2] [2m2026-08-15T17:12:57.688087Z[0m [33m WARN[0m ThreadId(12) [2mzenoh::net::runtime::orchestrator[0m[2m:[0m Scouting delay elapsed before start conditions are met.

[oracle_dropout_relay_node.EXE-2] [INFO] [1786813978.936751800] [oracle_dropout_relay]: oracle relay: dropout_enabled=False (trigger 'AVOIDING*' +3.0s for 2.0s)

[ERROR] [holoocean_bridge_node.EXE-1]: process has died [pid 17856, exit code 1, cmd 'C:\Users\Andrea\Desktop\HoloObstacleAvoidance\install\lib\rov_obstacle_sim_bridge\holoocean_bridge_node.EXE --ros-args -r __node:=holoocean_bridge --params-file C:\Users\Andrea\Desktop\HoloObstacleAvoidance\install\share\rov_obstacle_sim_bridge\config\holoocean_bridge.yaml --params-file C:\Users\Andrea\AppData\Local\Temp\launch_params_8qnnftz8'].
[holoocean_bridge_node.EXE-1] [INFO] [1786813978.741285600] [holoocean_bridge]: HoloOcean bridge: will connect to sim server 127.0.0.1:47654. /perception/obstacles_oracle is SIMULATION-ONLY ground truth.

[ERROR] [actuation_model_node.EXE-4]: process has died [pid 21228, exit code 1, cmd 'C:\Users\Andrea\Desktop\HoloObstacleAvoidance\install\lib\rov_obstacle_sim_bridge\actuation_model_node.EXE --ros-args -r __node:=actuation_model --params-file C:\Users\Andrea\AppData\Local\Temp\launch_params_gjxujv76'].
[ERROR] [calibrated_observation_relay_node.EXE-3]: process has died [pid 25148, exit code 1, cmd 'C:\Users\Andrea\Desktop\HoloObstacleAvoidance\install\lib\rov_obstacle_sim_bridge\calibrated_observation_relay_node.EXE --ros-args -r __node:=calibrated_observation_relay --params-file C:\Users\Andrea\AppData\Local\Temp\launch_params_e4o_s9ll'].
[actuation_model_node.EXE-4] [INFO] [1786813978.249615500] [actuation_model]: actuation model: level=S1 plant=False latency=0.000 s

[calibrated_observation_relay_node.EXE-3] [INFO] [1786813978.381466300] [calibrated_observation_relay]: calibrated observation relay: level=S1 s1=True s2=False

[ERROR] [temporal_estimator_node.EXE-5]: process has died [pid 18888, exit code 1, cmd 'C:\Users\Andrea\Desktop\HoloObstacleAvoidance\install\lib\rov_obstacle_tracking\temporal_estimator_node.EXE --ros-args -r __node:=temporal_estimator --params-file C:\Users\Andrea\AppData\Local\Temp\launch_params_hfzbm2yt'].
[temporal_estimator_node.EXE-5] [INFO] [1786813978.466539400] [temporal_estimator]: temporal estimator method=t2_fixed_kf /perception/obstacles_raw -> /perception/obstacles

[ERROR] [commanded_odometry_node.EXE-6]: process has died [pid 21328, exit code 1, cmd 'C:\Users\Andrea\Desktop\HoloObstacleAvoidance\install\lib\rov_obstacle_sim_bridge\commanded_odometry_node.EXE --ros-args -r __node:=commanded_odometry'].
[commanded_odometry_node.EXE-6] [INFO] [1786813978.569773200] [commanded_odometry]: commanded odometry (no-DVL transferable dead reckoning): inputs ['/planner/cmd_vel_safe', '/rov/attitude_measured', '/rov/depth'] -> /rov/odom_estimated

[ERROR] [nominal_cmd_publisher_node.EXE-7]: process has died [pid 11956, exit code 1, cmd 'C:\Users\Andrea\Desktop\HoloObstacleAvoidance\install\lib\rov_obstacle_bringup\nominal_cmd_publisher_node.EXE --ros-args -r __node:=nominal_cmd_publisher --params-file C:\Users\Andrea\Desktop\HoloObstacleAvoidance\install\share\rov_obstacle_bringup\config\demo.yaml --params-file C:\Users\Andrea\AppData\Local\Temp\launch_params__0q6o3e1'].
[nominal_cmd_publisher_node.EXE-7] [2m2026-08-15T17:12:57.735404Z[0m [33m WARN[0m ThreadId(12) [2mzenoh::net::runtime::orchestrator[0m[2m:[0m Scouting delay elapsed before start conditions are met.

[nominal_cmd_publisher_node.EXE-7] [INFO] [1786813978.870729200] [nominal_cmd_publisher]: Nominal command publisher sending /cmd_vel_nominal.

