C:\dev\ros2_lyrical\Lib\site-packages\launch\logging\__init__.py:172: UserWarning: Cannot create a symlink to latest log directory: [WinError 1314] Il privilegio richiesto non appartiene al client: 'C:\\Users\\Andrea\\.ros\\log\\2026-08-15-18-28-21-663288-DESKTOP-CNGN003-15488' -> 'C:\\Users\\Andrea\\.ros\\log\\latest'

  warnings.warn(
[INFO] [launch]: All log files can be found below C:\Users\Andrea\.ros\log\2026-08-15-18-28-21-663288-DESKTOP-CNGN003-15488
[INFO] [launch]: Default logging verbosity is set to INFO
[INFO] [holoocean_bridge_node.EXE-1]: process started with pid [17544]
[INFO] [oracle_dropout_relay_node.EXE-2]: process started with pid [6344]
[INFO] [calibrated_observation_relay_node.EXE-3]: process started with pid [8276]
[INFO] [actuation_model_node.EXE-4]: process started with pid [9820]
[INFO] [temporal_estimator_node.EXE-5]: process started with pid [11564]
[INFO] [commanded_odometry_node.EXE-6]: process started with pid [23444]
[INFO] [nominal_cmd_publisher_node.EXE-7]: process started with pid [24068]
[INFO] [local_avoidance_planner_node.EXE-8]: process started with pid [14268]
[INFO] [baseline0_validator_node.EXE-9]: process started with pid [20836]
[ERROR] [holoocean_bridge_node.EXE-1]: process has died [pid 17544, exit code 1, cmd 'C:\Users\Andrea\Desktop\HoloObstacleAvoidance\install\lib\rov_obstacle_sim_bridge\holoocean_bridge_node.EXE --ros-args -r __node:=holoocean_bridge --params-file C:\Users\Andrea\Desktop\HoloObstacleAvoidance\install\share\rov_obstacle_sim_bridge\config\holoocean_bridge.yaml --params-file C:\Users\Andrea\AppData\Local\Temp\launch_params_bnybd3gk'].
[holoocean_bridge_node.EXE-1] [INFO] [1786811303.695838800] [holoocean_bridge]: HoloOcean bridge: will connect to sim server 127.0.0.1:47654. /perception/obstacles_oracle is SIMULATION-ONLY ground truth.

[ERROR] [oracle_dropout_relay_node.EXE-2]: process has died [pid 6344, exit code 1, cmd 'C:\Users\Andrea\Desktop\HoloObstacleAvoidance\install\lib\rov_obstacle_sim_bridge\oracle_dropout_relay_node.EXE --ros-args -r __node:=oracle_dropout_relay --params-file C:\Users\Andrea\AppData\Local\Temp\launch_params_030m7jcx'].
[oracle_dropout_relay_node.EXE-2] [INFO] [1786811303.689720400] [oracle_dropout_relay]: oracle relay: dropout_enabled=False (trigger 'AVOIDING*' +3.0s for 2.0s)

[ERROR] [calibrated_observation_relay_node.EXE-3]: process has died [pid 8276, exit code 1, cmd 'C:\Users\Andrea\Desktop\HoloObstacleAvoidance\install\lib\rov_obstacle_sim_bridge\calibrated_observation_relay_node.EXE --ros-args -r __node:=calibrated_observation_relay --params-file C:\Users\Andrea\AppData\Local\Temp\launch_params_441fl_ci'].
[calibrated_observation_relay_node.EXE-3] [2m2026-08-15T16:28:23.030165Z[0m [33m WARN[0m ThreadId(13) [2mzenoh::net::runtime::orchestrator[0m[2m:[0m Scouting delay elapsed before start conditions are met.

[calibrated_observation_relay_node.EXE-3] [INFO] [1786811304.021424100] [calibrated_observation_relay]: calibrated observation relay: level=S0 s1=False s2=False

[ERROR] [actuation_model_node.EXE-4]: process has died [pid 9820, exit code 1, cmd 'C:\Users\Andrea\Desktop\HoloObstacleAvoidance\install\lib\rov_obstacle_sim_bridge\actuation_model_node.EXE --ros-args -r __node:=actuation_model --params-file C:\Users\Andrea\AppData\Local\Temp\launch_params_sqsbr4vi'].
[actuation_model_node.EXE-4] [INFO] [1786811303.701818700] [actuation_model]: actuation model: level=S0 plant=False latency=0.000 s

