C:\dev\ros2_lyrical\Lib\site-packages\launch\logging\__init__.py:172: UserWarning: Cannot create a symlink to latest log directory: [WinError 1314] Il privilegio richiesto non appartiene al client: 'C:\\Users\\Andrea\\.ros\\log\\2026-08-15-18-41-47-455788-DESKTOP-CNGN003-15980' -> 'C:\\Users\\Andrea\\.ros\\log\\latest'

  warnings.warn(
[INFO] [launch]: All log files can be found below C:\Users\Andrea\.ros\log\2026-08-15-18-41-47-455788-DESKTOP-CNGN003-15980
[INFO] [launch]: Default logging verbosity is set to INFO
[INFO] [holoocean_bridge_node.EXE-1]: process started with pid [12652]
[INFO] [oracle_dropout_relay_node.EXE-2]: process started with pid [17056]
[INFO] [calibrated_observation_relay_node.EXE-3]: process started with pid [7288]
[INFO] [actuation_model_node.EXE-4]: process started with pid [19652]
[INFO] [temporal_estimator_node.EXE-5]: process started with pid [20184]
[INFO] [commanded_odometry_node.EXE-6]: process started with pid [22252]
[INFO] [nominal_cmd_publisher_node.EXE-7]: process started with pid [22720]
[INFO] [dwa_planner_node.EXE-8]: process started with pid [20364]
[INFO] [baseline0_validator_node.EXE-9]: process started with pid [15072]
[ERROR] [oracle_dropout_relay_node.EXE-2]: process has died [pid 17056, exit code 1, cmd 'C:\Users\Andrea\Desktop\HoloObstacleAvoidance\install\lib\rov_obstacle_sim_bridge\oracle_dropout_relay_node.EXE --ros-args -r __node:=oracle_dropout_relay --params-file C:\Users\Andrea\AppData\Local\Temp\launch_params_fuu2ggj4'].
[ERROR] [holoocean_bridge_node.EXE-1]: process has died [pid 12652, exit code 1, cmd 'C:\Users\Andrea\Desktop\HoloObstacleAvoidance\install\lib\rov_obstacle_sim_bridge\holoocean_bridge_node.EXE --ros-args -r __node:=holoocean_bridge --params-file C:\Users\Andrea\Desktop\HoloObstacleAvoidance\install\share\rov_obstacle_sim_bridge\config\holoocean_bridge.yaml --params-file C:\Users\Andrea\AppData\Local\Temp\launch_params_69b3815j'].
[oracle_dropout_relay_node.EXE-2] [INFO] [1786812109.598897400] [oracle_dropout_relay]: oracle relay: dropout_enabled=False (trigger 'AVOIDING*' +3.0s for 2.0s)

[holoocean_bridge_node.EXE-1] [INFO] [1786812110.699236100] [holoocean_bridge]: HoloOcean bridge: will connect to sim server 127.0.0.1:47654. /perception/obstacles_oracle is SIMULATION-ONLY ground truth.

[ERROR] [calibrated_observation_relay_node.EXE-3]: process has died [pid 7288, exit code 1, cmd 'C:\Users\Andrea\Desktop\HoloObstacleAvoidance\install\lib\rov_obstacle_sim_bridge\calibrated_observation_relay_node.EXE --ros-args -r __node:=calibrated_observation_relay --params-file C:\Users\Andrea\AppData\Local\Temp\launch_params_gow1hd_3'].
[calibrated_observation_relay_node.EXE-3] [INFO] [1786812109.533536100] [calibrated_observation_relay]: calibrated observation relay: level=S0 s1=False s2=False

[ERROR] [actuation_model_node.EXE-4]: process has died [pid 19652, exit code 1, cmd 'C:\Users\Andrea\Desktop\HoloObstacleAvoidance\install\lib\rov_obstacle_sim_bridge\actuation_model_node.EXE --ros-args -r __node:=actuation_model --params-file C:\Users\Andrea\AppData\Local\Temp\launch_params_rod_0dqc'].
[actuation_model_node.EXE-4] [2m2026-08-15T16:41:49.532195Z[0m [33m WARN[0m ThreadId(13) [2mzenoh::net::runtime::orchestrator[0m[2m:[0m Scouting delay elapsed before start conditions are met.

[actuation_model_node.EXE-4] [INFO] [1786812110.405036200] [actuation_model]: actuation model: level=S0 plant=False latency=0.000 s

[ERROR] [commanded_odometry_node.EXE-6]: process has died [pid 22252, exit code 1, cmd 'C:\Users\Andrea\Desktop\HoloObstacleAvoidance\install\lib\rov_obstacle_sim_bridge\commanded_odometry_node.EXE --ros-args -r __node:=commanded_odometry'].
[ERROR] [temporal_estimator_node.EXE-5]: process has died [pid 20184, exit code 1, cmd 'C:\Users\Andrea\Desktop\HoloObstacleAvoidance\install\lib\rov_obstacle_tracking\temporal_estimator_node.EXE --ros-args -r __node:=temporal_estimator --params-file C:\Users\Andrea\AppData\Local\Temp\launch_params_f4up_og4'].
[commanded_odometry_node.EXE-6] [2m2026-08-15T16:41:49.532157Z[0m [33m WARN[0m ThreadId(13) [2mzenoh::net::runtime::orchestrator[0m[2m:[0m Scouting delay elapsed before start conditions are met.

[commanded_odometry_node.EXE-6] [INFO] [1786812110.684919900] [commanded_odometry]: commanded odometry (no-DVL transferable dead reckoning): inputs ['/planner/cmd_vel_safe', '/rov/attitude_measured', '/rov/depth'] -> /rov/odom_estimated

