C:\dev\ros2_lyrical\Lib\site-packages\launch\logging\__init__.py:172: UserWarning: Cannot create a symlink to latest log directory: [WinError 1314] Il privilegio richiesto non appartiene al client: 'C:\\Users\\Andrea\\.ros\\log\\2026-08-15-20-07-20-394192-DESKTOP-CNGN003-24644' -> 'C:\\Users\\Andrea\\.ros\\log\\latest'

  warnings.warn(
[INFO] [launch]: All log files can be found below C:\Users\Andrea\.ros\log\2026-08-15-20-07-20-394192-DESKTOP-CNGN003-24644
[INFO] [launch]: Default logging verbosity is set to INFO
[INFO] [holoocean_bridge_node.EXE-1]: process started with pid [3924]
[INFO] [oracle_dropout_relay_node.EXE-2]: process started with pid [13996]
[INFO] [calibrated_observation_relay_node.EXE-3]: process started with pid [5756]
[INFO] [actuation_model_node.EXE-4]: process started with pid [22452]
[INFO] [temporal_estimator_node.EXE-5]: process started with pid [14984]
[INFO] [commanded_odometry_node.EXE-6]: process started with pid [12380]
[INFO] [nominal_cmd_publisher_node.EXE-7]: process started with pid [14408]
[INFO] [dwa_planner_node.EXE-8]: process started with pid [9160]
[INFO] [baseline0_validator_node.EXE-9]: process started with pid [8576]
[ERROR] [holoocean_bridge_node.EXE-1]: process has died [pid 3924, exit code 1, cmd 'C:\Users\Andrea\Desktop\HoloObstacleAvoidance\install\lib\rov_obstacle_sim_bridge\holoocean_bridge_node.EXE --ros-args -r __node:=holoocean_bridge --params-file C:\Users\Andrea\Desktop\HoloObstacleAvoidance\install\share\rov_obstacle_sim_bridge\config\holoocean_bridge.yaml --params-file C:\Users\Andrea\AppData\Local\Temp\launch_params_q76h4uyn'].
[holoocean_bridge_node.EXE-1] [INFO] [1786817243.082246000] [holoocean_bridge]: HoloOcean bridge: will connect to sim server 127.0.0.1:47654. /perception/obstacles_oracle is SIMULATION-ONLY ground truth.

[ERROR] [oracle_dropout_relay_node.EXE-2]: process has died [pid 13996, exit code 1, cmd 'C:\Users\Andrea\Desktop\HoloObstacleAvoidance\install\lib\rov_obstacle_sim_bridge\oracle_dropout_relay_node.EXE --ros-args -r __node:=oracle_dropout_relay --params-file C:\Users\Andrea\AppData\Local\Temp\launch_params_j7ggzw9l'].
[oracle_dropout_relay_node.EXE-2] [INFO] [1786817242.924483600] [oracle_dropout_relay]: oracle relay: dropout_enabled=False (trigger 'AVOIDING*' +3.0s for 2.0s)

[ERROR] [calibrated_observation_relay_node.EXE-3]: process has died [pid 5756, exit code 1, cmd 'C:\Users\Andrea\Desktop\HoloObstacleAvoidance\install\lib\rov_obstacle_sim_bridge\calibrated_observation_relay_node.EXE --ros-args -r __node:=calibrated_observation_relay --params-file C:\Users\Andrea\AppData\Local\Temp\launch_params_owf6_zxj'].
[calibrated_observation_relay_node.EXE-3] [INFO] [1786817242.611973000] [calibrated_observation_relay]: calibrated observation relay: level=S2 s1=True s2=True

[ERROR] [actuation_model_node.EXE-4]: process has died [pid 22452, exit code 1, cmd 'C:\Users\Andrea\Desktop\HoloObstacleAvoidance\install\lib\rov_obstacle_sim_bridge\actuation_model_node.EXE --ros-args -r __node:=actuation_model --params-file C:\Users\Andrea\AppData\Local\Temp\launch_params_zb6679ve'].
[actuation_model_node.EXE-4] [INFO] [1786817242.366427800] [actuation_model]: actuation model: level=S2 plant=False latency=0.000 s

[ERROR] [temporal_estimator_node.EXE-5]: process has died [pid 14984, exit code 1, cmd 'C:\Users\Andrea\Desktop\HoloObstacleAvoidance\install\lib\rov_obstacle_tracking\temporal_estimator_node.EXE --ros-args -r __node:=temporal_estimator --params-file C:\Users\Andrea\AppData\Local\Temp\launch_params_kytxra90'].
[temporal_estimator_node.EXE-5] [INFO] [1786817242.816283900] [temporal_estimator]: temporal estimator method=t2_fixed_kf /perception/obstacles_raw -> /perception/obstacles

