C:\dev\ros2_lyrical\Lib\site-packages\launch\logging\__init__.py:172: UserWarning: Cannot create a symlink to latest log directory: [WinError 1314] Il privilegio richiesto non appartiene al client: 'C:\\Users\\Andrea\\.ros\\log\\2026-08-11-14-56-04-939553-DESKTOP-CNGN003-8632' -> 'C:\\Users\\Andrea\\.ros\\log\\latest'

  warnings.warn(
[INFO] [launch]: All log files can be found below C:\Users\Andrea\.ros\log\2026-08-11-14-56-04-939553-DESKTOP-CNGN003-8632
[INFO] [launch]: Default logging verbosity is set to INFO
[INFO] [holoocean_bridge_node.EXE-1]: process started with pid [24900]
[INFO] [oracle_dropout_relay_node.EXE-2]: process started with pid [21916]
[INFO] [temporal_estimator_node.EXE-3]: process started with pid [17612]
[INFO] [commanded_odometry_node.EXE-4]: process started with pid [4156]
[INFO] [nominal_cmd_publisher_node.EXE-5]: process started with pid [26888]
[INFO] [local_avoidance_planner_node.EXE-6]: process started with pid [7532]
[INFO] [baseline0_validator_node.EXE-7]: process started with pid [5880]
[ERROR] [oracle_dropout_relay_node.EXE-2]: process has died [pid 21916, exit code 1, cmd 'C:\Users\Andrea\Desktop\HoloObstacleAvoidance\install\lib\rov_obstacle_sim_bridge\oracle_dropout_relay_node.EXE --ros-args -r __node:=oracle_dropout_relay --params-file C:\Users\Andrea\AppData\Local\Temp\launch_params_2xnclkvz'].
[ERROR] [holoocean_bridge_node.EXE-1]: process has died [pid 24900, exit code 1, cmd 'C:\Users\Andrea\Desktop\HoloObstacleAvoidance\install\lib\rov_obstacle_sim_bridge\holoocean_bridge_node.EXE --ros-args -r __node:=holoocean_bridge --params-file C:\Users\Andrea\Desktop\HoloObstacleAvoidance\install\share\rov_obstacle_sim_bridge\config\holoocean_bridge.yaml --params-file C:\Users\Andrea\AppData\Local\Temp\launch_params_615b_n1x'].
[oracle_dropout_relay_node.EXE-2] [INFO] [1786452967.002873900] [oracle_dropout_relay]: oracle relay: dropout_enabled=True (trigger 'AVOIDING*' +3.0s for 2.0s)

[ERROR] [temporal_estimator_node.EXE-3]: process has died [pid 17612, exit code 1, cmd 'C:\Users\Andrea\Desktop\HoloObstacleAvoidance\install\lib\rov_obstacle_tracking\temporal_estimator_node.EXE --ros-args -r __node:=temporal_estimator --params-file C:\Users\Andrea\AppData\Local\Temp\launch_params__mz2if8x'].
[holoocean_bridge_node.EXE-1] [INFO] [1786452966.554384200] [holoocean_bridge]: HoloOcean bridge: will connect to sim server 127.0.0.1:47654. /perception/obstacles_oracle is SIMULATION-ONLY ground truth.

[ERROR] [nominal_cmd_publisher_node.EXE-5]: process has died [pid 26888, exit code 1, cmd 'C:\Users\Andrea\Desktop\HoloObstacleAvoidance\install\lib\rov_obstacle_bringup\nominal_cmd_publisher_node.EXE --ros-args -r __node:=nominal_cmd_publisher --params-file C:\Users\Andrea\Desktop\HoloObstacleAvoidance\install\share\rov_obstacle_bringup\config\demo.yaml'].
[ERROR] [commanded_odometry_node.EXE-4]: process has died [pid 4156, exit code 1, cmd 'C:\Users\Andrea\Desktop\HoloObstacleAvoidance\install\lib\rov_obstacle_sim_bridge\commanded_odometry_node.EXE --ros-args -r __node:=commanded_odometry'].
[temporal_estimator_node.EXE-3] [INFO] [1786452966.226134000] [temporal_estimator]: temporal estimator method=t0_raw /perception/obstacles_raw -> /perception/obstacles

[nominal_cmd_publisher_node.EXE-5] [INFO] [1786452966.200244100] [nominal_cmd_publisher]: Nominal command publisher sending /cmd_vel_nominal.

[commanded_odometry_node.EXE-4] [INFO] [1786452966.385200600] [commanded_odometry]: commanded odometry (no-DVL transferable dead reckoning): inputs ['/planner/cmd_vel_safe', '/rov/attitude_measured', '/rov/depth'] -> /rov/odom_estimated

