C:\dev\ros2_lyrical\Lib\site-packages\launch\logging\__init__.py:172: UserWarning: Cannot create a symlink to latest log directory: [WinError 1314] Il privilegio richiesto non appartiene al client: 'C:\\Users\\Andrea\\.ros\\log\\2026-08-15-20-42-28-413046-DESKTOP-CNGN003-9820' -> 'C:\\Users\\Andrea\\.ros\\log\\latest'

  warnings.warn(
[INFO] [launch]: All log files can be found below C:\Users\Andrea\.ros\log\2026-08-15-20-42-28-413046-DESKTOP-CNGN003-9820
[INFO] [launch]: Default logging verbosity is set to INFO
[INFO] [holoocean_bridge_node.EXE-1]: process started with pid [11688]
[INFO] [oracle_dropout_relay_node.EXE-2]: process started with pid [13604]
[INFO] [calibrated_observation_relay_node.EXE-3]: process started with pid [14488]
[INFO] [actuation_model_node.EXE-4]: process started with pid [22884]
[INFO] [temporal_estimator_node.EXE-5]: process started with pid [19044]
[INFO] [commanded_odometry_node.EXE-6]: process started with pid [2232]
[INFO] [nominal_cmd_publisher_node.EXE-7]: process started with pid [15632]
[INFO] [dwa_planner_node.EXE-8]: process started with pid [12952]
[INFO] [baseline0_validator_node.EXE-9]: process started with pid [12396]
[ERROR] [holoocean_bridge_node.EXE-1]: process has died [pid 11688, exit code 1, cmd 'C:\Users\Andrea\Desktop\HoloObstacleAvoidance\install\lib\rov_obstacle_sim_bridge\holoocean_bridge_node.EXE --ros-args -r __node:=holoocean_bridge --params-file C:\Users\Andrea\Desktop\HoloObstacleAvoidance\install\share\rov_obstacle_sim_bridge\config\holoocean_bridge.yaml --params-file C:\Users\Andrea\AppData\Local\Temp\launch_params_zxraup0w'].
[ERROR] [calibrated_observation_relay_node.EXE-3]: process has died [pid 14488, exit code 1, cmd 'C:\Users\Andrea\Desktop\HoloObstacleAvoidance\install\lib\rov_obstacle_sim_bridge\calibrated_observation_relay_node.EXE --ros-args -r __node:=calibrated_observation_relay --params-file C:\Users\Andrea\AppData\Local\Temp\launch_params_ucdry1ak'].
[holoocean_bridge_node.EXE-1] [INFO] [1786819349.979877700] [holoocean_bridge]: HoloOcean bridge: will connect to sim server 127.0.0.1:47654. /perception/obstacles_oracle is SIMULATION-ONLY ground truth.

[calibrated_observation_relay_node.EXE-3] [INFO] [1786819349.605389500] [calibrated_observation_relay]: calibrated observation relay: level=S3 s1=True s2=True

[ERROR] [oracle_dropout_relay_node.EXE-2]: process has died [pid 13604, exit code 1, cmd 'C:\Users\Andrea\Desktop\HoloObstacleAvoidance\install\lib\rov_obstacle_sim_bridge\oracle_dropout_relay_node.EXE --ros-args -r __node:=oracle_dropout_relay --params-file C:\Users\Andrea\AppData\Local\Temp\launch_params_mlk35gqo'].
[ERROR] [actuation_model_node.EXE-4]: process has died [pid 22884, exit code 1, cmd 'C:\Users\Andrea\Desktop\HoloObstacleAvoidance\install\lib\rov_obstacle_sim_bridge\actuation_model_node.EXE --ros-args -r __node:=actuation_model --params-file C:\Users\Andrea\AppData\Local\Temp\launch_params_z6vwc7bt'].
[ERROR] [temporal_estimator_node.EXE-5]: process has died [pid 19044, exit code 1, cmd 'C:\Users\Andrea\Desktop\HoloObstacleAvoidance\install\lib\rov_obstacle_tracking\temporal_estimator_node.EXE --ros-args -r __node:=temporal_estimator --params-file C:\Users\Andrea\AppData\Local\Temp\launch_params_3vnnh6a2'].
[oracle_dropout_relay_node.EXE-2] [INFO] [1786819349.753999100] [oracle_dropout_relay]: oracle relay: dropout_enabled=False (trigger 'AVOIDING*' +3.0s for 2.0s)

