C:\dev\ros2_lyrical\Lib\site-packages\launch\logging\__init__.py:172: UserWarning: Cannot create a symlink to latest log directory: [WinError 1314] Il privilegio richiesto non appartiene al client: 'C:\\Users\\Andrea\\.ros\\log\\2026-08-15-19-16-45-472725-DESKTOP-CNGN003-14760' -> 'C:\\Users\\Andrea\\.ros\\log\\latest'

  warnings.warn(
[INFO] [launch]: All log files can be found below C:\Users\Andrea\.ros\log\2026-08-15-19-16-45-472725-DESKTOP-CNGN003-14760
[INFO] [launch]: Default logging verbosity is set to INFO
[INFO] [holoocean_bridge_node.EXE-1]: process started with pid [16260]
[INFO] [oracle_dropout_relay_node.EXE-2]: process started with pid [21636]
[INFO] [calibrated_observation_relay_node.EXE-3]: process started with pid [17780]
[INFO] [actuation_model_node.EXE-4]: process started with pid [13168]
[INFO] [temporal_estimator_node.EXE-5]: process started with pid [11664]
[INFO] [commanded_odometry_node.EXE-6]: process started with pid [16992]
[INFO] [nominal_cmd_publisher_node.EXE-7]: process started with pid [5740]
[INFO] [dwa_planner_node.EXE-8]: process started with pid [22348]
[INFO] [baseline0_validator_node.EXE-9]: process started with pid [7128]
[ERROR] [oracle_dropout_relay_node.EXE-2]: process has died [pid 21636, exit code 1, cmd 'C:\Users\Andrea\Desktop\HoloObstacleAvoidance\install\lib\rov_obstacle_sim_bridge\oracle_dropout_relay_node.EXE --ros-args -r __node:=oracle_dropout_relay --params-file C:\Users\Andrea\AppData\Local\Temp\launch_params_pm_6ej02'].
[ERROR] [holoocean_bridge_node.EXE-1]: process has died [pid 16260, exit code 1, cmd 'C:\Users\Andrea\Desktop\HoloObstacleAvoidance\install\lib\rov_obstacle_sim_bridge\holoocean_bridge_node.EXE --ros-args -r __node:=holoocean_bridge --params-file C:\Users\Andrea\Desktop\HoloObstacleAvoidance\install\share\rov_obstacle_sim_bridge\config\holoocean_bridge.yaml --params-file C:\Users\Andrea\AppData\Local\Temp\launch_params_pr8uac2z'].
[oracle_dropout_relay_node.EXE-2] [INFO] [1786814206.807722200] [oracle_dropout_relay]: oracle relay: dropout_enabled=False (trigger 'AVOIDING*' +3.0s for 2.0s)

[holoocean_bridge_node.EXE-1] [2m2026-08-15T17:16:46.824665Z[0m [33m WARN[0m ThreadId(12) [2mzenoh::net::runtime::orchestrator[0m[2m:[0m Scouting delay elapsed before start conditions are met.

[holoocean_bridge_node.EXE-1] [INFO] [1786814207.457004500] [holoocean_bridge]: HoloOcean bridge: will connect to sim server 127.0.0.1:47654. /perception/obstacles_oracle is SIMULATION-ONLY ground truth.

[ERROR] [actuation_model_node.EXE-4]: process has died [pid 13168, exit code 1, cmd 'C:\Users\Andrea\Desktop\HoloObstacleAvoidance\install\lib\rov_obstacle_sim_bridge\actuation_model_node.EXE --ros-args -r __node:=actuation_model --params-file C:\Users\Andrea\AppData\Local\Temp\launch_params_3dmt2qs4'].
[ERROR] [calibrated_observation_relay_node.EXE-3]: process has died [pid 17780, exit code 1, cmd 'C:\Users\Andrea\Desktop\HoloObstacleAvoidance\install\lib\rov_obstacle_sim_bridge\calibrated_observation_relay_node.EXE --ros-args -r __node:=calibrated_observation_relay --params-file C:\Users\Andrea\AppData\Local\Temp\launch_params_cljkp5oe'].
[actuation_model_node.EXE-4] [2m2026-08-15T17:16:46.808875Z[0m [33m WARN[0m ThreadId(12) [2mzenoh::net::runtime::orchestrator[0m[2m:[0m Scouting delay elapsed before start conditions are met.

[actuation_model_node.EXE-4] [INFO] [1786814207.404924700] [actuation_model]: actuation model: level=S1 plant=False latency=0.000 s

[ERROR] [temporal_estimator_node.EXE-5]: process has died [pid 11664, exit code 1, cmd 'C:\Users\Andrea\Desktop\HoloObstacleAvoidance\install\lib\rov_obstacle_tracking\temporal_estimator_node.EXE --ros-args -r __node:=temporal_estimator --params-file C:\Users\Andrea\AppData\Local\Temp\launch_params_7ilh465h'].
[calibrated_observation_relay_node.EXE-3] [INFO] [1786814206.644596900] [calibrated_observation_relay]: calibrated observation relay: level=S1 s1=True s2=False

[temporal_estimator_node.EXE-5] [INFO] [1786814206.865652700] [temporal_estimator]: temporal estimator method=t2_fixed_kf /perception/obstacles_raw -> /perception/obstacles

[ERROR] [nominal_cmd_publisher_node.EXE-7]: process has died [pid 5740, exit code 1, cmd 'C:\Users\Andrea\Desktop\HoloObstacleAvoidance\install\lib\rov_obstacle_bringup\nominal_cmd_publisher_node.EXE --ros-args -r __node:=nominal_cmd_publisher --params-file C:\Users\Andrea\Desktop\HoloObstacleAvoidance\install\share\rov_obstacle_bringup\config\demo.yaml --params-file C:\Users\Andrea\AppData\Local\Temp\launch_params_2l2anm0d'].
[ERROR] [commanded_odometry_node.EXE-6]: process has died [pid 16992, exit code 1, cmd 'C:\Users\Andrea\Desktop\HoloObstacleAvoidance\install\lib\rov_obstacle_sim_bridge\commanded_odometry_node.EXE --ros-args -r __node:=commanded_odometry'].
[nominal_cmd_publisher_node.EXE-7] [INFO] [1786814206.954081600] [nominal_cmd_publisher]: Nominal command publisher sending /cmd_vel_nominal.

[commanded_odometry_node.EXE-6] [2m2026-08-15T17:16:46.856217Z[0m [33m WARN[0m ThreadId(12) [2mzenoh::net::runtime::orchestrator[0m[2m:[0m Scouting delay elapsed before start conditions are met.

[commanded_odometry_node.EXE-6] [INFO] [1786814207.440399500] [commanded_odometry]: commanded odometry (no-DVL transferable dead reckoning): inputs ['/planner/cmd_vel_safe', '/rov/attitude_measured', '/rov/depth'] -> /rov/odom_estimated

