C:\dev\ros2_lyrical\Lib\site-packages\launch\logging\__init__.py:172: UserWarning: Cannot create a symlink to latest log directory: [WinError 1314] Il privilegio richiesto non appartiene al client: 'C:\\Users\\Andrea\\.ros\\log\\2026-08-15-20-36-49-259444-DESKTOP-CNGN003-12476' -> 'C:\\Users\\Andrea\\.ros\\log\\latest'

  warnings.warn(
[INFO] [launch]: All log files can be found below C:\Users\Andrea\.ros\log\2026-08-15-20-36-49-259444-DESKTOP-CNGN003-12476
[INFO] [launch]: Default logging verbosity is set to INFO
[INFO] [holoocean_bridge_node.EXE-1]: process started with pid [2272]
[INFO] [oracle_dropout_relay_node.EXE-2]: process started with pid [19956]
[INFO] [calibrated_observation_relay_node.EXE-3]: process started with pid [21868]
[INFO] [actuation_model_node.EXE-4]: process started with pid [23436]
[INFO] [temporal_estimator_node.EXE-5]: process started with pid [24960]
[INFO] [commanded_odometry_node.EXE-6]: process started with pid [13692]
[INFO] [nominal_cmd_publisher_node.EXE-7]: process started with pid [10176]
[INFO] [local_avoidance_planner_node.EXE-8]: process started with pid [8304]
[INFO] [baseline0_validator_node.EXE-9]: process started with pid [18968]
[ERROR] [oracle_dropout_relay_node.EXE-2]: process has died [pid 19956, exit code 1, cmd 'C:\Users\Andrea\Desktop\HoloObstacleAvoidance\install\lib\rov_obstacle_sim_bridge\oracle_dropout_relay_node.EXE --ros-args -r __node:=oracle_dropout_relay --params-file C:\Users\Andrea\AppData\Local\Temp\launch_params_1zojlf3k'].
[oracle_dropout_relay_node.EXE-2] [2m2026-08-15T18:36:50.601767Z[0m [33m WARN[0m ThreadId(12) [2mzenoh::net::runtime::orchestrator[0m[2m:[0m Scouting delay elapsed before start conditions are met.

[oracle_dropout_relay_node.EXE-2] [INFO] [1786819011.177215800] [oracle_dropout_relay]: oracle relay: dropout_enabled=False (trigger 'AVOIDING*' +3.0s for 2.0s)

[ERROR] [calibrated_observation_relay_node.EXE-3]: process has died [pid 21868, exit code 1, cmd 'C:\Users\Andrea\Desktop\HoloObstacleAvoidance\install\lib\rov_obstacle_sim_bridge\calibrated_observation_relay_node.EXE --ros-args -r __node:=calibrated_observation_relay --params-file C:\Users\Andrea\AppData\Local\Temp\launch_params_g94gcf9d'].
[ERROR] [temporal_estimator_node.EXE-5]: process has died [pid 24960, exit code 1, cmd 'C:\Users\Andrea\Desktop\HoloObstacleAvoidance\install\lib\rov_obstacle_tracking\temporal_estimator_node.EXE --ros-args -r __node:=temporal_estimator --params-file C:\Users\Andrea\AppData\Local\Temp\launch_params_xqtii04x'].
[ERROR] [actuation_model_node.EXE-4]: process has died [pid 23436, exit code 1, cmd 'C:\Users\Andrea\Desktop\HoloObstacleAvoidance\install\lib\rov_obstacle_sim_bridge\actuation_model_node.EXE --ros-args -r __node:=actuation_model --params-file C:\Users\Andrea\AppData\Local\Temp\launch_params_xvsijrhc'].
[calibrated_observation_relay_node.EXE-3] [INFO] [1786819010.474716000] [calibrated_observation_relay]: calibrated observation relay: level=S3 s1=True s2=True

[temporal_estimator_node.EXE-5] [INFO] [1786819010.605265100] [temporal_estimator]: temporal estimator method=t2_fixed_kf /perception/obstacles_raw -> /perception/obstacles

[ERROR] [holoocean_bridge_node.EXE-1]: process has died [pid 2272, exit code 1, cmd 'C:\Users\Andrea\Desktop\HoloObstacleAvoidance\install\lib\rov_obstacle_sim_bridge\holoocean_bridge_node.EXE --ros-args -r __node:=holoocean_bridge --params-file C:\Users\Andrea\Desktop\HoloObstacleAvoidance\install\share\rov_obstacle_sim_bridge\config\holoocean_bridge.yaml --params-file C:\Users\Andrea\AppData\Local\Temp\launch_params_14vb8dei'].
[ERROR] [commanded_odometry_node.EXE-6]: process has died [pid 13692, exit code 1, cmd 'C:\Users\Andrea\Desktop\HoloObstacleAvoidance\install\lib\rov_obstacle_sim_bridge\commanded_odometry_node.EXE --ros-args -r __node:=commanded_odometry'].
[ERROR] [nominal_cmd_publisher_node.EXE-7]: process has died [pid 10176, exit code 1, cmd 'C:\Users\Andrea\Desktop\HoloObstacleAvoidance\install\lib\rov_obstacle_bringup\nominal_cmd_publisher_node.EXE --ros-args -r __node:=nominal_cmd_publisher --params-file C:\Users\Andrea\Desktop\HoloObstacleAvoidance\install\share\rov_obstacle_bringup\config\demo.yaml --params-file C:\Users\Andrea\AppData\Local\Temp\launch_params_fkikgz6v'].
[actuation_model_node.EXE-4] [INFO] [1786819010.436397700] [actuation_model]: actuation model: level=S3 plant=True latency=0.000 s

[holoocean_bridge_node.EXE-1] [INFO] [1786819010.830895500] [holoocean_bridge]: HoloOcean bridge: will connect to sim server 127.0.0.1:47654. /perception/obstacles_oracle is SIMULATION-ONLY ground truth.

[ERROR] [baseline0_validator_node.EXE-9]: process has died [pid 18968, exit code 1, cmd 'C:\Users\Andrea\Desktop\HoloObstacleAvoidance\install\lib\rov_obstacle_sim_bridge\baseline0_validator_node.EXE --ros-args -r __node:=baseline0_validator --params-file C:\Users\Andrea\AppData\Local\Temp\launch_params_f_kvpz1s'].
