C:\dev\ros2_lyrical\Lib\site-packages\launch\logging\__init__.py:172: UserWarning: Cannot create a symlink to latest log directory: [WinError 1314] Il privilegio richiesto non appartiene al client: 'C:\\Users\\Andrea\\.ros\\log\\2026-08-15-18-59-24-615150-DESKTOP-CNGN003-14484' -> 'C:\\Users\\Andrea\\.ros\\log\\latest'

  warnings.warn(
[INFO] [launch]: All log files can be found below C:\Users\Andrea\.ros\log\2026-08-15-18-59-24-615150-DESKTOP-CNGN003-14484
[INFO] [launch]: Default logging verbosity is set to INFO
[INFO] [holoocean_bridge_node.EXE-1]: process started with pid [10920]
[INFO] [oracle_dropout_relay_node.EXE-2]: process started with pid [1836]
[INFO] [calibrated_observation_relay_node.EXE-3]: process started with pid [13760]
[INFO] [actuation_model_node.EXE-4]: process started with pid [16648]
[INFO] [temporal_estimator_node.EXE-5]: process started with pid [5632]
[INFO] [commanded_odometry_node.EXE-6]: process started with pid [18692]
[INFO] [nominal_cmd_publisher_node.EXE-7]: process started with pid [8656]
[INFO] [local_avoidance_planner_node.EXE-8]: process started with pid [9208]
[INFO] [baseline0_validator_node.EXE-9]: process started with pid [5184]
[ERROR] [holoocean_bridge_node.EXE-1]: process has died [pid 10920, exit code 1, cmd 'C:\Users\Andrea\Desktop\HoloObstacleAvoidance\install\lib\rov_obstacle_sim_bridge\holoocean_bridge_node.EXE --ros-args -r __node:=holoocean_bridge --params-file C:\Users\Andrea\Desktop\HoloObstacleAvoidance\install\share\rov_obstacle_sim_bridge\config\holoocean_bridge.yaml --params-file C:\Users\Andrea\AppData\Local\Temp\launch_params_cx6xnlsd'].
[holoocean_bridge_node.EXE-1] [2m2026-08-15T16:59:26.667025Z[0m [33m WARN[0m ThreadId(13) [2mzenoh::net::runtime::orchestrator[0m[2m:[0m Scouting delay elapsed before start conditions are met.

[holoocean_bridge_node.EXE-1] [INFO] [1786813167.700624100] [holoocean_bridge]: HoloOcean bridge: will connect to sim server 127.0.0.1:47654. /perception/obstacles_oracle is SIMULATION-ONLY ground truth.

[ERROR] [oracle_dropout_relay_node.EXE-2]: process has died [pid 1836, exit code 1, cmd 'C:\Users\Andrea\Desktop\HoloObstacleAvoidance\install\lib\rov_obstacle_sim_bridge\oracle_dropout_relay_node.EXE --ros-args -r __node:=oracle_dropout_relay --params-file C:\Users\Andrea\AppData\Local\Temp\launch_params_c2budcbc'].
[oracle_dropout_relay_node.EXE-2] [2m2026-08-15T16:59:26.635709Z[0m [33m WARN[0m ThreadId(11) [2mzenoh::net::runtime::orchestrator[0m[2m:[0m Scouting delay elapsed before start conditions are met.

[oracle_dropout_relay_node.EXE-2] [INFO] [1786813167.426704400] [oracle_dropout_relay]: oracle relay: dropout_enabled=False (trigger 'AVOIDING*' +3.0s for 2.0s)

[ERROR] [calibrated_observation_relay_node.EXE-3]: process has died [pid 13760, exit code 1, cmd 'C:\Users\Andrea\Desktop\HoloObstacleAvoidance\install\lib\rov_obstacle_sim_bridge\calibrated_observation_relay_node.EXE --ros-args -r __node:=calibrated_observation_relay --params-file C:\Users\Andrea\AppData\Local\Temp\launch_params_fgu73_xq'].
[ERROR] [actuation_model_node.EXE-4]: process has died [pid 16648, exit code 1, cmd 'C:\Users\Andrea\Desktop\HoloObstacleAvoidance\install\lib\rov_obstacle_sim_bridge\actuation_model_node.EXE --ros-args -r __node:=actuation_model --params-file C:\Users\Andrea\AppData\Local\Temp\launch_params_md14d41i'].
[calibrated_observation_relay_node.EXE-3] [INFO] [1786813166.559452400] [calibrated_observation_relay]: calibrated observation relay: level=S1 s1=True s2=False

[actuation_model_node.EXE-4] [INFO] [1786813166.639415300] [actuation_model]: actuation model: level=S1 plant=False latency=0.000 s

[ERROR] [commanded_odometry_node.EXE-6]: process has died [pid 18692, exit code 1, cmd 'C:\Users\Andrea\Desktop\HoloObstacleAvoidance\install\lib\rov_obstacle_sim_bridge\commanded_odometry_node.EXE --ros-args -r __node:=commanded_odometry'].
