C:\dev\ros2_lyrical\Lib\site-packages\launch\logging\__init__.py:172: UserWarning: Cannot create a symlink to latest log directory: [WinError 1314] Il privilegio richiesto non appartiene al client: 'C:\\Users\\Andrea\\.ros\\log\\2026-08-15-19-20-29-704283-DESKTOP-CNGN003-13892' -> 'C:\\Users\\Andrea\\.ros\\log\\latest'

  warnings.warn(
[INFO] [launch]: All log files can be found below C:\Users\Andrea\.ros\log\2026-08-15-19-20-29-704283-DESKTOP-CNGN003-13892
[INFO] [launch]: Default logging verbosity is set to INFO
[INFO] [holoocean_bridge_node.EXE-1]: process started with pid [12388]
[INFO] [oracle_dropout_relay_node.EXE-2]: process started with pid [10528]
[INFO] [calibrated_observation_relay_node.EXE-3]: process started with pid [25596]
[INFO] [actuation_model_node.EXE-4]: process started with pid [12024]
[INFO] [temporal_estimator_node.EXE-5]: process started with pid [20884]
[INFO] [commanded_odometry_node.EXE-6]: process started with pid [15412]
[INFO] [nominal_cmd_publisher_node.EXE-7]: process started with pid [18956]
[INFO] [dwa_planner_node.EXE-8]: process started with pid [21236]
[INFO] [baseline0_validator_node.EXE-9]: process started with pid [24440]
[ERROR] [holoocean_bridge_node.EXE-1]: process has died [pid 12388, exit code 1, cmd 'C:\Users\Andrea\Desktop\HoloObstacleAvoidance\install\lib\rov_obstacle_sim_bridge\holoocean_bridge_node.EXE --ros-args -r __node:=holoocean_bridge --params-file C:\Users\Andrea\Desktop\HoloObstacleAvoidance\install\share\rov_obstacle_sim_bridge\config\holoocean_bridge.yaml --params-file C:\Users\Andrea\AppData\Local\Temp\launch_params_92ylcafb'].
[holoocean_bridge_node.EXE-1] [2m2026-08-15T17:20:31.038587Z[0m [33m WARN[0m ThreadId(15) [2mzenoh::net::runtime::orchestrator[0m[2m:[0m Scouting delay elapsed before start conditions are met.

[holoocean_bridge_node.EXE-1] [INFO] [1786814431.661759000] [holoocean_bridge]: HoloOcean bridge: will connect to sim server 127.0.0.1:47654. /perception/obstacles_oracle is SIMULATION-ONLY ground truth.

[ERROR] [oracle_dropout_relay_node.EXE-2]: process has died [pid 10528, exit code 1, cmd 'C:\Users\Andrea\Desktop\HoloObstacleAvoidance\install\lib\rov_obstacle_sim_bridge\oracle_dropout_relay_node.EXE --ros-args -r __node:=oracle_dropout_relay --params-file C:\Users\Andrea\AppData\Local\Temp\launch_params_niw0fdd9'].
[oracle_dropout_relay_node.EXE-2] [INFO] [1786814431.218763900] [oracle_dropout_relay]: oracle relay: dropout_enabled=False (trigger 'AVOIDING*' +3.0s for 2.0s)

[ERROR] [calibrated_observation_relay_node.EXE-3]: process has died [pid 25596, exit code 1, cmd 'C:\Users\Andrea\Desktop\HoloObstacleAvoidance\install\lib\rov_obstacle_sim_bridge\calibrated_observation_relay_node.EXE --ros-args -r __node:=calibrated_observation_relay --params-file C:\Users\Andrea\AppData\Local\Temp\launch_params_fsezpjmc'].
[calibrated_observation_relay_node.EXE-3] [INFO] [1786814430.782568300] [calibrated_observation_relay]: calibrated observation relay: level=S1 s1=True s2=False

[ERROR] [actuation_model_node.EXE-4]: process has died [pid 12024, exit code 1, cmd 'C:\Users\Andrea\Desktop\HoloObstacleAvoidance\install\lib\rov_obstacle_sim_bridge\actuation_model_node.EXE --ros-args -r __node:=actuation_model --params-file C:\Users\Andrea\AppData\Local\Temp\launch_params_hsytvxix'].
