C:\dev\ros2_lyrical\Lib\site-packages\launch\logging\__init__.py:172: UserWarning: Cannot create a symlink to latest log directory: [WinError 1314] Il privilegio richiesto non appartiene al client: 'C:\\Users\\Andrea\\.ros\\log\\2026-08-16-19-18-59-899972-DESKTOP-CNGN003-27460' -> 'C:\\Users\\Andrea\\.ros\\log\\latest'

  warnings.warn(
[INFO] [launch]: All log files can be found below C:\Users\Andrea\.ros\log\2026-08-16-19-18-59-899972-DESKTOP-CNGN003-27460
[INFO] [launch]: Default logging verbosity is set to INFO
[INFO] [holoocean_bridge_node.EXE-1]: process started with pid [32892]
[INFO] [oracle_dropout_relay_node.EXE-2]: process started with pid [5792]
[INFO] [calibrated_observation_relay_node.EXE-3]: process started with pid [11780]
[INFO] [actuation_model_node.EXE-4]: process started with pid [12308]
[INFO] [temporal_estimator_node.EXE-5]: process started with pid [29156]
[INFO] [commanded_odometry_node.EXE-6]: process started with pid [9456]
[INFO] [nominal_cmd_publisher_node.EXE-7]: process started with pid [7148]
[INFO] [local_avoidance_planner_node.EXE-8]: process started with pid [26000]
[INFO] [baseline0_validator_node.EXE-9]: process started with pid [21140]
[ERROR] [calibrated_observation_relay_node.EXE-3]: process has died [pid 11780, exit code 1, cmd 'C:\Users\Andrea\Desktop\HoloObstacleAvoidance\install\lib\rov_obstacle_sim_bridge\calibrated_observation_relay_node.EXE --ros-args -r __node:=calibrated_observation_relay --params-file C:\Users\Andrea\AppData\Local\Temp\launch_params_n1ya1fw_'].
[ERROR] [holoocean_bridge_node.EXE-1]: process has died [pid 32892, exit code 1, cmd 'C:\Users\Andrea\Desktop\HoloObstacleAvoidance\install\lib\rov_obstacle_sim_bridge\holoocean_bridge_node.EXE --ros-args -r __node:=holoocean_bridge --params-file C:\Users\Andrea\Desktop\HoloObstacleAvoidance\install\share\rov_obstacle_sim_bridge\config\holoocean_bridge.yaml --params-file C:\Users\Andrea\AppData\Local\Temp\launch_params_y911j23d'].
[ERROR] [oracle_dropout_relay_node.EXE-2]: process has died [pid 5792, exit code 1, cmd 'C:\Users\Andrea\Desktop\HoloObstacleAvoidance\install\lib\rov_obstacle_sim_bridge\oracle_dropout_relay_node.EXE --ros-args -r __node:=oracle_dropout_relay --params-file C:\Users\Andrea\AppData\Local\Temp\launch_params_7yopz98e'].
[calibrated_observation_relay_node.EXE-3] [INFO] [1786900742.824261100] [calibrated_observation_relay]: calibrated observation relay: level=S3 s1=True s2=True

[holoocean_bridge_node.EXE-1] [INFO] [1786900743.129114000] [holoocean_bridge]: HoloOcean bridge: will connect to sim server 127.0.0.1:47654. /perception/obstacles_oracle is SIMULATION-ONLY ground truth.

[oracle_dropout_relay_node.EXE-2] [INFO] [1786900742.909073800] [oracle_dropout_relay]: oracle relay: dropout_enabled=False (trigger 'AVOIDING*' +3.0s for 2.0s)

[ERROR] [actuation_model_node.EXE-4]: process has died [pid 12308, exit code 1, cmd 'C:\Users\Andrea\Desktop\HoloObstacleAvoidance\install\lib\rov_obstacle_sim_bridge\actuation_model_node.EXE --ros-args -r __node:=actuation_model --params-file C:\Users\Andrea\AppData\Local\Temp\launch_params_6w6absqj'].
[actuation_model_node.EXE-4] [INFO] [1786900743.111933300] [actuation_model]: actuation model: level=S3 plant=True latency=0.000 s

