C:\dev\ros2_lyrical\Lib\site-packages\launch\logging\__init__.py:172: UserWarning: Cannot create a symlink to latest log directory: [WinError 1314] Il privilegio richiesto non appartiene al client: 'C:\\Users\\Andrea\\.ros\\log\\2026-08-11-16-52-01-633101-DESKTOP-CNGN003-5892' -> 'C:\\Users\\Andrea\\.ros\\log\\latest'

  warnings.warn(
[INFO] [launch]: All log files can be found below C:\Users\Andrea\.ros\log\2026-08-11-16-52-01-633101-DESKTOP-CNGN003-5892
[INFO] [launch]: Default logging verbosity is set to INFO
[INFO] [holoocean_bridge_node.EXE-1]: process started with pid [23100]
[INFO] [oracle_dropout_relay_node.EXE-2]: process started with pid [31748]
[INFO] [temporal_estimator_node.EXE-3]: process started with pid [29000]
[INFO] [commanded_odometry_node.EXE-4]: process started with pid [31728]
[INFO] [nominal_cmd_publisher_node.EXE-5]: process started with pid [33000]
[INFO] [local_avoidance_planner_node.EXE-6]: process started with pid [11724]
[INFO] [baseline0_validator_node.EXE-7]: process started with pid [24640]
[ERROR] [temporal_estimator_node.EXE-3]: process has died [pid 29000, exit code 1, cmd 'C:\Users\Andrea\Desktop\HoloObstacleAvoidance\install\lib\rov_obstacle_tracking\temporal_estimator_node.EXE --ros-args -r __node:=temporal_estimator --params-file C:\Users\Andrea\AppData\Local\Temp\launch_params_84b33xty'].
[ERROR] [holoocean_bridge_node.EXE-1]: process has died [pid 23100, exit code 1, cmd 'C:\Users\Andrea\Desktop\HoloObstacleAvoidance\install\lib\rov_obstacle_sim_bridge\holoocean_bridge_node.EXE --ros-args -r __node:=holoocean_bridge --params-file C:\Users\Andrea\Desktop\HoloObstacleAvoidance\install\share\rov_obstacle_sim_bridge\config\holoocean_bridge.yaml --params-file C:\Users\Andrea\AppData\Local\Temp\launch_params_wtpf3ex1'].
[temporal_estimator_node.EXE-3] [INFO] [1786459923.340659300] [temporal_estimator]: temporal estimator method=t1_hold_ema /perception/obstacles_raw -> /perception/obstacles

[holoocean_bridge_node.EXE-1] [INFO] [1786459923.579250400] [holoocean_bridge]: HoloOcean bridge: will connect to sim server 127.0.0.1:47654. /perception/obstacles_oracle is SIMULATION-ONLY ground truth.

[ERROR] [oracle_dropout_relay_node.EXE-2]: process has died [pid 31748, exit code 1, cmd 'C:\Users\Andrea\Desktop\HoloObstacleAvoidance\install\lib\rov_obstacle_sim_bridge\oracle_dropout_relay_node.EXE --ros-args -r __node:=oracle_dropout_relay --params-file C:\Users\Andrea\AppData\Local\Temp\launch_params_0bfmjo67'].
[oracle_dropout_relay_node.EXE-2] [INFO] [1786459923.362596800] [oracle_dropout_relay]: oracle relay: dropout_enabled=False (trigger 'AVOIDING*' +3.0s for 2.0s)

[ERROR] [commanded_odometry_node.EXE-4]: process has died [pid 31728, exit code 1, cmd 'C:\Users\Andrea\Desktop\HoloObstacleAvoidance\install\lib\rov_obstacle_sim_bridge\commanded_odometry_node.EXE --ros-args -r __node:=commanded_odometry'].
[commanded_odometry_node.EXE-4] [2m2026-08-11T14:52:03.069302Z[0m [33m WARN[0m ThreadId(11) [2mzenoh::net::runtime::orchestrator[0m[2m:[0m Scouting delay elapsed before start conditions are met.

[commanded_odometry_node.EXE-4] [INFO] [1786459923.786692400] [commanded_odometry]: commanded odometry (no-DVL transferable dead reckoning): inputs ['/planner/cmd_vel_safe', '/rov/attitude_measured', '/rov/depth'] -> /rov/odom_estimated

