C:\dev\ros2_lyrical\Lib\site-packages\launch\logging\__init__.py:172: UserWarning: Cannot create a symlink to latest log directory: [WinError 1314] Il privilegio richiesto non appartiene al client: 'C:\\Users\\Andrea\\.ros\\log\\2026-08-11-16-52-35-417038-DESKTOP-CNGN003-15940' -> 'C:\\Users\\Andrea\\.ros\\log\\latest'

  warnings.warn(
[INFO] [launch]: All log files can be found below C:\Users\Andrea\.ros\log\2026-08-11-16-52-35-417038-DESKTOP-CNGN003-15940
[INFO] [launch]: Default logging verbosity is set to INFO
[INFO] [holoocean_bridge_node.EXE-1]: process started with pid [31852]
[INFO] [oracle_dropout_relay_node.EXE-2]: process started with pid [8996]
[INFO] [temporal_estimator_node.EXE-3]: process started with pid [33136]
[INFO] [commanded_odometry_node.EXE-4]: process started with pid [32552]
[INFO] [nominal_cmd_publisher_node.EXE-5]: process started with pid [30836]
[INFO] [local_avoidance_planner_node.EXE-6]: process started with pid [24104]
[INFO] [baseline0_validator_node.EXE-7]: process started with pid [15456]
[ERROR] [holoocean_bridge_node.EXE-1]: process has died [pid 31852, exit code 1, cmd 'C:\Users\Andrea\Desktop\HoloObstacleAvoidance\install\lib\rov_obstacle_sim_bridge\holoocean_bridge_node.EXE --ros-args -r __node:=holoocean_bridge --params-file C:\Users\Andrea\Desktop\HoloObstacleAvoidance\install\share\rov_obstacle_sim_bridge\config\holoocean_bridge.yaml --params-file C:\Users\Andrea\AppData\Local\Temp\launch_params_xhlxwvdz'].
[holoocean_bridge_node.EXE-1] [2m2026-08-11T14:52:36.887579Z[0m [33m WARN[0m ThreadId(12) [2mzenoh::net::runtime::orchestrator[0m[2m:[0m Scouting delay elapsed before start conditions are met.

[holoocean_bridge_node.EXE-1] [INFO] [1786459957.760207000] [holoocean_bridge]: HoloOcean bridge: will connect to sim server 127.0.0.1:47654. /perception/obstacles_oracle is SIMULATION-ONLY ground truth.

[ERROR] [oracle_dropout_relay_node.EXE-2]: process has died [pid 8996, exit code 1, cmd 'C:\Users\Andrea\Desktop\HoloObstacleAvoidance\install\lib\rov_obstacle_sim_bridge\oracle_dropout_relay_node.EXE --ros-args -r __node:=oracle_dropout_relay --params-file C:\Users\Andrea\AppData\Local\Temp\launch_params_fykl6d9b'].
[oracle_dropout_relay_node.EXE-2] [INFO] [1786459957.268354300] [oracle_dropout_relay]: oracle relay: dropout_enabled=False (trigger 'AVOIDING*' +3.0s for 2.0s)

[ERROR] [commanded_odometry_node.EXE-4]: process has died [pid 32552, exit code 1, cmd 'C:\Users\Andrea\Desktop\HoloObstacleAvoidance\install\lib\rov_obstacle_sim_bridge\commanded_odometry_node.EXE --ros-args -r __node:=commanded_odometry'].
[ERROR] [temporal_estimator_node.EXE-3]: process has died [pid 33136, exit code 1, cmd 'C:\Users\Andrea\Desktop\HoloObstacleAvoidance\install\lib\rov_obstacle_tracking\temporal_estimator_node.EXE --ros-args -r __node:=temporal_estimator --params-file C:\Users\Andrea\AppData\Local\Temp\launch_params__he_rwix'].
[commanded_odometry_node.EXE-4] [INFO] [1786459956.989060900] [commanded_odometry]: commanded odometry (no-DVL transferable dead reckoning): inputs ['/planner/cmd_vel_safe', '/rov/attitude_measured', '/rov/depth'] -> /rov/odom_estimated

[temporal_estimator_node.EXE-3] [INFO] [1786459956.757969700] [temporal_estimator]: temporal estimator method=t1_hold_ema /perception/obstacles_raw -> /perception/obstacles

[ERROR] [nominal_cmd_publisher_node.EXE-5]: process has died [pid 30836, exit code 1, cmd 'C:\Users\Andrea\Desktop\HoloObstacleAvoidance\install\lib\rov_obstacle_bringup\nominal_cmd_publisher_node.EXE --ros-args -r __node:=nominal_cmd_publisher --params-file C:\Users\Andrea\Desktop\HoloObstacleAvoidance\install\share\rov_obstacle_bringup\config\demo.yaml'].
[nominal_cmd_publisher_node.EXE-5] [INFO] [1786459956.995836300] [nominal_cmd_publisher]: Nominal command publisher sending /cmd_vel_nominal.

