C:\dev\ros2_lyrical\Lib\site-packages\launch\logging\__init__.py:172: UserWarning: Cannot create a symlink to latest log directory: [WinError 1314] Il privilegio richiesto non appartiene al client: 'C:\\Users\\Andrea\\.ros\\log\\2026-08-15-20-26-42-566472-DESKTOP-CNGN003-21276' -> 'C:\\Users\\Andrea\\.ros\\log\\latest'

  warnings.warn(
[INFO] [launch]: All log files can be found below C:\Users\Andrea\.ros\log\2026-08-15-20-26-42-566472-DESKTOP-CNGN003-21276
[INFO] [launch]: Default logging verbosity is set to INFO
[INFO] [holoocean_bridge_node.EXE-1]: process started with pid [3692]
[INFO] [oracle_dropout_relay_node.EXE-2]: process started with pid [17904]
[INFO] [calibrated_observation_relay_node.EXE-3]: process started with pid [10392]
[INFO] [actuation_model_node.EXE-4]: process started with pid [7316]
[INFO] [temporal_estimator_node.EXE-5]: process started with pid [17556]
[INFO] [commanded_odometry_node.EXE-6]: process started with pid [20056]
[INFO] [nominal_cmd_publisher_node.EXE-7]: process started with pid [17508]
[INFO] [dwa_planner_node.EXE-8]: process started with pid [23712]
[INFO] [baseline0_validator_node.EXE-9]: process started with pid [5664]
[ERROR] [holoocean_bridge_node.EXE-1]: process has died [pid 3692, exit code 1, cmd 'C:\Users\Andrea\Desktop\HoloObstacleAvoidance\install\lib\rov_obstacle_sim_bridge\holoocean_bridge_node.EXE --ros-args -r __node:=holoocean_bridge --params-file C:\Users\Andrea\Desktop\HoloObstacleAvoidance\install\share\rov_obstacle_sim_bridge\config\holoocean_bridge.yaml --params-file C:\Users\Andrea\AppData\Local\Temp\launch_params_182dzlou'].
[holoocean_bridge_node.EXE-1] [INFO] [1786818404.197629900] [holoocean_bridge]: HoloOcean bridge: will connect to sim server 127.0.0.1:47654. /perception/obstacles_oracle is SIMULATION-ONLY ground truth.

[ERROR] [oracle_dropout_relay_node.EXE-2]: process has died [pid 17904, exit code 1, cmd 'C:\Users\Andrea\Desktop\HoloObstacleAvoidance\install\lib\rov_obstacle_sim_bridge\oracle_dropout_relay_node.EXE --ros-args -r __node:=oracle_dropout_relay --params-file C:\Users\Andrea\AppData\Local\Temp\launch_params_r0xyyrcu'].
[ERROR] [calibrated_observation_relay_node.EXE-3]: process has died [pid 10392, exit code 1, cmd 'C:\Users\Andrea\Desktop\HoloObstacleAvoidance\install\lib\rov_obstacle_sim_bridge\calibrated_observation_relay_node.EXE --ros-args -r __node:=calibrated_observation_relay --params-file C:\Users\Andrea\AppData\Local\Temp\launch_params_173sijgf'].
[oracle_dropout_relay_node.EXE-2] [INFO] [1786818404.048958700] [oracle_dropout_relay]: oracle relay: dropout_enabled=False (trigger 'AVOIDING*' +3.0s for 2.0s)

[calibrated_observation_relay_node.EXE-3] [INFO] [1786818404.007257100] [calibrated_observation_relay]: calibrated observation relay: level=S3 s1=True s2=True

[ERROR] [actuation_model_node.EXE-4]: process has died [pid 7316, exit code 1, cmd 'C:\Users\Andrea\Desktop\HoloObstacleAvoidance\install\lib\rov_obstacle_sim_bridge\actuation_model_node.EXE --ros-args -r __node:=actuation_model --params-file C:\Users\Andrea\AppData\Local\Temp\launch_params_x0puj9c5'].
[actuation_model_node.EXE-4] [INFO] [1786818404.001656300] [actuation_model]: actuation model: level=S3 plant=True latency=0.000 s

[ERROR] [commanded_odometry_node.EXE-6]: process has died [pid 20056, exit code 1, cmd 'C:\Users\Andrea\Desktop\HoloObstacleAvoidance\install\lib\rov_obstacle_sim_bridge\commanded_odometry_node.EXE --ros-args -r __node:=commanded_odometry'].
[commanded_odometry_node.EXE-6] [2m2026-08-15T18:26:43.942809Z[0m [33m WARN[0m ThreadId(15) [2mzenoh::net::runtime::orchestrator[0m[2m:[0m Scouting delay elapsed before start conditions are met.

[commanded_odometry_node.EXE-6] [INFO] [1786818404.577141900] [commanded_odometry]: commanded odometry (no-DVL transferable dead reckoning): inputs ['/planner/cmd_vel_safe', '/rov/attitude_measured', '/rov/depth'] -> /rov/odom_estimated

[ERROR] [nominal_cmd_publisher_node.EXE-7]: process has died [pid 17508, exit code 1, cmd 'C:\Users\Andrea\Desktop\HoloObstacleAvoidance\install\lib\rov_obstacle_bringup\nominal_cmd_publisher_node.EXE --ros-args -r __node:=nominal_cmd_publisher --params-file C:\Users\Andrea\Desktop\HoloObstacleAvoidance\install\share\rov_obstacle_bringup\config\demo.yaml --params-file C:\Users\Andrea\AppData\Local\Temp\launch_params_7vxzc7bx'].
[nominal_cmd_publisher_node.EXE-7] [INFO] [1786818404.246667900] [nominal_cmd_publisher]: Nominal command publisher sending /cmd_vel_nominal.

[ERROR] [temporal_estimator_node.EXE-5]: process has died [pid 17556, exit code 1, cmd 'C:\Users\Andrea\Desktop\HoloObstacleAvoidance\install\lib\rov_obstacle_tracking\temporal_estimator_node.EXE --ros-args -r __node:=temporal_estimator --params-file C:\Users\Andrea\AppData\Local\Temp\launch_params_1hz_rqnn'].
[temporal_estimator_node.EXE-5] [INFO] [1786818404.013096700] [temporal_estimator]: temporal estimator method=t2_fixed_kf /perception/obstacles_raw -> /perception/obstacles

