C:\dev\ros2_lyrical\Lib\site-packages\launch\logging\__init__.py:172: UserWarning: Cannot create a symlink to latest log directory: [WinError 1314] Il privilegio richiesto non appartiene al client: 'C:\\Users\\Andrea\\.ros\\log\\2026-08-15-19-05-12-403554-DESKTOP-CNGN003-5288' -> 'C:\\Users\\Andrea\\.ros\\log\\latest'

  warnings.warn(
[INFO] [launch]: All log files can be found below C:\Users\Andrea\.ros\log\2026-08-15-19-05-12-403554-DESKTOP-CNGN003-5288
[INFO] [launch]: Default logging verbosity is set to INFO
[INFO] [holoocean_bridge_node.EXE-1]: process started with pid [17280]
[INFO] [oracle_dropout_relay_node.EXE-2]: process started with pid [14156]
[INFO] [calibrated_observation_relay_node.EXE-3]: process started with pid [2832]
[INFO] [actuation_model_node.EXE-4]: process started with pid [12148]
[INFO] [temporal_estimator_node.EXE-5]: process started with pid [11628]
[INFO] [commanded_odometry_node.EXE-6]: process started with pid [5412]
[INFO] [nominal_cmd_publisher_node.EXE-7]: process started with pid [2244]
[INFO] [dwa_planner_node.EXE-8]: process started with pid [17348]
[INFO] [baseline0_validator_node.EXE-9]: process started with pid [14780]
[ERROR] [oracle_dropout_relay_node.EXE-2]: process has died [pid 14156, exit code 1, cmd 'C:\Users\Andrea\Desktop\HoloObstacleAvoidance\install\lib\rov_obstacle_sim_bridge\oracle_dropout_relay_node.EXE --ros-args -r __node:=oracle_dropout_relay --params-file C:\Users\Andrea\AppData\Local\Temp\launch_params_tpm9by95'].
[oracle_dropout_relay_node.EXE-2] [2m2026-08-15T17:05:14.073596Z[0m [33m WARN[0m ThreadId(15) [2mzenoh::net::runtime::orchestrator[0m[2m:[0m Scouting delay elapsed before start conditions are met.

[oracle_dropout_relay_node.EXE-2] [INFO] [1786813515.299212300] [oracle_dropout_relay]: oracle relay: dropout_enabled=False (trigger 'AVOIDING*' +3.0s for 2.0s)

[ERROR] [holoocean_bridge_node.EXE-1]: process has died [pid 17280, exit code 1, cmd 'C:\Users\Andrea\Desktop\HoloObstacleAvoidance\install\lib\rov_obstacle_sim_bridge\holoocean_bridge_node.EXE --ros-args -r __node:=holoocean_bridge --params-file C:\Users\Andrea\Desktop\HoloObstacleAvoidance\install\share\rov_obstacle_sim_bridge\config\holoocean_bridge.yaml --params-file C:\Users\Andrea\AppData\Local\Temp\launch_params_oi4qraus'].
[holoocean_bridge_node.EXE-1] [2m2026-08-15T17:05:14.088780Z[0m [33m WARN[0m ThreadId(12) [2mzenoh::net::runtime::orchestrator[0m[2m:[0m Scouting delay elapsed before start conditions are met.

[holoocean_bridge_node.EXE-1] [INFO] [1786813515.245436600] [holoocean_bridge]: HoloOcean bridge: will connect to sim server 127.0.0.1:47654. /perception/obstacles_oracle is SIMULATION-ONLY ground truth.

[ERROR] [calibrated_observation_relay_node.EXE-3]: process has died [pid 2832, exit code 1, cmd 'C:\Users\Andrea\Desktop\HoloObstacleAvoidance\install\lib\rov_obstacle_sim_bridge\calibrated_observation_relay_node.EXE --ros-args -r __node:=calibrated_observation_relay --params-file C:\Users\Andrea\AppData\Local\Temp\launch_params_441q5gsq'].
[calibrated_observation_relay_node.EXE-3] [INFO] [1786813514.427149900] [calibrated_observation_relay]: calibrated observation relay: level=S1 s1=True s2=False

[ERROR] [actuation_model_node.EXE-4]: process has died [pid 12148, exit code 1, cmd 'C:\Users\Andrea\Desktop\HoloObstacleAvoidance\install\lib\rov_obstacle_sim_bridge\actuation_model_node.EXE --ros-args -r __node:=actuation_model --params-file C:\Users\Andrea\AppData\Local\Temp\launch_params_ugf5dvh6'].
[actuation_model_node.EXE-4] [INFO] [1786813514.520966700] [actuation_model]: actuation model: level=S1 plant=False latency=0.000 s

[ERROR] [temporal_estimator_node.EXE-5]: process has died [pid 11628, exit code 1, cmd 'C:\Users\Andrea\Desktop\HoloObstacleAvoidance\install\lib\rov_obstacle_tracking\temporal_estimator_node.EXE --ros-args -r __node:=temporal_estimator --params-file C:\Users\Andrea\AppData\Local\Temp\launch_params_usfp10ut'].
[temporal_estimator_node.EXE-5] [INFO] [1786813514.421437900] [temporal_estimator]: temporal estimator method=t2_fixed_kf /perception/obstacles_raw -> /perception/obstacles

[ERROR] [commanded_odometry_node.EXE-6]: process has died [pid 5412, exit code 1, cmd 'C:\Users\Andrea\Desktop\HoloObstacleAvoidance\install\lib\rov_obstacle_sim_bridge\commanded_odometry_node.EXE --ros-args -r __node:=commanded_odometry'].
