C:\dev\ros2_lyrical\Lib\site-packages\launch\logging\__init__.py:172: UserWarning: Cannot create a symlink to latest log directory: [WinError 1314] Il privilegio richiesto non appartiene al client: 'C:\\Users\\Andrea\\.ros\\log\\2026-08-16-20-30-55-485038-DESKTOP-CNGN003-13640' -> 'C:\\Users\\Andrea\\.ros\\log\\latest'

  warnings.warn(
[INFO] [launch]: All log files can be found below C:\Users\Andrea\.ros\log\2026-08-16-20-30-55-485038-DESKTOP-CNGN003-13640
[INFO] [launch]: Default logging verbosity is set to INFO
[INFO] [holoocean_bridge_node.EXE-1]: process started with pid [8208]
[INFO] [oracle_dropout_relay_node.EXE-2]: process started with pid [22900]
[INFO] [calibrated_observation_relay_node.EXE-3]: process started with pid [18616]
[INFO] [actuation_model_node.EXE-4]: process started with pid [26804]
[INFO] [temporal_estimator_node.EXE-5]: process started with pid [17664]
[INFO] [commanded_odometry_node.EXE-6]: process started with pid [20276]
[INFO] [nominal_cmd_publisher_node.EXE-7]: process started with pid [22784]
[INFO] [local_avoidance_planner_node.EXE-8]: process started with pid [23368]
[INFO] [baseline0_validator_node.EXE-9]: process started with pid [31836]
[ERROR] [holoocean_bridge_node.EXE-1]: process has died [pid 8208, exit code 1, cmd 'C:\Users\Andrea\Desktop\HoloObstacleAvoidance\install\lib\rov_obstacle_sim_bridge\holoocean_bridge_node.EXE --ros-args -r __node:=holoocean_bridge --params-file C:\Users\Andrea\Desktop\HoloObstacleAvoidance\install\share\rov_obstacle_sim_bridge\config\holoocean_bridge.yaml --params-file C:\Users\Andrea\AppData\Local\Temp\launch_params_tab1wcc0'].
[holoocean_bridge_node.EXE-1] [2m2026-08-16T18:30:57.762344Z[0m [33m WARN[0m ThreadId(12) [2mzenoh::net::runtime::orchestrator[0m[2m:[0m Scouting delay elapsed before start conditions are met.

[holoocean_bridge_node.EXE-1] [INFO] [1786905059.205735100] [holoocean_bridge]: HoloOcean bridge: will connect to sim server 127.0.0.1:47654. /perception/obstacles_oracle is SIMULATION-ONLY ground truth.

[ERROR] [temporal_estimator_node.EXE-5]: process has died [pid 17664, exit code 1, cmd 'C:\Users\Andrea\Desktop\HoloObstacleAvoidance\install\lib\rov_obstacle_tracking\temporal_estimator_node.EXE --ros-args -r __node:=temporal_estimator --params-file C:\Users\Andrea\AppData\Local\Temp\launch_params_hbzkysrs'].
[ERROR] [actuation_model_node.EXE-4]: process has died [pid 26804, exit code 1, cmd 'C:\Users\Andrea\Desktop\HoloObstacleAvoidance\install\lib\rov_obstacle_sim_bridge\actuation_model_node.EXE --ros-args -r __node:=actuation_model --params-file C:\Users\Andrea\AppData\Local\Temp\launch_params_dqk640is'].
[ERROR] [calibrated_observation_relay_node.EXE-3]: process has died [pid 18616, exit code 1, cmd 'C:\Users\Andrea\Desktop\HoloObstacleAvoidance\install\lib\rov_obstacle_sim_bridge\calibrated_observation_relay_node.EXE --ros-args -r __node:=calibrated_observation_relay --params-file C:\Users\Andrea\AppData\Local\Temp\launch_params_wrauqz18'].
[ERROR] [oracle_dropout_relay_node.EXE-2]: process has died [pid 22900, exit code 1, cmd 'C:\Users\Andrea\Desktop\HoloObstacleAvoidance\install\lib\rov_obstacle_sim_bridge\oracle_dropout_relay_node.EXE --ros-args -r __node:=oracle_dropout_relay --params-file C:\Users\Andrea\AppData\Local\Temp\launch_params_1yb91897'].
[temporal_estimator_node.EXE-5] [INFO] [1786905058.591152800] [temporal_estimator]: temporal estimator method=t2_fixed_kf /perception/obstacles_raw -> /perception/obstacles

[actuation_model_node.EXE-4] [INFO] [1786905058.170896700] [actuation_model]: actuation model: level=S3 plant=True latency=0.000 s

[calibrated_observation_relay_node.EXE-3] [INFO] [1786905057.900172900] [calibrated_observation_relay]: calibrated observation relay: level=S3 s1=True s2=True

[oracle_dropout_relay_node.EXE-2] [INFO] [1786905058.443111100] [oracle_dropout_relay]: oracle relay: dropout_enabled=False (trigger 'AVOIDING*' +3.0s for 2.0s)

[ERROR] [local_avoidance_planner_node.EXE-8]: process has died [pid 23368, exit code 1, cmd 'C:\Users\Andrea\Desktop\HoloObstacleAvoidance\install\lib\rov_obstacle_avoidance\local_avoidance_planner_node.EXE --ros-args -r __node:=local_avoidance_planner --params-file C:\Users\Andrea\Desktop\HoloObstacleAvoidance\install\share\rov_obstacle_avoidance\config\local_avoidance_planner.yaml --params-file C:\Users\Andrea\AppData\Local\Temp\launch_params_pbub2m6m'].
[ERROR] [nominal_cmd_publisher_node.EXE-7]: process has died [pid 22784, exit code 1, cmd 'C:\Users\Andrea\Desktop\HoloObstacleAvoidance\install\lib\rov_obstacle_bringup\nominal_cmd_publisher_node.EXE --ros-args -r __node:=nominal_cmd_publisher --params-file C:\Users\Andrea\Desktop\HoloObstacleAvoidance\install\share\rov_obstacle_bringup\config\demo.yaml --params-file C:\Users\Andrea\AppData\Local\Temp\launch_params_2xwpix75'].
[ERROR] [commanded_odometry_node.EXE-6]: process has died [pid 20276, exit code 1, cmd 'C:\Users\Andrea\Desktop\HoloObstacleAvoidance\install\lib\rov_obstacle_sim_bridge\commanded_odometry_node.EXE --ros-args -r __node:=commanded_odometry'].
[local_avoidance_planner_node.EXE-8] [INFO] [1786905059.274857800] [local_avoidance_planner]: Local avoidance planner publishing /planner/cmd_vel_safe.

[nominal_cmd_publisher_node.EXE-7] [INFO] [1786905059.028957200] [nominal_cmd_publisher]: Nominal command publisher sending /cmd_vel_nominal.

[commanded_odometry_node.EXE-6] [INFO] [1786905058.782534300] [commanded_odometry]: commanded odometry (no-DVL transferable dead reckoning): inputs ['/planner/cmd_vel_safe', '/rov/attitude_measured', '/rov/depth'] -> /rov/odom_estimated

