C:\dev\ros2_lyrical\Lib\site-packages\launch\logging\__init__.py:172: UserWarning: Cannot create a symlink to latest log directory: [WinError 1314] Il privilegio richiesto non appartiene al client: 'C:\\Users\\Andrea\\.ros\\log\\2026-08-15-18-22-29-523005-DESKTOP-CNGN003-21924' -> 'C:\\Users\\Andrea\\.ros\\log\\latest'

  warnings.warn(
[INFO] [launch]: All log files can be found below C:\Users\Andrea\.ros\log\2026-08-15-18-22-29-523005-DESKTOP-CNGN003-21924
[INFO] [launch]: Default logging verbosity is set to INFO
[INFO] [holoocean_bridge_node.EXE-1]: process started with pid [15656]
[INFO] [oracle_dropout_relay_node.EXE-2]: process started with pid [20220]
[INFO] [calibrated_observation_relay_node.EXE-3]: process started with pid [13288]
[INFO] [actuation_model_node.EXE-4]: process started with pid [18884]
[INFO] [temporal_estimator_node.EXE-5]: process started with pid [7184]
[INFO] [commanded_odometry_node.EXE-6]: process started with pid [21352]
[INFO] [nominal_cmd_publisher_node.EXE-7]: process started with pid [4872]
[INFO] [dwa_planner_node.EXE-8]: process started with pid [13468]
[INFO] [baseline0_validator_node.EXE-9]: process started with pid [14492]
[ERROR] [temporal_estimator_node.EXE-5]: process has died [pid 7184, exit code 1, cmd 'C:\Users\Andrea\Desktop\HoloObstacleAvoidance\install\lib\rov_obstacle_tracking\temporal_estimator_node.EXE --ros-args -r __node:=temporal_estimator --params-file C:\Users\Andrea\AppData\Local\Temp\launch_params_g251bbzb'].
[temporal_estimator_node.EXE-5] [2m2026-08-15T16:22:31.647721Z[0m [33m WARN[0m ThreadId(11) [2mzenoh::net::runtime::orchestrator[0m[2m:[0m Scouting delay elapsed before start conditions are met.

[temporal_estimator_node.EXE-5] [INFO] [1786810952.517302800] [temporal_estimator]: temporal estimator method=t2_fixed_kf /perception/obstacles_raw -> /perception/obstacles

[ERROR] [actuation_model_node.EXE-4]: process has died [pid 18884, exit code 1, cmd 'C:\Users\Andrea\Desktop\HoloObstacleAvoidance\install\lib\rov_obstacle_sim_bridge\actuation_model_node.EXE --ros-args -r __node:=actuation_model --params-file C:\Users\Andrea\AppData\Local\Temp\launch_params_lkzydd45'].
[actuation_model_node.EXE-4] [INFO] [1786810951.568373200] [actuation_model]: actuation model: level=S0 plant=False latency=0.000 s

[ERROR] [holoocean_bridge_node.EXE-1]: process has died [pid 15656, exit code 1, cmd 'C:\Users\Andrea\Desktop\HoloObstacleAvoidance\install\lib\rov_obstacle_sim_bridge\holoocean_bridge_node.EXE --ros-args -r __node:=holoocean_bridge --params-file C:\Users\Andrea\Desktop\HoloObstacleAvoidance\install\share\rov_obstacle_sim_bridge\config\holoocean_bridge.yaml --params-file C:\Users\Andrea\AppData\Local\Temp\launch_params_in1ecaf0'].
[ERROR] [oracle_dropout_relay_node.EXE-2]: process has died [pid 20220, exit code 1, cmd 'C:\Users\Andrea\Desktop\HoloObstacleAvoidance\install\lib\rov_obstacle_sim_bridge\oracle_dropout_relay_node.EXE --ros-args -r __node:=oracle_dropout_relay --params-file C:\Users\Andrea\AppData\Local\Temp\launch_params_rxksfyky'].
[holoocean_bridge_node.EXE-1] [2m2026-08-15T16:22:31.726952Z[0m [33m WARN[0m ThreadId(12) [2mzenoh::net::runtime::orchestrator[0m[2m:[0m Scouting delay elapsed before start conditions are met.

[holoocean_bridge_node.EXE-1] [INFO] [1786810952.615315100] [holoocean_bridge]: HoloOcean bridge: will connect to sim server 127.0.0.1:47654. /perception/obstacles_oracle is SIMULATION-ONLY ground truth.

[oracle_dropout_relay_node.EXE-2] [INFO] [1786810952.096210200] [oracle_dropout_relay]: oracle relay: dropout_enabled=False (trigger 'AVOIDING*' +3.0s for 2.0s)

[ERROR] [calibrated_observation_relay_node.EXE-3]: process has died [pid 13288, exit code 1, cmd 'C:\Users\Andrea\Desktop\HoloObstacleAvoidance\install\lib\rov_obstacle_sim_bridge\calibrated_observation_relay_node.EXE --ros-args -r __node:=calibrated_observation_relay --params-file C:\Users\Andrea\AppData\Local\Temp\launch_params_7moasxs5'].
[calibrated_observation_relay_node.EXE-3] [INFO] [1786810951.756963200] [calibrated_observation_relay]: calibrated observation relay: level=S0 s1=False s2=False

[ERROR] [commanded_odometry_node.EXE-6]: process has died [pid 21352, exit code 1, cmd 'C:\Users\Andrea\Desktop\HoloObstacleAvoidance\install\lib\rov_obstacle_sim_bridge\commanded_odometry_node.EXE --ros-args -r __node:=commanded_odometry'].
[commanded_odometry_node.EXE-6] [2m2026-08-15T16:22:31.664013Z[0m [33m WARN[0m ThreadId(13) [2mzenoh::net::runtime::orchestrator[0m[2m:[0m Scouting delay elapsed before start conditions are met.

[commanded_odometry_node.EXE-6] [INFO] [1786810952.815252500] [commanded_odometry]: commanded odometry (no-DVL transferable dead reckoning): inputs ['/planner/cmd_vel_safe', '/rov/attitude_measured', '/rov/depth'] -> /rov/odom_estimated

[ERROR] [nominal_cmd_publisher_node.EXE-7]: process has died [pid 4872, exit code 1, cmd 'C:\Users\Andrea\Desktop\HoloObstacleAvoidance\install\lib\rov_obstacle_bringup\nominal_cmd_publisher_node.EXE --ros-args -r __node:=nominal_cmd_publisher --params-file C:\Users\Andrea\Desktop\HoloObstacleAvoidance\install\share\rov_obstacle_bringup\config\demo.yaml --params-file C:\Users\Andrea\AppData\Local\Temp\launch_params_vh0u552i'].
