C:\dev\ros2_lyrical\Lib\site-packages\launch\logging\__init__.py:172: UserWarning: Cannot create a symlink to latest log directory: [WinError 1314] Il privilegio richiesto non appartiene al client: 'C:\\Users\\Andrea\\.ros\\log\\2026-08-16-22-03-24-007406-DESKTOP-CNGN003-11028' -> 'C:\\Users\\Andrea\\.ros\\log\\latest'

  warnings.warn(
[INFO] [launch]: All log files can be found below C:\Users\Andrea\.ros\log\2026-08-16-22-03-24-007406-DESKTOP-CNGN003-11028
[INFO] [launch]: Default logging verbosity is set to INFO
[INFO] [holoocean_bridge_node.EXE-1]: process started with pid [24168]
[INFO] [oracle_dropout_relay_node.EXE-2]: process started with pid [19684]
[INFO] [calibrated_observation_relay_node.EXE-3]: process started with pid [33704]
[INFO] [actuation_model_node.EXE-4]: process started with pid [25292]
[INFO] [temporal_estimator_node.EXE-5]: process started with pid [28504]
[INFO] [commanded_odometry_node.EXE-6]: process started with pid [10836]
[INFO] [nominal_cmd_publisher_node.EXE-7]: process started with pid [26752]
[INFO] [local_avoidance_planner_node.EXE-8]: process started with pid [31604]
[INFO] [baseline0_validator_node.EXE-9]: process started with pid [24440]
[ERROR] [holoocean_bridge_node.EXE-1]: process has died [pid 24168, exit code 1, cmd 'C:\Users\Andrea\Desktop\HoloObstacleAvoidance\install\lib\rov_obstacle_sim_bridge\holoocean_bridge_node.EXE --ros-args -r __node:=holoocean_bridge --params-file C:\Users\Andrea\Desktop\HoloObstacleAvoidance\install\share\rov_obstacle_sim_bridge\config\holoocean_bridge.yaml --params-file C:\Users\Andrea\AppData\Local\Temp\launch_params_5wau5yeq'].
[holoocean_bridge_node.EXE-1] [2m2026-08-16T20:03:26.288107Z[0m [33m WARN[0m ThreadId(13) [2mzenoh::net::runtime::orchestrator[0m[2m:[0m Scouting delay elapsed before start conditions are met.

[holoocean_bridge_node.EXE-1] [INFO] [1786910608.071341500] [holoocean_bridge]: HoloOcean bridge: will connect to sim server 127.0.0.1:47654. /perception/obstacles_oracle is SIMULATION-ONLY ground truth.

[ERROR] [oracle_dropout_relay_node.EXE-2]: process has died [pid 19684, exit code 1, cmd 'C:\Users\Andrea\Desktop\HoloObstacleAvoidance\install\lib\rov_obstacle_sim_bridge\oracle_dropout_relay_node.EXE --ros-args -r __node:=oracle_dropout_relay --params-file C:\Users\Andrea\AppData\Local\Temp\launch_params_kzvj7s07'].
[oracle_dropout_relay_node.EXE-2] [INFO] [1786910608.028363300] [oracle_dropout_relay]: oracle relay: dropout_enabled=False (trigger 'AVOIDING*' +3.0s for 2.0s)

[ERROR] [calibrated_observation_relay_node.EXE-3]: process has died [pid 33704, exit code 1, cmd 'C:\Users\Andrea\Desktop\HoloObstacleAvoidance\install\lib\rov_obstacle_sim_bridge\calibrated_observation_relay_node.EXE --ros-args -r __node:=calibrated_observation_relay --params-file C:\Users\Andrea\AppData\Local\Temp\launch_params_azmqnrg3'].
[calibrated_observation_relay_node.EXE-3] [2m2026-08-16T20:03:26.371846Z[0m [33m WARN[0m ThreadId(09) [2mzenoh::net::runtime::orchestrator[0m[2m:[0m Scouting delay elapsed before start conditions are met.

[calibrated_observation_relay_node.EXE-3] [INFO] [1786910608.023955300] [calibrated_observation_relay]: calibrated observation relay: level=S3 s1=True s2=True

[ERROR] [nominal_cmd_publisher_node.EXE-7]: process has died [pid 26752, exit code 1, cmd 'C:\Users\Andrea\Desktop\HoloObstacleAvoidance\install\lib\rov_obstacle_bringup\nominal_cmd_publisher_node.EXE --ros-args -r __node:=nominal_cmd_publisher --params-file C:\Users\Andrea\Desktop\HoloObstacleAvoidance\install\share\rov_obstacle_bringup\config\demo.yaml --params-file C:\Users\Andrea\AppData\Local\Temp\launch_params_9n19mbl3'].
[ERROR] [temporal_estimator_node.EXE-5]: process has died [pid 28504, exit code 1, cmd 'C:\Users\Andrea\Desktop\HoloObstacleAvoidance\install\lib\rov_obstacle_tracking\temporal_estimator_node.EXE --ros-args -r __node:=temporal_estimator --params-file C:\Users\Andrea\AppData\Local\Temp\launch_params_ihz79dxt'].
[nominal_cmd_publisher_node.EXE-7] [INFO] [1786910606.967693900] [nominal_cmd_publisher]: Nominal command publisher sending /cmd_vel_nominal.

[temporal_estimator_node.EXE-5] [INFO] [1786910607.544578300] [temporal_estimator]: temporal estimator method=t2_fixed_kf /perception/obstacles_raw -> /perception/obstacles

[ERROR] [commanded_odometry_node.EXE-6]: process has died [pid 10836, exit code 1, cmd 'C:\Users\Andrea\Desktop\HoloObstacleAvoidance\install\lib\rov_obstacle_sim_bridge\commanded_odometry_node.EXE --ros-args -r __node:=commanded_odometry'].
[ERROR] [actuation_model_node.EXE-4]: process has died [pid 25292, exit code 1, cmd 'C:\Users\Andrea\Desktop\HoloObstacleAvoidance\install\lib\rov_obstacle_sim_bridge\actuation_model_node.EXE --ros-args -r __node:=actuation_model --params-file C:\Users\Andrea\AppData\Local\Temp\launch_params_wgv8aw4z'].
[commanded_odometry_node.EXE-6] [2m2026-08-16T20:03:26.319224Z[0m [33m WARN[0m ThreadId(11) [2mzenoh::net::runtime::orchestrator[0m[2m:[0m Scouting delay elapsed before start conditions are met.

[commanded_odometry_node.EXE-6] [INFO] [1786910607.757753600] [commanded_odometry]: commanded odometry (no-DVL transferable dead reckoning): inputs ['/planner/cmd_vel_safe', '/rov/attitude_measured', '/rov/depth'] -> /rov/odom_estimated

[actuation_model_node.EXE-4] [INFO] [1786910607.025767800] [actuation_model]: actuation model: level=S3 plant=True latency=0.000 s

